acom -reorder $DSN/src/JK_FF.vhd
# Compile with File Reorder...
# File: D:\designshdl\CLV_2008\JK_FF\src\JK_FF.vhd
# Compile Entity "JK_FF"
# Error: COMP96_0015: JK_FF.vhd : (5, 11): ':' expected.
# Error: COMP96_0015: JK_FF.vhd : (5, 15): ')' expected.
# Error: COMP96_0015: JK_FF.vhd : (5, 15): ';' expected.
# Error: COMP96_0019: JK_FF.vhd : (5, 16): Keyword "end" expected.
# Error: COMP96_0111: JK_FF.vhd : (5, 16): Labels do not match.
# Error: COMP96_0015: JK_FF.vhd : (5, 21): ';' expected.
# Error: COMP96_0016: JK_FF.vhd : (5, 23): Design unit declaration expected.
# Compile Architecture "arh" of Entity "JK_FF"
# Error: COMP96_0056: JK_FF.vhd : (9, 1): Cannot find referenced entity declaration "JK_FF".
# Compile failure 8 Errors 0 Warnings  Analysis time :  0.0 [s]
acom -reorder $DSN/src/JK_FF.vhd
# Compile with File Reorder...
# File: D:\designshdl\CLV_2008\JK_FF\src\JK_FF.vhd
# Compile Entity "JK_FF"
# Compile Architecture "arh" of Entity "JK_FF"
# Error: ELAB1_0008: JK_FF.vhd : (34, 13): Cannot read output : "q".
# Error: ELAB1_0008: JK_FF.vhd : (34, 25): Cannot read output : "nq".
# Top-Level unit detected
# Entity  =>   JK_FF
# Compile failure 2 Errors 0 Warnings  Analysis time :  0.1 [s]
acom $DSN/src/JK_FF.vhd
# Compile...
# File: D:\designshdl\CLV_2008\JK_FF\src\JK_FF.vhd
# Compile Entity "JK_FF"
# Entity `JK_FF' has been skipped - no difference detected.
# Compile Architecture "arh" of Entity "JK_FF"
# Compile success 0 Errors 0 Warnings  Analysis time :  0.1 [s]
# ELBREAD: Elaboration process.
# ELBREAD: Elaboration time 0.0 [s].
asim -advdataflow  jk_ff arh
# ELBREAD: Elaboration process.
# ELBREAD: Elaboration time 0.0 [s].
# asim: Stack memory: 32MB
# asim: Retval memory: 32MB
# KERNEL: Main thread initiated.
# KERNEL: Kernel process initialization phase.
# KERNEL: Time resolution set to 1ps.
# ELAB2: Elaboration final pass...
# ELAB2: Create instances ...
# ELAB2: Create instances complete.
# ELAB2: Elaboration final pass complete - time: 0.3 [s].
# KERNEL: Kernel process initialization done.
# Allocation: Simulator allocated 2419 kB (elbread=1070 elab2=300 kernel=1049 sdf=0)
# 8:02 PM, Saturday, May 20, 2017
# Simulation has been initialized
# Selected Top-Level: jk_ff (arh)
run 100 ns
# KERNEL: stopped at time: 100 ns
run 100 ns
# KERNEL: stopped at time: 200 ns
run 100 ns
# KERNEL: stopped at time: 300 ns
run 100 ns
# KERNEL: stopped at time: 400 ns
run 100 ns
# KERNEL: stopped at time: 500 ns
run 100 ns
# KERNEL: stopped at time: 600 ns
run 100 ns
# KERNEL: stopped at time: 700 ns
run 100 ns
# KERNEL: stopped at time: 800 ns
run 100 ns
# KERNEL: stopped at time: 900 ns
run 100 ns
# KERNEL: stopped at time: 1 us
run 100 ns
# KERNEL: stopped at time: 1100 ns
run 100 ns
# KERNEL: stopped at time: 1200 ns
run 100 ns
# KERNEL: stopped at time: 1300 ns
run 100 ns
# KERNEL: stopped at time: 1400 ns
run 100 ns
# KERNEL: stopped at time: 1500 ns
run 100 ns
# KERNEL: stopped at time: 1600 ns
run 100 ns
# KERNEL: stopped at time: 1700 ns
run 100 ns
# KERNEL: stopped at time: 1800 ns
run 100 ns
# KERNEL: stopped at time: 1900 ns
run 100 ns
# KERNEL: stopped at time: 2 us
run 100 ns
# KERNEL: stopped at time: 2100 ns
run 100 ns
# KERNEL: stopped at time: 2200 ns
run 100 ns
# KERNEL: stopped at time: 2300 ns
run 100 ns
# KERNEL: stopped at time: 2400 ns
run 100 ns
# KERNEL: stopped at time: 2500 ns
run 100 ns
# KERNEL: stopped at time: 2600 ns
run 100 ns
# KERNEL: stopped at time: 2700 ns
run 100 ns
# KERNEL: stopped at time: 2800 ns
run 100 ns
# KERNEL: stopped at time: 2900 ns
run 100 ns
# KERNEL: stopped at time: 3 us
run 100 ns
# KERNEL: stopped at time: 3100 ns
run 100 ns
# KERNEL: stopped at time: 3200 ns
run 100 ns
# KERNEL: stopped at time: 3300 ns
run 100 ns
# KERNEL: stopped at time: 3400 ns
run 100 ns
# KERNEL: stopped at time: 3500 ns
run 100 ns
# KERNEL: stopped at time: 3600 ns
run 100 ns
# KERNEL: stopped at time: 3700 ns
run 100 ns
# KERNEL: stopped at time: 3800 ns
run 100 ns
# KERNEL: stopped at time: 3900 ns
run 100 ns
# KERNEL: stopped at time: 4 us
run 100 ns
# KERNEL: stopped at time: 4100 ns
run 100 ns
# KERNEL: stopped at time: 4200 ns
run 100 ns
# KERNEL: stopped at time: 4300 ns
run 100 ns
# KERNEL: stopped at time: 4400 ns
run 100 ns
# KERNEL: stopped at time: 4500 ns
run 100 ns
# KERNEL: stopped at time: 4600 ns
run 100 ns
# KERNEL: stopped at time: 4700 ns
run 100 ns
# KERNEL: stopped at time: 4800 ns
run 100 ns
# KERNEL: stopped at time: 4900 ns
run 100 ns
# KERNEL: stopped at time: 5 us
run 100 ns
# KERNEL: stopped at time: 5100 ns
run 100 ns
# KERNEL: stopped at time: 5200 ns
run 100 ns
# KERNEL: stopped at time: 5300 ns
run 100 ns
# KERNEL: stopped at time: 5400 ns
run 100 ns
# KERNEL: stopped at time: 5500 ns
run 100 ns
# KERNEL: stopped at time: 5600 ns
run 100 ns
# KERNEL: stopped at time: 5700 ns
run 100 ns
# KERNEL: stopped at time: 5800 ns
run 100 ns
# KERNEL: stopped at time: 5900 ns
run 100 ns
# KERNEL: stopped at time: 6 us
run 100 ns
# KERNEL: stopped at time: 6100 ns
run 100 ns
# KERNEL: stopped at time: 6200 ns
run 100 ns
# KERNEL: stopped at time: 6300 ns
run 100 ns
# KERNEL: stopped at time: 6400 ns
run 100 ns
# KERNEL: stopped at time: 6500 ns
run 100 ns
# KERNEL: stopped at time: 6600 ns
run 100 ns
# KERNEL: stopped at time: 6700 ns
run 100 ns
# KERNEL: stopped at time: 6800 ns
run 100 ns
# KERNEL: stopped at time: 6900 ns
run 100 ns
# KERNEL: stopped at time: 7 us
run 100 ns
# Simulation has been stopped
acom $DSN/src/JK_FF.vhd
# Compile...
# File: D:\designshdl\CLV_2008\JK_FF\src\JK_FF.vhd
# Compile Entity "JK_FF"
# Entity `JK_FF' has been skipped - no difference detected.
# Compile Architecture "arh" of Entity "JK_FF"
# Compile success 0 Errors 0 Warnings  Analysis time :  0.1 [s]
asim -advdataflow  jk_ff arh
# ELBREAD: Elaboration process.
# ELBREAD: Elaboration time 0.0 [s].
# asim: Stack memory: 32MB
# asim: Retval memory: 32MB
# KERNEL: Main thread initiated.
# KERNEL: Kernel process initialization phase.
# KERNEL: Time resolution set to 1ps.
# ELAB2: Elaboration final pass...
# ELAB2: Create instances ...
# ELAB2: Create instances complete.
# ELAB2: Elaboration final pass complete - time: 0.3 [s].
# KERNEL: Kernel process initialization done.
# Allocation: Simulator allocated 2419 kB (elbread=1070 elab2=300 kernel=1049 sdf=0)
# 8:08 PM, Saturday, May 20, 2017
# Simulation has been initialized
# Selected Top-Level: jk_ff (arh)
run 100 ns
# KERNEL: stopped at time: 100 ns
run 100 ns
# KERNEL: stopped at time: 200 ns
run 100 ns
# KERNEL: stopped at time: 300 ns
run 100 ns
# KERNEL: stopped at time: 400 ns
run 100 ns
# KERNEL: stopped at time: 500 ns
run 100 ns
# KERNEL: stopped at time: 600 ns
run 100 ns
# KERNEL: stopped at time: 700 ns
run 100 ns
# KERNEL: stopped at time: 800 ns
run 100 ns
# KERNEL: stopped at time: 900 ns
run 100 ns
# KERNEL: stopped at time: 1 us
run 100 ns
# KERNEL: stopped at time: 1100 ns
run 100 ns
# KERNEL: stopped at time: 1200 ns
run 100 ns
# KERNEL: stopped at time: 1300 ns
run 100 ns
# KERNEL: stopped at time: 1400 ns
run 100 ns
# KERNEL: stopped at time: 1500 ns
run 100 ns
# KERNEL: stopped at time: 1600 ns
run 100 ns
# KERNEL: stopped at time: 1700 ns
run 100 ns
# KERNEL: stopped at time: 1800 ns
run 100 ns
# KERNEL: stopped at time: 1900 ns
run 100 ns
# KERNEL: stopped at time: 2 us
run 100 ns
# KERNEL: stopped at time: 2100 ns
run 100 ns
# KERNEL: stopped at time: 2200 ns
run 100 ns
# KERNEL: stopped at time: 2300 ns
run 100 ns
# KERNEL: stopped at time: 2400 ns
run 100 ns
# KERNEL: stopped at time: 2500 ns
# Simulation has been stopped
# Design: Design "T_FF" has been set as active.
