Release 8.2i Map I.31
Xilinx Mapping Report File for Design 'top_level'

Design Information
------------------
Command Line   : C:\Xilinx\bin\nt\map.exe -ise C:/Xilinx/asdsadas/1.ise
-intstyle ise -p xc3s250e-tq144-4 -cm area -pr b -k 4 -c 100 -o
top_level_map.ncd top_level.ngd top_level.pcf 
Target Device  : xc3s250e
Target Package : tq144
Target Speed   : -4
Mapper Version : spartan3e -- $Revision: 1.34.32.1 $
Mapped Date    : Fri May 23 04:52:34 2014

Design Summary
--------------
Number of errors:      0
Number of warnings:    4
Logic Utilization:
  Total Number Slice Registers:       118 out of   4,896    2%
    Number used as Flip Flops:                   104
    Number used as Latches:                       14
  Number of 4 input LUTs:             167 out of   4,896    3%
Logic Distribution:
  Number of occupied Slices:                          139 out of   2,448    5%
    Number of Slices containing only related logic:     139 out of     139  100%
    Number of Slices containing unrelated logic:          0 out of     139    0%
      *See NOTES below for an explanation of the effects of unrelated logic
Total Number 4 input LUTs:            245 out of   4,896    5%
  Number used as logic:                167
  Number used as a route-thru:          68
  Number used as 16x1 RAMs:             10
  Number of bonded IOBs:               28 out of     108   25%
    IOB Latches:                        1
  Number of GCLKs:                     6 out of      24   25%
  Number of MULT18X18SIOs:              1 out of      12    8%

Total equivalent gate count for design:  3,704
Additional JTAG gate count for IOBs:  1,344
Peak Memory Usage:  155 MB

NOTES:

   Related logic is defined as being logic that shares connectivity - e.g. two
   LUTs are "related" if they share common inputs.  When assembling slices,
   Map gives priority to combine logic that is related.  Doing so results in
   the best timing performance.

   Unrelated logic shares no connectivity.  Map will only begin packing
   unrelated logic into a slice once 99% of the slices are occupied through
   related logic packing.

   Note that once logic distribution reaches the 99% level through related
   logic packing, this does not mean the device is completely utilized.
   Unrelated logic packing will then begin, continuing until all usable LUTs
   and FFs are occupied.  Depending on your timing budget, increased levels of
   unrelated logic packing may adversely affect the overall timing performance
   of your design.

Table of Contents
-----------------
Section 1 - Errors
Section 2 - Warnings
Section 3 - Informational
Section 4 - Removed Logic Summary
Section 5 - Removed Logic
Section 6 - IOB Properties
Section 7 - RPMs
Section 8 - Guide Report
Section 9 - Area Group and Partition Summary
Section 10 - Modular Design Summary
Section 11 - Timing Report
Section 12 - Configuration String Information

Section 1 - Errors
------------------

Section 2 - Warnings
--------------------
WARNING:LIT:176 - Clock buffer is designated to drive clock loads. BUFGMUX
   symbol "physical_group_afis_errPin/clkdiv<10>/afis_errPin/clkdiv_10_BUFG"
   (output signal=afis_errPin/clkdiv<10>) has a mix of clock and non-clock
   loads. The non-clock loads are:
   Pin LI of afis_errPin/Mcount_clkdiv_xor<10>
WARNING:LIT:175 - Clock buffer is designated to drive clock loads. BUFGMUX
   symbol "physical_group_confirmare_BUFGP/confirmare_BUFGP/BUFG" (output
   signal=confirmare_BUFGP) has a mix of clock and non-clock loads. Some of the
   non-clock loads are (maximum of 5 listed):
   Pin I1 of chit_led1
   Pin I0 of _mux0042<1>1
   Pin I1 of ram/we_inv1
   Pin I1 of scriere1
   Pin I1 of anod<0>21
WARNING:PhysDesignRules:372 - Gated clock. Clock net ok_pin_OBUF is sourced by a
   combinatorial pin. This is not good design practice. Use the CE pin to
   control the loading of data into the flip-flop.
WARNING:PhysDesignRules:372 - Gated clock. Clock net clkdiv is sourced by a
   combinatorial pin. This is not good design practice. Use the CE pin to
   control the loading of data into the flip-flop.

Section 3 - Informational
-------------------------
INFO:MapLib:562 - No environment variables are currently set.
INFO:MapLib:535 - The following Virtex BUFG(s) is/are being retargetted to
   Virtex2 BUFGMUX(s) with input tied to I0 and Select pin tied to constant 0:
   BUFG symbol "afis_errPin/clkdiv_10_BUFG" (output
   signal=afis_errPin/clkdiv<10>),
   BUFGP symbol "clock_BUFGP" (output signal=clock_BUFGP),
   BUFGP symbol "confirmare_BUFGP" (output signal=confirmare_BUFGP),
   BUFGP symbol "suma_mii_BUFGP" (output signal=suma_mii_BUFGP),
   BUFGP symbol "suma_sute_BUFGP" (output signal=suma_sute_BUFGP),
   BUFGP symbol "suma_zeci_BUFGP" (output signal=suma_zeci_BUFGP)
INFO:MapLib:355 - SelectRam RAM16X1S symbol "inst_Mram_mem10" (output
   signal=ram/_varindex0000<0>) INITSTATE is changed from 007F to 7f7f because
   pin A3  is/are driven by GND. Signals driving A3  are inverted to relieve
   routing congestion.
INFO:MapLib:355 - SelectRam RAM16X1S symbol "inst_Mram_mem11" (output
   signal=ram/_varindex0000<1>) INITSTATE is changed from 0037 to 3737 because
   pin A3  is/are driven by GND. Signals driving A3  are inverted to relieve
   routing congestion.
INFO:MapLib:355 - SelectRam RAM16X1S symbol "inst_Mram_mem21" (output
   signal=ram/_varindex0000<2>) INITSTATE is changed from 007E to 7e7e because
   pin A3  is/are driven by GND. Signals driving A3  are inverted to relieve
   routing congestion.
INFO:MapLib:355 - SelectRam RAM16X1S symbol "inst_Mram_mem31" (output
   signal=ram/_varindex0000<3>) INITSTATE is changed from 0036 to 3636 because
   pin A3  is/are driven by GND. Signals driving A3  are inverted to relieve
   routing congestion.
INFO:MapLib:355 - SelectRam RAM16X1S symbol "inst_Mram_mem41" (output
   signal=ram/_varindex0000<4>) INITSTATE is changed from 00FD to fdfd because
   pin A3  is/are driven by GND. Signals driving A3  are inverted to relieve
   routing congestion.
INFO:MapLib:355 - SelectRam RAM16X1S symbol "inst_Mram_mem51" (output
   signal=ram/_varindex0000<5>) INITSTATE is changed from 0084 to 8484 because
   pin A3  is/are driven by GND. Signals driving A3  are inverted to relieve
   routing congestion.
INFO:MapLib:355 - SelectRam RAM16X1S symbol "inst_Mram_mem61" (output
   signal=ram/_varindex0000<6>) INITSTATE is changed from 00C9 to c9c9 because
   pin A3  is/are driven by GND. Signals driving A3  are inverted to relieve
   routing congestion.
INFO:MapLib:355 - SelectRam RAM16X1S symbol "inst_Mram_mem71" (output
   signal=ram/_varindex0000<7>) INITSTATE is changed from 000C to 0c0c because
   pin A3  is/are driven by GND. Signals driving A3  are inverted to relieve
   routing congestion.
INFO:MapLib:355 - SelectRam RAM16X1S symbol "inst_Mram_mem81" (output
   signal=ram/_varindex0000<8>) INITSTATE is changed from 005B to 5b5b because
   pin A3  is/are driven by GND. Signals driving A3  are inverted to relieve
   routing congestion.
INFO:MapLib:355 - SelectRam RAM16X1S symbol "inst_Mram_mem91" (output
   signal=ram/_varindex0000<9>) INITSTATE is changed from 0012 to 1212 because
   pin A3  is/are driven by GND. Signals driving A3  are inverted to relieve
   routing congestion.
INFO:LIT:244 - All of the single ended outputs in this design are using slew
   rate limited output drivers. The delay on speed critical single ended outputs
   can be dramatically reduced by designating them as fast outputs in the
   schematic.

Section 4 - Removed Logic Summary
---------------------------------
   2 block(s) optimized away

Section 5 - Removed Logic
-------------------------

Optimized Block(s):
TYPE 		BLOCK
GND 		XST_GND
VCC 		XST_VCC

To enable printing of redundant blocks removed and signals merged, set the
detailed map report option and rerun map.

Section 6 - IOB Properties
--------------------------

+-----------------------------------------------------------------------------------------------------------------------------------------+
| IOB Name                           | IOB Type         | Direction | IO Standard | Drive    | Slew | Reg (s)      | Resistor | IBUF/IFD  |
|                                    |                  |           |             | Strength | Rate |              |          | Delay     |
+-----------------------------------------------------------------------------------------------------------------------------------------+
| CNL                                | IBUF             | INPUT     | LVCMOS25    |          |      |              |          | 0 / 0     |
| anod<0>                            | IOB              | OUTPUT    | LVCMOS25    | 12       | SLOW |              |          | 0 / 0     |
| anod<1>                            | IOB              | OUTPUT    | LVCMOS25    | 12       | SLOW |              |          | 0 / 0     |
| anod<2>                            | IOB              | OUTPUT    | LVCMOS25    | 12       | SLOW |              |          | 0 / 0     |
| anod<3>                            | IOB              | OUTPUT    | LVCMOS25    | 12       | SLOW |              |          | 0 / 0     |
| catod<0>                           | IOB              | OUTPUT    | LVCMOS25    | 12       | SLOW |              |          | 0 / 0     |
| catod<1>                           | IOB              | OUTPUT    | LVCMOS25    | 12       | SLOW |              |          | 0 / 0     |
| catod<2>                           | IOB              | OUTPUT    | LVCMOS25    | 12       | SLOW |              |          | 0 / 0     |
| catod<3>                           | IOB              | OUTPUT    | LVCMOS25    | 12       | SLOW |              |          | 0 / 0     |
| catod<4>                           | IOB              | OUTPUT    | LVCMOS25    | 12       | SLOW |              |          | 0 / 0     |
| catod<5>                           | IOB              | OUTPUT    | LVCMOS25    | 12       | SLOW |              |          | 0 / 0     |
| catod<6>                           | IOB              | OUTPUT    | LVCMOS25    | 12       | SLOW |              |          | 0 / 0     |
| chit                               | IBUF             | INPUT     | LVCMOS25    |          |      |              |          | 0 / 0     |
| chit_led                           | IOB              | OUTPUT    | LVCMOS25    | 12       | SLOW |              |          | 0 / 0     |
| clock                              | IBUF             | INPUT     | LVCMOS25    |          |      |              |          | 0 / 0     |
| confirmare                         | IBUF             | INPUT     | LVCMOS25    |          |      |              |          | 0 / 0     |
| ok_card                            | IOB              | OUTPUT    | LVCMOS25    | 12       | SLOW |              |          | 0 / 0     |
| ok_pin                             | IOB              | OUTPUT    | LVCMOS25    | 12       | SLOW |              |          | 0 / 0     |
| ok_tranz                           | IOB              | OUTPUT    | LVCMOS25    | 12       | SLOW |              |          | 0 / 0     |
| pin<0>                             | IBUF             | INPUT     | LVCMOS25    |          |      |              |          | 0 / 0     |
| pin<1>                             | IBUF             | INPUT     | LVCMOS25    |          |      |              |          | 0 / 0     |
| pin<2>                             | IBUF             | INPUT     | LVCMOS25    |          |      |              |          | 0 / 0     |
| pin<3>                             | IBUF             | INPUT     | LVCMOS25    |          |      |              |          | 0 / 0     |
| regim                              | IBUF             | INPUT     | LVCMOS25    |          |      | IFF1         |          | 0 / 3     |
| suma_invalida                      | IOB              | OUTPUT    | LVCMOS25    | 12       | SLOW |              |          | 0 / 0     |
| suma_mii                           | IBUF             | INPUT     | LVCMOS25    |          |      |              |          | 0 / 0     |
| suma_sute                          | IBUF             | INPUT     | LVCMOS25    |          |      |              |          | 0 / 0     |
| suma_zeci                          | IBUF             | INPUT     | LVCMOS25    |          |      |              |          | 0 / 0     |
+-----------------------------------------------------------------------------------------------------------------------------------------+

Section 7 - RPMs
----------------

Section 8 - Guide Report
------------------------
Guide not run on this design.

Section 9 - Area Group and Partition Summary
--------------------------------------------

Partition Implementation Status
-------------------------------

  No Partitions were found in this design.

-------------------------------

Area Group Information
----------------------

  No area groups were found in this design.

----------------------

Section 10 - Modular Design Summary
-----------------------------------
Modular Design not used for this design.

Section 11 - Timing Report
--------------------------
This design was not run using timing mode.

Section 12 - Configuration String Details
-----------------------------------------
Use the "-detail" map option to print out Configuration Strings
