#-----------------------------------------------------------
# Vivado v2014.2 (64-bit)
# SW Build 932637 on Wed Jun 11 13:33:10 MDT 2014
# IP Build 924643 on Fri May 30 09:20:16 MDT 2014
# Start of session at: Thu Apr 21 13:18:40 2016
# Process ID: 6100
# Log file: G:/_AN2_SEM2/CA/Laboratory/LAB7/vivado.log
# Journal file: G:/_AN2_SEM2/CA/Laboratory/LAB7\vivado.jou
#-----------------------------------------------------------
start_gui
open_project {G:\_AN2_SEM2\CA\Laboratory\LAB7\LAB4_ROMwithInstr.xpr}
CRITICAL WARNING: [Board 49-4] Problem parsing board_part file - C:/Xilinx/Vivado/2014.2/data/boards/board_parts/kintex7/kc705/0.9/board_part.xml, The board part 'xc7k325tffg900-2' is either not supported or invalid.
CRITICAL WARNING: [Board 49-4] Problem parsing board_part file - C:/Xilinx/Vivado/2014.2/data/boards/board_parts/kintex7/kc705/1.0/board_part.xml, The board part 'xc7k325tffg900-2' is either not supported or invalid.
CRITICAL WARNING: [Board 49-4] Problem parsing board_part file - C:/Xilinx/Vivado/2014.2/data/boards/board_parts/zynq/zc706/0.9/board_part.xml, The board part 'xc7z045ffg900-2' is either not supported or invalid.
CRITICAL WARNING: [Board 49-4] Problem parsing board_part file - C:/Xilinx/Vivado/2014.2/data/boards/board_parts/zynq/zc706/1.0/board_part.xml, The board part 'xc7z045ffg900-2' is either not supported or invalid.
Scanning sources...
Finished scanning sources
open_project: Time (s): cpu = 00:00:20 ; elapsed = 00:00:09 . Memory (MB): peak = 829.156 ; gain = 17.012
reset_run impl_1
launch_runs impl_1
[Thu Apr 21 13:19:27 2016] Launched impl_1...
Run output will be captured here: G:/_AN2_SEM2/CA/Laboratory/LAB7/LAB4_ROMwithInstr.runs/impl_1/runme.log
reset_run synth_1
launch_runs impl_1 -to_step write_bitstream
[Thu Apr 21 13:21:09 2016] Launched synth_1...
Run output will be captured here: G:/_AN2_SEM2/CA/Laboratory/LAB7/LAB4_ROMwithInstr.runs/synth_1/runme.log
[Thu Apr 21 13:21:09 2016] Launched impl_1...
Run output will be captured here: G:/_AN2_SEM2/CA/Laboratory/LAB7/LAB4_ROMwithInstr.runs/impl_1/runme.log
reset_run synth_1
launch_runs synth_1
INFO: [HDL 9-1061] Parsing VHDL file "G:/_AN2_SEM2/CA/Laboratory/LAB7/LAB4_ROMwithInstr.srcs/sources_1/new/IDecode.vhd" into library xil_defaultlib [G:/_AN2_SEM2/CA/Laboratory/LAB7/LAB4_ROMwithInstr.srcs/sources_1/new/IDecode.vhd:1]
INFO: [HDL 9-1061] Parsing VHDL file "G:/_AN2_SEM2/CA/Laboratory/LAB7/LAB4_ROMwithInstr.srcs/sources_1/new/IExecuteUnit.vhd" into library xil_defaultlib [G:/_AN2_SEM2/CA/Laboratory/LAB7/LAB4_ROMwithInstr.srcs/sources_1/new/IExecuteUnit.vhd:1]
INFO: [HDL 9-1061] Parsing VHDL file "G:/_AN2_SEM2/CA/Laboratory/LAB7/LAB4_ROMwithInstr.srcs/sources_1/new/MainControlUnit.vhd" into library xil_defaultlib [G:/_AN2_SEM2/CA/Laboratory/LAB7/LAB4_ROMwithInstr.srcs/sources_1/new/MainControlUnit.vhd:1]
INFO: [HDL 9-1061] Parsing VHDL file "G:/_AN2_SEM2/CA/Laboratory/LAB7/LAB4_ROMwithInstr.srcs/sources_1/new/MemUnit.vhd" into library xil_defaultlib [G:/_AN2_SEM2/CA/Laboratory/LAB7/LAB4_ROMwithInstr.srcs/sources_1/new/MemUnit.vhd:1]
INFO: [HDL 9-1061] Parsing VHDL file "G:/_AN2_SEM2/CA/Laboratory/LAB7/LAB4_ROMwithInstr.srcs/sources_1/new/RegisterFile.vhd" into library xil_defaultlib [G:/_AN2_SEM2/CA/Laboratory/LAB7/LAB4_ROMwithInstr.srcs/sources_1/new/RegisterFile.vhd:1]
INFO: [HDL 9-1061] Parsing VHDL file "G:/_AN2_SEM2/CA/Laboratory/LAB7/LAB4_ROMwithInstr.srcs/sources_1/new/instructionfetch.vhd" into library xil_defaultlib [G:/_AN2_SEM2/CA/Laboratory/LAB7/LAB4_ROMwithInstr.srcs/sources_1/new/instructionfetch.vhd:1]
INFO: [HDL 9-1061] Parsing VHDL file "G:/_AN2_SEM2/CA/Laboratory/LAB7/LAB4_ROMwithInstr.srcs/sources_1/new/mpgnew.vhd" into library xil_defaultlib [G:/_AN2_SEM2/CA/Laboratory/LAB7/LAB4_ROMwithInstr.srcs/sources_1/new/mpgnew.vhd:1]
INFO: [HDL 9-1061] Parsing VHDL file "G:/_AN2_SEM2/CA/Laboratory/LAB7/LAB4_ROMwithInstr.srcs/sources_1/new/ssdisplay.vhd" into library xil_defaultlib [G:/_AN2_SEM2/CA/Laboratory/LAB7/LAB4_ROMwithInstr.srcs/sources_1/new/ssdisplay.vhd:1]
INFO: [HDL 9-1061] Parsing VHDL file "G:/_AN2_SEM2/CA/Laboratory/LAB7/LAB4_ROMwithInstr.srcs/sources_1/new/test_env.vhd" into library xil_defaultlib [G:/_AN2_SEM2/CA/Laboratory/LAB7/LAB4_ROMwithInstr.srcs/sources_1/new/test_env.vhd:1]
[Thu Apr 21 13:36:46 2016] Launched synth_1...
Run output will be captured here: G:/_AN2_SEM2/CA/Laboratory/LAB7/LAB4_ROMwithInstr.runs/synth_1/runme.log
reset_run synth_1
launch_runs synth_1
INFO: [HDL 9-1061] Parsing VHDL file "G:/_AN2_SEM2/CA/Laboratory/LAB7/LAB4_ROMwithInstr.srcs/sources_1/new/IDecode.vhd" into library xil_defaultlib [G:/_AN2_SEM2/CA/Laboratory/LAB7/LAB4_ROMwithInstr.srcs/sources_1/new/IDecode.vhd:1]
INFO: [HDL 9-1061] Parsing VHDL file "G:/_AN2_SEM2/CA/Laboratory/LAB7/LAB4_ROMwithInstr.srcs/sources_1/new/IExecuteUnit.vhd" into library xil_defaultlib [G:/_AN2_SEM2/CA/Laboratory/LAB7/LAB4_ROMwithInstr.srcs/sources_1/new/IExecuteUnit.vhd:1]
INFO: [HDL 9-1061] Parsing VHDL file "G:/_AN2_SEM2/CA/Laboratory/LAB7/LAB4_ROMwithInstr.srcs/sources_1/new/MainControlUnit.vhd" into library xil_defaultlib [G:/_AN2_SEM2/CA/Laboratory/LAB7/LAB4_ROMwithInstr.srcs/sources_1/new/MainControlUnit.vhd:1]
INFO: [HDL 9-1061] Parsing VHDL file "G:/_AN2_SEM2/CA/Laboratory/LAB7/LAB4_ROMwithInstr.srcs/sources_1/new/MemUnit.vhd" into library xil_defaultlib [G:/_AN2_SEM2/CA/Laboratory/LAB7/LAB4_ROMwithInstr.srcs/sources_1/new/MemUnit.vhd:1]
INFO: [HDL 9-1061] Parsing VHDL file "G:/_AN2_SEM2/CA/Laboratory/LAB7/LAB4_ROMwithInstr.srcs/sources_1/new/RegisterFile.vhd" into library xil_defaultlib [G:/_AN2_SEM2/CA/Laboratory/LAB7/LAB4_ROMwithInstr.srcs/sources_1/new/RegisterFile.vhd:1]
INFO: [HDL 9-1061] Parsing VHDL file "G:/_AN2_SEM2/CA/Laboratory/LAB7/LAB4_ROMwithInstr.srcs/sources_1/new/instructionfetch.vhd" into library xil_defaultlib [G:/_AN2_SEM2/CA/Laboratory/LAB7/LAB4_ROMwithInstr.srcs/sources_1/new/instructionfetch.vhd:1]
INFO: [HDL 9-1061] Parsing VHDL file "G:/_AN2_SEM2/CA/Laboratory/LAB7/LAB4_ROMwithInstr.srcs/sources_1/new/mpgnew.vhd" into library xil_defaultlib [G:/_AN2_SEM2/CA/Laboratory/LAB7/LAB4_ROMwithInstr.srcs/sources_1/new/mpgnew.vhd:1]
INFO: [HDL 9-1061] Parsing VHDL file "G:/_AN2_SEM2/CA/Laboratory/LAB7/LAB4_ROMwithInstr.srcs/sources_1/new/ssdisplay.vhd" into library xil_defaultlib [G:/_AN2_SEM2/CA/Laboratory/LAB7/LAB4_ROMwithInstr.srcs/sources_1/new/ssdisplay.vhd:1]
INFO: [HDL 9-1061] Parsing VHDL file "G:/_AN2_SEM2/CA/Laboratory/LAB7/LAB4_ROMwithInstr.srcs/sources_1/new/test_env.vhd" into library xil_defaultlib [G:/_AN2_SEM2/CA/Laboratory/LAB7/LAB4_ROMwithInstr.srcs/sources_1/new/test_env.vhd:1]
[Thu Apr 21 13:37:26 2016] Launched synth_1...
Run output will be captured here: G:/_AN2_SEM2/CA/Laboratory/LAB7/LAB4_ROMwithInstr.runs/synth_1/runme.log
launch_runs impl_1
[Thu Apr 21 13:38:31 2016] Launched impl_1...
Run output will be captured here: G:/_AN2_SEM2/CA/Laboratory/LAB7/LAB4_ROMwithInstr.runs/impl_1/runme.log
launch_runs impl_1 -to_step write_bitstream
[Thu Apr 21 13:40:12 2016] Launched impl_1...
Run output will be captured here: G:/_AN2_SEM2/CA/Laboratory/LAB7/LAB4_ROMwithInstr.runs/impl_1/runme.log
open_run impl_1
INFO: [Netlist 29-17] Analyzing 41 Unisim elements for replacement
INFO: [Netlist 29-28] Unisim Transformation completed in 0 CPU seconds
INFO: [Project 1-479] Netlist was created with Vivado 2014.2
Loading clock regions from C:/Xilinx/Vivado/2014.2/data\parts/xilinx/artix7/artix7/xc7a35t/ClockRegion.xml
Loading clock buffers from C:/Xilinx/Vivado/2014.2/data\parts/xilinx/artix7/artix7/xc7a35t/ClockBuffers.xml
Loading clock placement rules from C:/Xilinx/Vivado/2014.2/data/parts/xilinx/artix7/ClockPlacerRules.xml
Loading package pin functions from C:/Xilinx/Vivado/2014.2/data\parts/xilinx/artix7/PinFunctions.xml...
Loading package from C:/Xilinx/Vivado/2014.2/data\parts/xilinx/artix7/artix7/xc7a35t/cpg236/Package.xml
Loading io standards from C:/Xilinx/Vivado/2014.2/data\./parts/xilinx/artix7/IOStandards.xml
Loading device configuration modes from C:/Xilinx/Vivado/2014.2/data\parts/xilinx/artix7/ConfigModes.xml
Parsing XDC File [G:/_AN2_SEM2/CA/Laboratory/LAB7/.Xil/Vivado-6100-DESKTOP-P7FB0P1/dcp/test_env.xdc]
Finished Parsing XDC File [G:/_AN2_SEM2/CA/Laboratory/LAB7/.Xil/Vivado-6100-DESKTOP-P7FB0P1/dcp/test_env.xdc]
Reading XDEF placement.
Reading XDEF routing.
Read XDEF File: Time (s): cpu = 00:00:00 ; elapsed = 00:00:00.078 . Memory (MB): peak = 1079.914 ; gain = 0.000
Restoring placement.
Restored 112 out of 112 XDEF sites from archive | CPU: 0.000000 secs | Memory: 0.000000 MB |
INFO: [Opt 31-138] Pushed 0 inverter(s) to 0 load pin(s).
INFO: [Project 1-111] Unisim Transformation Summary:
  A total of 22 instances were transformed.
  RAM16X1S => RAM32X1S (RAMS32): 16 instances
  RAM32M => RAM32M (RAMD32, RAMD32, RAMD32, RAMD32, RAMD32, RAMD32, RAMS32, RAMS32): 6 instances

open_run: Time (s): cpu = 00:00:39 ; elapsed = 00:00:18 . Memory (MB): peak = 1201.215 ; gain = 322.238
open_hw
INFO: [Labtools 27-2285] Connecting to hw_server url TCP:localhost:3121
INFO: [Labtools 27-2222] Launching hw_server...
INFO: [Labtools 27-2221] Launch Output:

****** Xilinx hw_server v2014.2
  **** Build date : Jun 11 2014-13:29:07
    ** Copyright 1986-1999, 2001-2014 Xilinx, Inc. All Rights Reserved.

INFO: hw_server application started
INFO: Use Ctrl-C to exit hw_server application


****** Xilinx hw_server v2014.2
  **** Build date : Jun 11 2014-13:29:07
    ** Copyright 1986-1999, 2001-2014 Xilinx, Inc. All Rights Reserved.

INFO: hw_server application started
INFO: Use Ctrl-C to exit hw_server application


INFO: [Labtools 27-2286] Connecting to vcse_server host localhost port 60001
INFO: [Labtools 27-109] Started Vivado Cse Server instance on port: 60001
INFO: [Labtools 27-2286] Connecting to vcse_server host localhost port 60001
INFO: [Labtools 27-147] vcse_server: TCF plugin connecting to hw_server...
INFO: [Labtools 27-147] vcse_server: TCF Plugin connection established with hw_server.
INFO: [Labtools 27-147] vcse_server: TCF plugin connecting to hw_server...
INFO: [Labtools 27-147] vcse_server: TCF Plugin connection established with hw_server.
connect_hw_server: Time (s): cpu = 00:00:12 ; elapsed = 00:00:12 . Memory (MB): peak = 1616.891 ; gain = 367.539
INFO: [Labtools 27-147] vcse_server: TCF plugin connecting to hw_server...
INFO: [Labtools 27-147] vcse_server: TCF Plugin connection established with hw_server.
connect_hw_server -host localhost -port 60001 -url localhost:3121
INFO: [Labtools 27-2285] Connecting to hw_server url TCP:localhost:3121
INFO: [Labtools 27-2286] Connecting to vcse_server host localhost port 60001
INFO: [Labtools 27-147] vcse_server: TCF plugin connecting to hw_server...
INFO: [Labtools 27-147] vcse_server: TCF Plugin connection established with hw_server.
INFO: [Labtools 27-147] vcse_server: TCF plugin connecting to hw_server...
INFO: [Labtools 27-147] vcse_server: TCF Plugin connection established with hw_server.
current_hw_target [get_hw_targets */xilinx_tcf/Digilent/210183715119A]
set_property PARAM.FREQUENCY 15000000 [get_hw_targets */xilinx_tcf/Digilent/210183715119A]
open_hw_target
INFO: [Labtools 27-147] vcse_server: TCF plugin connecting to hw_server...
INFO: [Labtools 27-147] vcse_server: TCF Plugin connection established with hw_server.
set_property PROGRAM.FILE {G:/_AN2_SEM2/CA/Laboratory/LAB7/LAB4_ROMwithInstr.runs/impl_1/test_env.bit} [lindex [get_hw_devices] 0]
set_property PROBES.FILE {G:/_AN2_SEM2/CA/Laboratory/LAB7/LAB4_ROMwithInstr.runs/impl_1/debug_nets.ltx} [lindex [get_hw_devices] 0]
current_hw_device [lindex [get_hw_devices] 0]
refresh_hw_device -update_hw_probes false [lindex [get_hw_devices] 0]
INFO: [Labtools 27-1434] Device xc7a35t (JTAG device index = 0) is programmed with a design that has no supported debug core(s) in it.
set_property PROBES.FILE {G:/_AN2_SEM2/CA/Laboratory/LAB7/LAB4_ROMwithInstr.runs/impl_1/debug_nets.ltx} [lindex [get_hw_devices] 0]
set_property PROGRAM.FILE {G:/_AN2_SEM2/CA/Laboratory/LAB7/LAB4_ROMwithInstr.runs/impl_1/test_env.bit} [lindex [get_hw_devices] 0]
program_hw_devices [lindex [get_hw_devices] 0]
INFO: [Labtools 27-2154] Reading 2192101 bytes from file G:/_AN2_SEM2/CA/Laboratory/LAB7/LAB4_ROMwithInstr.runs/impl_1/test_env.bit...
INFO: [Labtools 27-32] Done pin status: HIGH
program_hw_devices: Time (s): cpu = 00:00:03 ; elapsed = 00:00:05 . Memory (MB): peak = 1726.922 ; gain = 85.117
refresh_hw_device [lindex [get_hw_devices] 0]
INFO: [Labtools 27-1434] Device xc7a35t (JTAG device index = 0) is programmed with a design that has no supported debug core(s) in it.
reset_run impl_1
launch_runs impl_1
[Thu Apr 21 13:51:04 2016] Launched impl_1...
Run output will be captured here: G:/_AN2_SEM2/CA/Laboratory/LAB7/LAB4_ROMwithInstr.runs/impl_1/runme.log
exit
INFO: [Common 17-206] Exiting Vivado at Thu Apr 21 13:54:20 2016...
