acom -reorder $DSN/src/MS_COMPARATOR_1BIT.vhd
# Compile with File Reorder...
# File: D:\designshdl\CLV_2008\MS_COMPARATOR_1BIT\src\MS_COMPARATOR_1BIT.vhd
# Compile Entity "COMPARATOR_1BIT"
# Error: COMP96_0078: MS_COMPARATOR_1BIT.vhd : (2, 5): Unknown identifier "iee".
# Error: COMP96_0055: MS_COMPARATOR_1BIT.vhd : (2, 5): Cannot find referenced context element.
# Error: COMP96_0078: MS_COMPARATOR_1BIT.vhd : (5, 15): Unknown identifier "std_logic".
# Error: COMP96_0064: MS_COMPARATOR_1BIT.vhd : (5, 15): Unknown type.
# Error: COMP96_0078: MS_COMPARATOR_1BIT.vhd : (6, 16): Unknown identifier "std_logic".
# Error: COMP96_0064: MS_COMPARATOR_1BIT.vhd : (6, 16): Unknown type.
# Compile Architecture "arh" of Entity "COMPARATOR_1BIT"
# Error: COMP96_0056: MS_COMPARATOR_1BIT.vhd : (9, 1): Cannot find referenced entity declaration "COMPARATOR_1BIT".
# Compile failure 7 Errors 0 Warnings  Analysis time :  0.0 [s]
acom -reorder $DSN/src/MS_COMPARATOR_1BIT.vhd
# Compile with File Reorder...
# File: D:\designshdl\CLV_2008\MS_COMPARATOR_1BIT\src\MS_COMPARATOR_1BIT.vhd
# Compile Entity "COMPARATOR_1BIT"
# Compile Architecture "arh" of Entity "COMPARATOR_1BIT"
# Top-Level unit detected
# Entity  =>   COMPARATOR_1BIT
# Compile success 0 Errors 0 Warnings  Analysis time :  0.1 [s]
# ELBREAD: Elaboration process.
# ELBREAD: Elaboration time 0.0 [s].
asim -advdataflow  comparator_1bit arh
# ELBREAD: Elaboration process.
# ELBREAD: Elaboration time 0.0 [s].
# asim: Stack memory: 32MB
# asim: Retval memory: 32MB
# KERNEL: Main thread initiated.
# KERNEL: Kernel process initialization phase.
# KERNEL: Time resolution set to 1ps.
# ELAB2: Elaboration final pass...
# ELAB2: Create instances ...
# ELAB2: Create instances complete.
# ELAB2: Elaboration final pass complete - time: 0.3 [s].
# KERNEL: Kernel process initialization done.
# Allocation: Simulator allocated 2416 kB (elbread=1070 elab2=298 kernel=1048 sdf=0)
# 1:27 AM, Monday, May 22, 2017
# Simulation has been initialized
# Selected Top-Level: comparator_1bit (arh)
run 100 ns
# KERNEL: stopped at time: 100 ns
# KERNEL: Simulation has finished. There are no more test vectors to simulate.
run 100 ns
# KERNEL: stopped at time: 200 ns
# KERNEL: Simulation has finished. There are no more test vectors to simulate.
run 100 ns
# KERNEL: stopped at time: 300 ns
# KERNEL: Simulation has finished. There are no more test vectors to simulate.
run 100 ns
# KERNEL: stopped at time: 400 ns
# KERNEL: Simulation has finished. There are no more test vectors to simulate.
run 100 ns
# KERNEL: stopped at time: 500 ns
# KERNEL: Simulation has finished. There are no more test vectors to simulate.
run 100 ns
# KERNEL: stopped at time: 600 ns
# KERNEL: Simulation has finished. There are no more test vectors to simulate.
acom $DSN/src/MS_COMPARATOR_1BIT.vhd
# Compile...
# File: D:\designshdl\CLV_2008\MS_COMPARATOR_1BIT\src\MS_COMPARATOR_1BIT.vhd
# Compile Entity "COMPARATOR_1BIT"
# Entity `COMPARATOR_1BIT' has been skipped - no difference detected.
# Compile Architecture "arh" of Entity "COMPARATOR_1BIT"
# Compile Entity "MS_COMPARATOR_1BIT"
# Compile Architecture "arh" of Entity "MS_COMPARATOR_1BIT"
# Error: COMP96_0015: MS_COMPARATOR_1BIT.vhd : (41, 2): ';' expected.
# Compile failure 1 Errors 0 Warnings  Analysis time :  0.2 [s]
acom $DSN/src/MS_COMPARATOR_1BIT.vhd
# Compile...
# File: D:\designshdl\CLV_2008\MS_COMPARATOR_1BIT\src\MS_COMPARATOR_1BIT.vhd
# Compile Entity "COMPARATOR_1BIT"
# Entity `COMPARATOR_1BIT' has been skipped - no difference detected.
# Compile Architecture "arh" of Entity "COMPARATOR_1BIT"
# Compile Entity "MS_COMPARATOR_1BIT"
# Entity `MS_COMPARATOR_1BIT' has been skipped - no difference detected.
# Compile Architecture "arh" of Entity "MS_COMPARATOR_1BIT"
# Compile success 0 Errors 0 Warnings  Analysis time :  0.2 [s]
run 100 ns
# KERNEL: stopped at time: 700 ns
# KERNEL: Simulation has finished. There are no more test vectors to simulate.
# Simulation has been stopped
# ELBREAD: Elaboration process.
# ELBREAD: Elaboration time 0.0 [s].
acom $DSN/src/MS_COMPARATOR_1BIT.vhd
# Compile...
# File: D:\designshdl\CLV_2008\MS_COMPARATOR_1BIT\src\MS_COMPARATOR_1BIT.vhd
# Compile Entity "COMPARATOR_1BIT"
# Entity `COMPARATOR_1BIT' has been skipped - no difference detected.
# Compile Architecture "arh" of Entity "COMPARATOR_1BIT"
# Compile Entity "MS_COMPARATOR_1BIT"
# Entity `MS_COMPARATOR_1BIT' has been skipped - no difference detected.
# Compile Architecture "arh" of Entity "MS_COMPARATOR_1BIT"
# Compile success 0 Errors 0 Warnings  Analysis time :  0.2 [s]
acom $DSN/src/MS_COMPARATOR_1BIT.vhd
# Compile...
# File: D:\designshdl\CLV_2008\MS_COMPARATOR_1BIT\src\MS_COMPARATOR_1BIT.vhd
# Compile Entity "COMPARATOR_1BIT"
# Entity `COMPARATOR_1BIT' has been skipped - no difference detected.
# Compile Architecture "arh" of Entity "COMPARATOR_1BIT"
# Compile Entity "MS_COMPARATOR_1BIT"
# Entity `MS_COMPARATOR_1BIT' has been skipped - no difference detected.
# Compile Architecture "arh" of Entity "MS_COMPARATOR_1BIT"
# Compile success 0 Errors 0 Warnings  Analysis time :  0.2 [s]
asim -advdataflow  ms_comparator_1bit arh
# ELBREAD: Elaboration process.
# ELBREAD: Elaboration time 0.0 [s].
# asim: Stack memory: 32MB
# asim: Retval memory: 32MB
# KERNEL: Main thread initiated.
# KERNEL: Kernel process initialization phase.
# KERNEL: Time resolution set to 1ps.
# ELAB2: Elaboration final pass...
# ELAB2: Create instances ...
# ELAB2: Create instances complete.
# ELAB2: Elaboration final pass complete - time: 0.3 [s].
# KERNEL: Kernel process initialization done.
# Allocation: Simulator allocated 2417 kB (elbread=1070 elab2=299 kernel=1048 sdf=0)
# 1:41 AM, Monday, May 22, 2017
# Simulation has been initialized
# Selected Top-Level: ms_comparator_1bit (arh)
run 100 ns
# KERNEL: stopped at time: 100 ns
# KERNEL: Simulation has finished. There are no more test vectors to simulate.
run 100 ns
# KERNEL: stopped at time: 200 ns
# KERNEL: Simulation has finished. There are no more test vectors to simulate.
restart
# All when statements cleared.
# ELBREAD: Elaboration process.
# ELBREAD: Elaboration time 0.0 [s].
# KERNEL: Main thread initiated.
# KERNEL: Kernel process initialization phase.
# KERNEL: Time resolution set to 1ps.
# ELAB2: Elaboration final pass...
# ELAB2: Create instances ...
# ELAB2: Create instances complete.
# ELAB2: Elaboration final pass complete - time: 0.0 [s].
# KERNEL: Kernel process initialization done.
# Allocation: Simulator allocated 2417 kB (elbread=1070 elab2=299 kernel=1048 sdf=0)
# 1:42 AM, Monday, May 22, 2017
# Simulation has been initialized
# Selected Top-Level: ms_comparator_1bit (arh)
run 100 ns
# KERNEL: stopped at time: 100 ns
# KERNEL: Simulation has finished. There are no more test vectors to simulate.
# Simulation has been stopped
# Design: Design "MS_REGISTRU" has been set as active.
