acom -reorder $DSN/src/mux3.vhd
# Compile with File Reorder...
# File: D:\designshdl\CRET\mux3\src\mux3.vhd
# Compile Entity "mmux3"
# Error: COMP96_0016: mux3.vhd : (7, 35): Design unit declaration expected.
# Compile Architecture "arh" of Entity "mmux3"
# Error: COMP96_0056: mux3.vhd : (10, 1): Cannot find referenced entity declaration "mmux3".
# Compile failure 2 Errors 0 Warnings  Analysis time :  0.0 [s]
acom -reorder $DSN/src/mux3.vhd
# Compile with File Reorder...
# File: D:\designshdl\CRET\mux3\src\mux3.vhd
# Compile Entity "mmux3"
# Compile Architecture "arh" of Entity "mmux3"
# Top-Level unit detected
# Entity  =>   mmux3
# Compile success 0 Errors 0 Warnings  Analysis time :  0.2 [s]
# ELBREAD: Elaboration process.
# ELBREAD: Elaboration time 0.0 [s].
asim -advdataflow  mmux3 arh
# ELBREAD: Elaboration process.
# ELBREAD: Elaboration time 0.0 [s].
# asim: Stack memory: 32MB
# asim: Retval memory: 32MB
# KERNEL: Main thread initiated.
# KERNEL: Kernel process initialization phase.
# KERNEL: Time resolution set to 1ps.
# ELAB2: Elaboration final pass...
# ELAB2: Create instances ...
# ELAB2: Create instances complete.
# ELAB2: Elaboration final pass complete - time: 0.3 [s].
# KERNEL: Kernel process initialization done.
# Allocation: Simulator allocated 2417 kB (elbread=1070 elab2=299 kernel=1048 sdf=0)
# 8:57 PM, Monday, June 26, 2017
# Simulation has been initialized
# Selected Top-Level: mmux3 (arh)
# Signal q not found in design
run 100 ns
# KERNEL: stopped at time: 100 ns
# KERNEL: Simulation has finished. There are no more test vectors to simulate.
endsim
# All when statements cleared.
# Simulation has been stopped
asim -advdataflow  mmux3 arh
# ELBREAD: Elaboration process.
# ELBREAD: Elaboration time 0.0 [s].
# asim: Stack memory: 32MB
# asim: Retval memory: 32MB
# KERNEL: Main thread initiated.
# KERNEL: Kernel process initialization phase.
# KERNEL: Time resolution set to 1ps.
# ELAB2: Elaboration final pass...
# ELAB2: Create instances ...
# ELAB2: Create instances complete.
# ELAB2: Elaboration final pass complete - time: 0.3 [s].
# KERNEL: Kernel process initialization done.
# Allocation: Simulator allocated 2417 kB (elbread=1070 elab2=299 kernel=1048 sdf=0)
# 8:58 PM, Monday, June 26, 2017
# Simulation has been initialized
# Selected Top-Level: mmux3 (arh)
# Signal q not found in design
run 100 ns
# KERNEL: stopped at time: 100 ns
# KERNEL: Simulation has finished. There are no more test vectors to simulate.
run 100 ns
# KERNEL: stopped at time: 200 ns
# KERNEL: Simulation has finished. There are no more test vectors to simulate.
run 100 ns
# KERNEL: stopped at time: 300 ns
# KERNEL: Simulation has finished. There are no more test vectors to simulate.
run 100 ns
# KERNEL: stopped at time: 400 ns
# KERNEL: Simulation has finished. There are no more test vectors to simulate.
run 100 ns
# KERNEL: stopped at time: 500 ns
# KERNEL: Simulation has finished. There are no more test vectors to simulate.
# Simulation has been stopped
# Design: Design "dmux3" has been set as active.
