# ELBREAD: Elaboration process.
# ELBREAD: Elaboration time 0.0 [s].
asim -advdataflow  decodificator_bcd_zecimal arh
# ELBREAD: Elaboration process.
# ELBREAD: Elaboration time 0.0 [s].
# asim: Stack memory: 32MB
# asim: Retval memory: 32MB
# KERNEL: Main thread initiated.
# KERNEL: Kernel process initialization phase.
# KERNEL: Time resolution set to 1ps.
# ELAB2: Elaboration final pass...
# ELAB2: Create instances ...
# ELAB2: Create instances complete.
# ELAB2: Elaboration final pass complete - time: 0.3 [s].
# KERNEL: Kernel process initialization done.
# Allocation: Simulator allocated 2418 kB (elbread=1070 elab2=300 kernel=1048 sdf=0)
# 1:58 PM, Saturday, May 20, 2017
# Simulation has been initialized
# Selected Top-Level: decodificator_bcd_zecimal (arh)
run 100 ns
# KERNEL: stopped at time: 100 ns
# KERNEL: Simulation has finished. There are no more test vectors to simulate.
run 100 ns
# KERNEL: stopped at time: 200 ns
# KERNEL: Simulation has finished. There are no more test vectors to simulate.
run 100 ns
# KERNEL: stopped at time: 300 ns
# KERNEL: Simulation has finished. There are no more test vectors to simulate.
run 100 ns
# KERNEL: stopped at time: 400 ns
# KERNEL: Simulation has finished. There are no more test vectors to simulate.
run 100 ns
# KERNEL: stopped at time: 500 ns
# KERNEL: Simulation has finished. There are no more test vectors to simulate.
acom $DSN/src/DECODIFICATOR_BCD_ZECIMAL.vhd
# Compile...
# File: d:\designshdl\CLV_2008\DECODIFICATOR_BCD_ZECIMAL\src\DECODIFICATOR_BCD_ZECIMAL.vhd
# Compile Entity "DECODIFICATOR_BCD_ZECIMAL"
# Entity `DECODIFICATOR_BCD_ZECIMAL' has been skipped - no difference detected.
# Compile Architecture "arh" of Entity "DECODIFICATOR_BCD_ZECIMAL"
# Compile success 0 Errors 0 Warnings  Analysis time :  0.1 [s]
endsim
# All when statements cleared.
# Simulation has been stopped
asim -advdataflow  decodificator_bcd_zecimal arh
# ELBREAD: Elaboration process.
# ELBREAD: Elaboration time 0.0 [s].
# asim: Stack memory: 32MB
# asim: Retval memory: 32MB
# KERNEL: Main thread initiated.
# KERNEL: Kernel process initialization phase.
# KERNEL: Time resolution set to 1ps.
# ELAB2: Elaboration final pass...
# ELAB2: Create instances ...
# ELAB2: Create instances complete.
# ELAB2: Elaboration final pass complete - time: 0.3 [s].
# KERNEL: Kernel process initialization done.
# Allocation: Simulator allocated 2421 kB (elbread=1070 elab2=302 kernel=1049 sdf=0)
# 2:03 PM, Saturday, May 20, 2017
# Simulation has been initialized
# Selected Top-Level: decodificator_bcd_zecimal (arh)
run 100 ns
# KERNEL: stopped at time: 100 ns
# KERNEL: Simulation has finished. There are no more test vectors to simulate.
run 100 ns
# KERNEL: stopped at time: 200 ns
# KERNEL: Simulation has finished. There are no more test vectors to simulate.
run 100 ns
# KERNEL: stopped at time: 300 ns
# KERNEL: Simulation has finished. There are no more test vectors to simulate.
run 100 ns
# KERNEL: stopped at time: 400 ns
# KERNEL: Simulation has finished. There are no more test vectors to simulate.
run 100 ns
# KERNEL: stopped at time: 500 ns
# KERNEL: Simulation has finished. There are no more test vectors to simulate.
endsim
# All when statements cleared.
# Simulation has been stopped
acom $DSN/src/DECODIFICATOR_BCD_ZECIMAL.vhd
# Compile...
# File: d:\designshdl\CLV_2008\DECODIFICATOR_BCD_ZECIMAL\src\DECODIFICATOR_BCD_ZECIMAL.vhd
# Compile Entity "DECODIFICATOR_BCD_ZECIMAL"
# Entity `DECODIFICATOR_BCD_ZECIMAL' has been skipped - no difference detected.
# Compile Architecture "arh" of Entity "DECODIFICATOR_BCD_ZECIMAL"
# Compile success 0 Errors 0 Warnings  Analysis time :  0.1 [s]
# Design: Design "DECODIFICATOR_BCD_BINAR" has been set as active.
