#-----------------------------------------------------------
# Vivado v2017.4 (64-bit)
# SW Build 2086221 on Fri Dec 15 20:55:39 MST 2017
# IP Build 2085800 on Fri Dec 15 22:25:07 MST 2017
# Start of session at: Wed Apr 11 14:15:07 2018
# Process ID: 3392
# Current directory: D:/Student/30238/CalbazaCristina/Lab7
# Command line: vivado.exe -gui_launcher_event rodinguilauncherevent1208 D:\Student\30238\CalbazaCristina\Lab7\Lab7.xpr
# Log file: D:/Student/30238/CalbazaCristina/Lab7/vivado.log
# Journal file: D:/Student/30238/CalbazaCristina/Lab7\vivado.jou
#-----------------------------------------------------------
start_gui
open_project D:/Student/30238/CalbazaCristina/Lab7/Lab7.xpr
Scanning sources...
Finished scanning sources
INFO: [IP_Flow 19-234] Refreshing IP repositories
INFO: [IP_Flow 19-1704] No user IP repositories specified
INFO: [IP_Flow 19-2313] Loaded Vivado IP repository 'C:/Xilinx/Vivado/2017.4/data/ip'.
open_project: Time (s): cpu = 00:00:11 ; elapsed = 00:00:05 . Memory (MB): peak = 810.543 ; gain = 120.133
update_compile_order -fileset sources_1
exit
INFO: [Common 17-206] Exiting Vivado at Wed Apr 11 14:49:34 2018...
