acom -reorder $DSN/src/BCD_GRAY.vhd
# Compile with File Reorder...
# File: d:\designshdl\CLV_2008\BCD_GRAY\src\BCD_GRAY.vhd
# Compile Entity "bcd_gray"
# Compile Architecture "arh" of Entity "bcd_gray"
# Top-Level unit detected
# Entity  =>   bcd_gray
# Compile success 0 Errors 0 Warnings  Analysis time :  0.1 [s]
# ELBREAD: Elaboration process.
# ELBREAD: Elaboration time 0.0 [s].
asim -advdataflow  bcd_gray arh
# ELBREAD: Elaboration process.
# ELBREAD: Elaboration time 0.0 [s].
# asim: Stack memory: 32MB
# asim: Retval memory: 32MB
# KERNEL: Main thread initiated.
# KERNEL: Kernel process initialization phase.
# KERNEL: Time resolution set to 1ps.
# ELAB2: Elaboration final pass...
# ELAB2: Create instances ...
# ELAB2: Create instances complete.
# ELAB2: Elaboration final pass complete - time: 0.3 [s].
# KERNEL: Kernel process initialization done.
# Allocation: Simulator allocated 2418 kB (elbread=1070 elab2=299 kernel=1049 sdf=0)
# 12:07 PM, Saturday, May 20, 2017
# Simulation has been initialized
# Selected Top-Level: bcd_gray (arh)
run 100 ns
# KERNEL: stopped at time: 100 ns
# KERNEL: Simulation has finished. There are no more test vectors to simulate.
run 100 ns
# KERNEL: stopped at time: 200 ns
# KERNEL: Simulation has finished. There are no more test vectors to simulate.
run 100 ns
# KERNEL: stopped at time: 300 ns
# KERNEL: Simulation has finished. There are no more test vectors to simulate.
run 100 ns
# KERNEL: stopped at time: 400 ns
# KERNEL: Simulation has finished. There are no more test vectors to simulate.
acom $DSN/src/BCD_GRAY.vhd
# Compile...
# File: d:\designshdl\CLV_2008\BCD_GRAY\src\BCD_GRAY.vhd
# Compile Entity "bcd_gray"
# Entity `bcd_gray' has been skipped - no difference detected.
# Compile Architecture "arh" of Entity "bcd_gray"
# Error: COMP96_0015: BCD_GRAY.vhd : (22, 20): ';' expected.
# Error: COMP96_0019: BCD_GRAY.vhd : (22, 20): Keyword "end" expected.
# Error: COMP96_0019: BCD_GRAY.vhd : (22, 21): Keyword "case" expected.
# Error: COMP96_0019: BCD_GRAY.vhd : (23, 4): Keyword "end" expected.
# Error: COMP96_0019: BCD_GRAY.vhd : (24, 4): Keyword "end" expected.
# Error: COMP96_0016: BCD_GRAY.vhd : (24, 9): Design unit declaration expected.
# Error: COMP96_0019: BCD_GRAY.vhd : (41, 21): Keyword "of" expected.
# Error: COMP96_0018: BCD_GRAY.vhd : (41, 21): Identifier expected.
# Compile failure 8 Errors 0 Warnings  Analysis time :  0.0 [s]
acom $DSN/src/BCD_GRAY.vhd
# Compile...
# File: d:\designshdl\CLV_2008\BCD_GRAY\src\BCD_GRAY.vhd
# Compile Entity "bcd_gray"
# Entity `bcd_gray' has been skipped - no difference detected.
# Compile Architecture "arh" of Entity "bcd_gray"
# Error: COMP96_0015: BCD_GRAY.vhd : (28, 20): ';' expected.
# Error: COMP96_0019: BCD_GRAY.vhd : (28, 20): Keyword "end" expected.
# Error: COMP96_0019: BCD_GRAY.vhd : (28, 21): Keyword "case" expected.
# Error: COMP96_0019: BCD_GRAY.vhd : (29, 4): Keyword "end" expected.
# Error: COMP96_0019: BCD_GRAY.vhd : (30, 4): Keyword "end" expected.
# Error: COMP96_0016: BCD_GRAY.vhd : (30, 9): Design unit declaration expected.
# Error: COMP96_0019: BCD_GRAY.vhd : (41, 21): Keyword "of" expected.
# Error: COMP96_0018: BCD_GRAY.vhd : (41, 21): Identifier expected.
# Compile failure 8 Errors 0 Warnings  Analysis time :  0.0 [s]
acom $DSN/src/BCD_GRAY.vhd
# Compile...
# File: d:\designshdl\CLV_2008\BCD_GRAY\src\BCD_GRAY.vhd
# Compile Entity "bcd_gray"
# Entity `bcd_gray' has been skipped - no difference detected.
# Compile Architecture "arh" of Entity "bcd_gray"
# Error: COMP96_0081: BCD_GRAY.vhd : (21, 8): Enumeration or integer type expected.
# Compile failure 1 Errors 0 Warnings  Analysis time :  0.0 [s]
acom $DSN/src/BCD_GRAY.vhd
# Compile...
# File: d:\designshdl\CLV_2008\BCD_GRAY\src\BCD_GRAY.vhd
# Compile Entity "bcd_gray"
# Entity `bcd_gray' has been skipped - no difference detected.
# Compile Architecture "arh" of Entity "bcd_gray"
# Error: COMP96_0078: BCD_GRAY.vhd : (21, 8): Unknown identifier "convert".
# Error: COMP96_0133: BCD_GRAY.vhd : (21, 8): Cannot find object declaration.
# Error: COMP96_0081: BCD_GRAY.vhd : (21, 8): Enumeration or integer type expected.
# Compile failure 3 Errors 0 Warnings  Analysis time :  0.0 [s]
acom $DSN/src/BCD_GRAY.vhd
# Compile...
# File: d:\designshdl\CLV_2008\BCD_GRAY\src\BCD_GRAY.vhd
# Compile Entity "bcd_gray"
# Entity `bcd_gray' has been skipped - no difference detected.
# Compile Architecture "arh" of Entity "bcd_gray"
# Compile success 0 Errors 0 Warnings  Analysis time :  0.1 [s]
run 100 ns
# KERNEL: stopped at time: 500 ns
# KERNEL: Simulation has finished. There are no more test vectors to simulate.
restart
# All when statements cleared.
# ELBREAD: Elaboration process.
# ELBREAD: Elaboration time 0.0 [s].
# KERNEL: Main thread initiated.
# KERNEL: Kernel process initialization phase.
# KERNEL: Time resolution set to 1ps.
# ELAB2: Elaboration final pass...
# ELAB2: Create instances ...
# ELAB2: Create instances complete.
# ELAB2: Elaboration final pass complete - time: 0.3 [s].
# KERNEL: Kernel process initialization done.
# Allocation: Simulator allocated 2420 kB (elbread=1070 elab2=301 kernel=1049 sdf=0)
# 12:15 PM, Saturday, May 20, 2017
# Simulation has been initialized
# Selected Top-Level: bcd_gray (arh)
run 100 ns
# KERNEL: stopped at time: 100 ns
# KERNEL: Simulation has finished. There are no more test vectors to simulate.
run 100 ns
# KERNEL: stopped at time: 200 ns
# KERNEL: Simulation has finished. There are no more test vectors to simulate.
endsim
# All when statements cleared.
# Simulation has been stopped
# Design: 12:16 PM, Saturday, May 20, 2017
# Design: Opening design "d:\designshdl\CLV_2008\C2421_GRAY\C2421_GRAY.adf"
# ELBREAD: Elaboration process.
# ELBREAD: Elaboration time 0.0 [s].
# Design: Design "C2421_GRAY" has been set as active.
