acom -reorder $DSN/src/jk_ff.vhd
# Compile with File Reorder...
# File: D:\designshdl\CRET\jk_ff\src\jk_ff.vhd
# Compile Entity "jk_ff"
# Compile Architecture "arh" of Entity "jk_ff"
# Warning: DAGGEN_0001: jk_ff.vhd : (20, 0): Process without explicit or implicit wait statement - possible infinite loop.
# Top-Level unit detected
# Entity  =>   jk_ff
# Compile success 0 Errors 1 Warnings  Analysis time :  0.2 [s]
# ELBREAD: Elaboration process.
# ELBREAD: Elaboration time 0.0 [s].
acom $DSN/src/jk_ff.vhd
# Compile...
# File: D:\designshdl\CRET\jk_ff\src\jk_ff.vhd
# Compile Entity "jk_ff"
# Entity `jk_ff' has been skipped - no difference detected.
# Compile Architecture "arh" of Entity "jk_ff"
# Warning: DAGGEN_0001: jk_ff.vhd : (20, 0): Process without explicit or implicit wait statement - possible infinite loop.
# Compile success 0 Errors 1 Warnings  Analysis time :  0.2 [s]
acom $DSN/src/jk_ff.vhd
# Compile...
# File: D:\designshdl\CRET\jk_ff\src\jk_ff.vhd
# Compile Entity "jk_ff"
# Entity `jk_ff' has been skipped - no difference detected.
# Compile Architecture "arh" of Entity "jk_ff"
# Compile success 0 Errors 0 Warnings  Analysis time :  0.1 [s]
asim -advdataflow  jk_ff arh
# ELBREAD: Elaboration process.
# ELBREAD: Elaboration time 0.0 [s].
# asim: Stack memory: 32MB
# asim: Retval memory: 32MB
# KERNEL: Main thread initiated.
# KERNEL: Kernel process initialization phase.
# KERNEL: Time resolution set to 1ps.
# ELAB2: Elaboration final pass...
# ELAB2: Create instances ...
# ELAB2: Create instances complete.
# ELAB2: Elaboration final pass complete - time: 0.3 [s].
# KERNEL: Kernel process initialization done.
# Allocation: Simulator allocated 2419 kB (elbread=1070 elab2=300 kernel=1049 sdf=0)
# 4:14 PM, Monday, June 26, 2017
# Simulation has been initialized
# Selected Top-Level: jk_ff (arh)
run 100 ns
# KERNEL: stopped at time: 100 ns
run 100 ns
# KERNEL: stopped at time: 200 ns
run 100 ns
# KERNEL: stopped at time: 300 ns
run 100 ns
# KERNEL: stopped at time: 400 ns
run 100 ns
# KERNEL: stopped at time: 500 ns
run 100 ns
# KERNEL: stopped at time: 600 ns
run 100 ns
# KERNEL: stopped at time: 700 ns
run 100 ns
# KERNEL: stopped at time: 800 ns
run 100 ns
# KERNEL: stopped at time: 900 ns
run 100 ns
# KERNEL: stopped at time: 1 us
run 100 ns
# KERNEL: stopped at time: 1100 ns
run 100 ns
# KERNEL: stopped at time: 1200 ns
run 100 ns
# KERNEL: stopped at time: 1300 ns
# Simulation has been stopped
# Design: 4:31 PM, Monday, June 26, 2017
# Design: Opening design "D:\designshdl\CRET\num_bin\num_bin.adf"
# ELBREAD: Elaboration process.
# ELBREAD: Elaboration time 0.0 [s].
# Design: Design "num_bin" has been set as active.
