#-----------------------------------------------------------
# Vivado v2017.4 (64-bit)
# SW Build 2086221 on Fri Dec 15 20:55:39 MST 2017
# IP Build 2085800 on Fri Dec 15 22:25:07 MST 2017
# Start of session at: Wed May 23 12:35:33 2018
# Process ID: 1624
# Current directory: D:/Student/30238/CalbazaCristina/Lab11
# Command line: vivado.exe -gui_launcher_event rodinguilauncherevent1828 D:\Student\30238\CalbazaCristina\Lab11\Lab11.xpr
# Log file: D:/Student/30238/CalbazaCristina/Lab11/vivado.log
# Journal file: D:/Student/30238/CalbazaCristina/Lab11\vivado.jou
#-----------------------------------------------------------
start_gui
open_project D:/Student/30238/CalbazaCristina/Lab11/Lab11.xpr
Scanning sources...
Finished scanning sources
INFO: [IP_Flow 19-234] Refreshing IP repositories
INFO: [IP_Flow 19-1704] No user IP repositories specified
INFO: [IP_Flow 19-2313] Loaded Vivado IP repository 'C:/Xilinx/Vivado/2017.4/data/ip'.
update_compile_order -fileset sources_1
launch_simulation
INFO: [Vivado 12-5682] Launching behavioral simulation in 'D:/Student/30238/CalbazaCristina/Lab11/Lab11.sim/sim_1/behav/xsim'
INFO: [SIM-utils-51] Simulation object is 'sim_1'
INFO: [SIM-utils-54] Inspecting design source files for 'SELMUXC' in fileset 'sim_1'...
INFO: [USF-XSim-97] Finding global include files...
INFO: [USF-XSim-98] Fetching design files from 'sim_1'...
INFO: [USF-XSim-2] XSim::Compile design
INFO: [USF-XSim-61] Executing 'COMPILE and ANALYZE' step in 'D:/Student/30238/CalbazaCristina/Lab11/Lab11.sim/sim_1/behav/xsim'
"xvhdl --incr --relax -prj SELMUXC_vhdl.prj"
INFO: [USF-XSim-69] 'compile' step finished in '1' seconds
INFO: [USF-XSim-3] XSim::Elaborate design
INFO: [USF-XSim-61] Executing 'ELABORATE' step in 'D:/Student/30238/CalbazaCristina/Lab11/Lab11.sim/sim_1/behav/xsim'
Vivado Simulator 2017.4
Copyright 1986-1999, 2001-2016 Xilinx, Inc. All Rights Reserved.
Running: C:/Xilinx/Vivado/2017.4/bin/unwrapped/win64.o/xelab.exe -wto 215d0cc2b09d4d37bf531938fa5061dd --incr --debug typical --relax --mt 2 -L xil_defaultlib -L secureip --snapshot SELMUXC_behav xil_defaultlib.SELMUXC -log elaborate.log 
Using 2 slave threads.
Starting static elaboration
Completed static elaboration
INFO: [XSIM 43-4323] No Change in HDL. Linking previously generated obj files to create kernel
INFO: [USF-XSim-69] 'elaborate' step finished in '1' seconds
INFO: [USF-XSim-4] XSim::Simulate design
INFO: [USF-XSim-61] Executing 'SIMULATE' step in 'D:/Student/30238/CalbazaCristina/Lab11/Lab11.sim/sim_1/behav/xsim'
INFO: [USF-XSim-98] *** Running xsim
   with args "SELMUXC_behav -key {Behavioral:sim_1:Functional:SELMUXC} -tclbatch {SELMUXC.tcl} -log {simulate.log}"
INFO: [USF-XSim-8] Loading simulator feature
Vivado Simulator 2017.4
Time resolution is 1 ps
source SELMUXC.tcl
# set curr_wave [current_wave_config]
# if { [string length $curr_wave] == 0 } {
#   if { [llength [get_objects]] > 0} {
#     add_wave /
#     set_property needs_save false [current_wave_config]
#   } else {
#      send_msg_id Add_Wave-1 WARNING "No top level signals found. Simulator will start without a wave window. If you want to open a wave window go to 'File->New Waveform Configuration' or type 'create_wave_config' in the TCL console."
#   }
# }
# run 1000ns
INFO: [USF-XSim-96] XSim completed. Design snapshot 'SELMUXC_behav' loaded.
INFO: [USF-XSim-97] XSim simulation ran for 1000ns
launch_runs synth_1 -jobs 4
[Wed May 23 12:40:24 2018] Launched synth_1...
Run output will be captured here: D:/Student/30238/CalbazaCristina/Lab11/Lab11.runs/synth_1/runme.log
reset_run synth_1
launch_runs synth_1 -jobs 4
[Wed May 23 12:41:08 2018] Launched synth_1...
Run output will be captured here: D:/Student/30238/CalbazaCristina/Lab11/Lab11.runs/synth_1/runme.log
close_sim
INFO: [Simtcl 6-16] Simulation closed
launch_simulation
INFO: [Vivado 12-5682] Launching behavioral simulation in 'D:/Student/30238/CalbazaCristina/Lab11/Lab11.sim/sim_1/behav/xsim'
INFO: [SIM-utils-51] Simulation object is 'sim_1'
INFO: [SIM-utils-54] Inspecting design source files for 'SELMUXC' in fileset 'sim_1'...
INFO: [USF-XSim-97] Finding global include files...
INFO: [USF-XSim-98] Fetching design files from 'sim_1'...
INFO: [USF-XSim-2] XSim::Compile design
INFO: [USF-XSim-61] Executing 'COMPILE and ANALYZE' step in 'D:/Student/30238/CalbazaCristina/Lab11/Lab11.sim/sim_1/behav/xsim'
"xvhdl --incr --relax -prj SELMUXC_vhdl.prj"
INFO: [USF-XSim-69] 'compile' step finished in '1' seconds
INFO: [USF-XSim-3] XSim::Elaborate design
INFO: [USF-XSim-61] Executing 'ELABORATE' step in 'D:/Student/30238/CalbazaCristina/Lab11/Lab11.sim/sim_1/behav/xsim'
Vivado Simulator 2017.4
Copyright 1986-1999, 2001-2016 Xilinx, Inc. All Rights Reserved.
Running: C:/Xilinx/Vivado/2017.4/bin/unwrapped/win64.o/xelab.exe -wto 215d0cc2b09d4d37bf531938fa5061dd --incr --debug typical --relax --mt 2 -L xil_defaultlib -L secureip --snapshot SELMUXC_behav xil_defaultlib.SELMUXC -log elaborate.log 
Using 2 slave threads.
Starting static elaboration
Completed static elaboration
INFO: [XSIM 43-4323] No Change in HDL. Linking previously generated obj files to create kernel
INFO: [USF-XSim-69] 'elaborate' step finished in '1' seconds
INFO: [USF-XSim-4] XSim::Simulate design
INFO: [USF-XSim-61] Executing 'SIMULATE' step in 'D:/Student/30238/CalbazaCristina/Lab11/Lab11.sim/sim_1/behav/xsim'
INFO: [USF-XSim-98] *** Running xsim
   with args "SELMUXC_behav -key {Behavioral:sim_1:Functional:SELMUXC} -tclbatch {SELMUXC.tcl} -log {simulate.log}"
INFO: [USF-XSim-8] Loading simulator feature
Vivado Simulator 2017.4
Time resolution is 1 ps
source SELMUXC.tcl
# set curr_wave [current_wave_config]
# if { [string length $curr_wave] == 0 } {
#   if { [llength [get_objects]] > 0} {
#     add_wave /
#     set_property needs_save false [current_wave_config]
#   } else {
#      send_msg_id Add_Wave-1 WARNING "No top level signals found. Simulator will start without a wave window. If you want to open a wave window go to 'File->New Waveform Configuration' or type 'create_wave_config' in the TCL console."
#   }
# }
# run 1000ns
INFO: [USF-XSim-96] XSim completed. Design snapshot 'SELMUXC_behav' loaded.
INFO: [USF-XSim-97] XSim simulation ran for 1000ns
reset_run synth_1
WARNING: [Vivado 12-1017] Problems encountered:
1. Failed to delete one or more files in run directory D:/Student/30238/CalbazaCristina/Lab11/Lab11.runs/synth_1

launch_runs synth_1 -jobs 4
[Wed May 23 13:08:46 2018] Launched synth_1...
Run output will be captured here: D:/Student/30238/CalbazaCristina/Lab11/Lab11.runs/synth_1/runme.log
close_sim
INFO: [Simtcl 6-16] Simulation closed
launch_simulation
INFO: [Vivado 12-5682] Launching behavioral simulation in 'D:/Student/30238/CalbazaCristina/Lab11/Lab11.sim/sim_1/behav/xsim'
INFO: [SIM-utils-51] Simulation object is 'sim_1'
INFO: [SIM-utils-54] Inspecting design source files for 'SELMUXC' in fileset 'sim_1'...
INFO: [USF-XSim-97] Finding global include files...
INFO: [USF-XSim-98] Fetching design files from 'sim_1'...
INFO: [USF-XSim-2] XSim::Compile design
INFO: [USF-XSim-61] Executing 'COMPILE and ANALYZE' step in 'D:/Student/30238/CalbazaCristina/Lab11/Lab11.sim/sim_1/behav/xsim'
"xvhdl --incr --relax -prj SELMUXC_vhdl.prj"
INFO: [USF-XSim-69] 'compile' step finished in '1' seconds
INFO: [USF-XSim-3] XSim::Elaborate design
INFO: [USF-XSim-61] Executing 'ELABORATE' step in 'D:/Student/30238/CalbazaCristina/Lab11/Lab11.sim/sim_1/behav/xsim'
Vivado Simulator 2017.4
Copyright 1986-1999, 2001-2016 Xilinx, Inc. All Rights Reserved.
Running: C:/Xilinx/Vivado/2017.4/bin/unwrapped/win64.o/xelab.exe -wto 215d0cc2b09d4d37bf531938fa5061dd --incr --debug typical --relax --mt 2 -L xil_defaultlib -L secureip --snapshot SELMUXC_behav xil_defaultlib.SELMUXC -log elaborate.log 
Using 2 slave threads.
Starting static elaboration
Completed static elaboration
INFO: [XSIM 43-4323] No Change in HDL. Linking previously generated obj files to create kernel
INFO: [USF-XSim-69] 'elaborate' step finished in '1' seconds
INFO: [USF-XSim-4] XSim::Simulate design
INFO: [USF-XSim-61] Executing 'SIMULATE' step in 'D:/Student/30238/CalbazaCristina/Lab11/Lab11.sim/sim_1/behav/xsim'
INFO: [USF-XSim-98] *** Running xsim
   with args "SELMUXC_behav -key {Behavioral:sim_1:Functional:SELMUXC} -tclbatch {SELMUXC.tcl} -log {simulate.log}"
INFO: [USF-XSim-8] Loading simulator feature
Vivado Simulator 2017.4
Time resolution is 1 ps
source SELMUXC.tcl
# set curr_wave [current_wave_config]
# if { [string length $curr_wave] == 0 } {
#   if { [llength [get_objects]] > 0} {
#     add_wave /
#     set_property needs_save false [current_wave_config]
#   } else {
#      send_msg_id Add_Wave-1 WARNING "No top level signals found. Simulator will start without a wave window. If you want to open a wave window go to 'File->New Waveform Configuration' or type 'create_wave_config' in the TCL console."
#   }
# }
# run 1000ns
INFO: [USF-XSim-96] XSim completed. Design snapshot 'SELMUXC_behav' loaded.
INFO: [USF-XSim-97] XSim simulation ran for 1000ns
reset_run synth_1
WARNING: [Vivado 12-1017] Problems encountered:
1. Failed to delete one or more files in run directory D:/Student/30238/CalbazaCristina/Lab11/Lab11.runs/synth_1

launch_runs synth_1 -jobs 4
[Wed May 23 13:09:36 2018] Launched synth_1...
Run output will be captured here: D:/Student/30238/CalbazaCristina/Lab11/Lab11.runs/synth_1/runme.log
launch_runs impl_1 -jobs 4
[Wed May 23 13:10:10 2018] Launched impl_1...
Run output will be captured here: D:/Student/30238/CalbazaCristina/Lab11/Lab11.runs/impl_1/runme.log
launch_runs impl_1 -to_step write_bitstream -jobs 4
[Wed May 23 13:11:33 2018] Launched impl_1...
Run output will be captured here: D:/Student/30238/CalbazaCristina/Lab11/Lab11.runs/impl_1/runme.log
add_files -fileset constrs_1 -norecurse D:/Student/30238/CalbazaCristina/Lab11/Lab11.srcs/sources_1/new/Nexys4DDR_Master.xdc
reset_run synth_1
WARNING: [Vivado 12-1017] Problems encountered:
1. Failed to delete one or more files in run directory D:/Student/30238/CalbazaCristina/Lab11/Lab11.runs/synth_1

launch_runs impl_1 -to_step write_bitstream -jobs 4
[Wed May 23 13:13:50 2018] Launched synth_1...
Run output will be captured here: D:/Student/30238/CalbazaCristina/Lab11/Lab11.runs/synth_1/runme.log
[Wed May 23 13:13:50 2018] Launched impl_1...
Run output will be captured here: D:/Student/30238/CalbazaCristina/Lab11/Lab11.runs/impl_1/runme.log
close_sim
INFO: [Simtcl 6-16] Simulation closed
launch_simulation
INFO: [Vivado 12-5682] Launching behavioral simulation in 'D:/Student/30238/CalbazaCristina/Lab11/Lab11.sim/sim_1/behav/xsim'
INFO: [SIM-utils-51] Simulation object is 'sim_1'
INFO: [SIM-utils-54] Inspecting design source files for 'SELMUXC' in fileset 'sim_1'...
INFO: [USF-XSim-97] Finding global include files...
INFO: [USF-XSim-98] Fetching design files from 'sim_1'...
INFO: [USF-XSim-2] XSim::Compile design
INFO: [USF-XSim-61] Executing 'COMPILE and ANALYZE' step in 'D:/Student/30238/CalbazaCristina/Lab11/Lab11.sim/sim_1/behav/xsim'
"xvhdl --incr --relax -prj SELMUXC_vhdl.prj"
INFO: [USF-XSim-69] 'compile' step finished in '1' seconds
INFO: [USF-XSim-3] XSim::Elaborate design
INFO: [USF-XSim-61] Executing 'ELABORATE' step in 'D:/Student/30238/CalbazaCristina/Lab11/Lab11.sim/sim_1/behav/xsim'
Vivado Simulator 2017.4
Copyright 1986-1999, 2001-2016 Xilinx, Inc. All Rights Reserved.
Running: C:/Xilinx/Vivado/2017.4/bin/unwrapped/win64.o/xelab.exe -wto 215d0cc2b09d4d37bf531938fa5061dd --incr --debug typical --relax --mt 2 -L xil_defaultlib -L secureip --snapshot SELMUXC_behav xil_defaultlib.SELMUXC -log elaborate.log 
Using 2 slave threads.
Starting static elaboration
Completed static elaboration
INFO: [XSIM 43-4323] No Change in HDL. Linking previously generated obj files to create kernel
INFO: [USF-XSim-69] 'elaborate' step finished in '1' seconds
INFO: [USF-XSim-4] XSim::Simulate design
INFO: [USF-XSim-61] Executing 'SIMULATE' step in 'D:/Student/30238/CalbazaCristina/Lab11/Lab11.sim/sim_1/behav/xsim'
INFO: [USF-XSim-98] *** Running xsim
   with args "SELMUXC_behav -key {Behavioral:sim_1:Functional:SELMUXC} -tclbatch {SELMUXC.tcl} -log {simulate.log}"
INFO: [USF-XSim-8] Loading simulator feature
Vivado Simulator 2017.4
Time resolution is 1 ps
source SELMUXC.tcl
# set curr_wave [current_wave_config]
# if { [string length $curr_wave] == 0 } {
#   if { [llength [get_objects]] > 0} {
#     add_wave /
#     set_property needs_save false [current_wave_config]
#   } else {
#      send_msg_id Add_Wave-1 WARNING "No top level signals found. Simulator will start without a wave window. If you want to open a wave window go to 'File->New Waveform Configuration' or type 'create_wave_config' in the TCL console."
#   }
# }
# run 1000ns
INFO: [USF-XSim-96] XSim completed. Design snapshot 'SELMUXC_behav' loaded.
INFO: [USF-XSim-97] XSim simulation ran for 1000ns
reset_run synth_1
WARNING: [Vivado 12-1017] Problems encountered:
1. Failed to delete one or more files in run directory D:/Student/30238/CalbazaCristina/Lab11/Lab11.runs/synth_1

launch_runs synth_1 -jobs 4
[Wed May 23 13:15:43 2018] Launched synth_1...
Run output will be captured here: D:/Student/30238/CalbazaCristina/Lab11/Lab11.runs/synth_1/runme.log
launch_runs impl_1 -jobs 4
[Wed May 23 13:16:52 2018] Launched impl_1...
Run output will be captured here: D:/Student/30238/CalbazaCristina/Lab11/Lab11.runs/impl_1/runme.log
close_sim
INFO: [Simtcl 6-16] Simulation closed
exit
INFO: [Common 17-206] Exiting Vivado at Wed May 23 13:59:58 2018...
