--------------------------------------------------------------------------------
Release 8.2i Trace 
Copyright (c) 1995-2006 Xilinx, Inc.  All rights reserved.

C:\Xilinx\bin\nt\trce.exe -ise
C:/Users/Platon/Documents/University/an2_sem2/CA/laboratory/work/MIPS16/MIPS16.ise
-intstyle ise -e 3 -l 3 -s 4 -xml project project.ncd -o project.twr
project.pcf -ucf mips16.ucf

Design file:              project.ncd
Physical constraint file: project.pcf
Device,speed:             xc3s100e,-4 (PRODUCTION 1.23 2006-05-10)
Report level:             error report

Environment Variable      Effect 
--------------------      ------ 
NONE                      No environment variables were set
--------------------------------------------------------------------------------

INFO:Timing:2698 - No timing constraints found, doing default enumeration.
INFO:Timing:2752 - To get complete path coverage, use the unconstrained paths 
   option. All paths that are not constrained will be reported in the 
   unconstrained paths section(s) of the report.



Data Sheet report:
-----------------
All values displayed in nanoseconds (ns)

Setup/Hold to clock clk
------------+------------+------------+------------------+--------+
            |  Setup to  |  Hold to   |                  | Clock  |
Source      | clk (edge) | clk (edge) |Internal Clock(s) | Phase  |
------------+------------+------------+------------------+--------+
btn<3>      |    3.545(R)|   -0.802(R)|clk_BUFGP         |   0.000|
------------+------------+------------+------------------+--------+

Clock clk to Pad
------------+------------+------------------+--------+
            | clk (edge) |                  | Clock  |
Destination |   to PAD   |Internal Clock(s) | Phase  |
------------+------------+------------------+--------+
an<0>       |    9.673(R)|clk_BUFGP         |   0.000|
an<1>       |    9.326(R)|clk_BUFGP         |   0.000|
an<2>       |    9.144(R)|clk_BUFGP         |   0.000|
an<3>       |    9.311(R)|clk_BUFGP         |   0.000|
cat<0>      |   11.672(R)|clk_BUFGP         |   0.000|
cat<1>      |   11.735(R)|clk_BUFGP         |   0.000|
cat<2>      |   11.290(R)|clk_BUFGP         |   0.000|
cat<3>      |   11.822(R)|clk_BUFGP         |   0.000|
cat<4>      |   11.810(R)|clk_BUFGP         |   0.000|
cat<5>      |   11.985(R)|clk_BUFGP         |   0.000|
cat<6>      |   12.191(R)|clk_BUFGP         |   0.000|
------------+------------+------------------+--------+

Clock to Setup on destination clock clk
---------------+---------+---------+---------+---------+
               | Src:Rise| Src:Fall| Src:Rise| Src:Fall|
Source Clock   |Dest:Rise|Dest:Rise|Dest:Fall|Dest:Fall|
---------------+---------+---------+---------+---------+
clk            |    4.591|         |         |         |
---------------+---------+---------+---------+---------+

Pad to Pad
---------------+---------------+---------+
Source Pad     |Destination Pad|  Delay  |
---------------+---------------+---------+
sw<0>          |cat<0>         |   17.158|
sw<0>          |cat<1>         |   17.117|
sw<0>          |cat<2>         |   16.617|
sw<0>          |cat<3>         |   17.149|
sw<0>          |cat<4>         |   17.202|
sw<0>          |cat<5>         |   17.432|
sw<0>          |cat<6>         |   17.677|
sw<1>          |cat<0>         |   17.491|
sw<1>          |cat<1>         |   17.450|
sw<1>          |cat<2>         |   16.950|
sw<1>          |cat<3>         |   17.482|
sw<1>          |cat<4>         |   17.535|
sw<1>          |cat<5>         |   17.765|
sw<1>          |cat<6>         |   18.010|
sw<2>          |cat<0>         |   16.268|
sw<2>          |cat<1>         |   16.227|
sw<2>          |cat<2>         |   15.727|
sw<2>          |cat<3>         |   16.259|
sw<2>          |cat<4>         |   16.312|
sw<2>          |cat<5>         |   16.542|
sw<2>          |cat<6>         |   16.787|
sw<3>          |cat<0>         |   16.240|
sw<3>          |cat<1>         |   16.199|
sw<3>          |cat<2>         |   15.699|
sw<3>          |cat<3>         |   16.231|
sw<3>          |cat<4>         |   16.284|
sw<3>          |cat<5>         |   16.514|
sw<3>          |cat<6>         |   16.759|
---------------+---------------+---------+


Analysis completed Wed May 15 19:28:22 2013
--------------------------------------------------------------------------------

Trace Settings:
-------------------------
Trace Settings 

Peak Memory Usage: 175 MB



