acom -reorder $DSN/src/REGISTRU_UNIVERSAL.vhd
# Compile with File Reorder...
# File: D:\designshdl\CLV_2008\REGISTRU_UNIVERSAL\src\REGISTRU_UNIVERSAL.vhd
# Compile Entity "REGISTRU_UNIVERSAL"
# Error: COMP96_0015: REGISTRU_UNIVERSAL.vhd : (8, 2): ';' expected.
# Compile Architecture "arh" of Entity "REGISTR_UNIVERSAL"
# Error: COMP96_0029: REGISTRU_UNIVERSAL.vhd : (16, 47): Expression expected.
# Error: COMP96_0015: REGISTRU_UNIVERSAL.vhd : (22, 28): ':=' expected.
# Compile failure 3 Errors 0 Warnings  Analysis time :  0.0 [s]
acom -reorder $DSN/src/REGISTRU_UNIVERSAL.vhd
# Compile with File Reorder...
# File: D:\designshdl\CLV_2008\REGISTRU_UNIVERSAL\src\REGISTRU_UNIVERSAL.vhd
# Compile Entity "REGISTRU_UNIVERSAL"
# Compile Architecture "arh" of Entity "REGISTR_UNIVERSAL"
# Error: COMP96_0029: REGISTRU_UNIVERSAL.vhd : (16, 47): Expression expected.
# Error: COMP96_0015: REGISTRU_UNIVERSAL.vhd : (22, 28): ':=' expected.
# Compile failure 2 Errors 0 Warnings  Analysis time :  0.0 [s]
acom $DSN/src/REGISTRU_UNIVERSAL.vhd
# Compile...
# File: D:\designshdl\CLV_2008\REGISTRU_UNIVERSAL\src\REGISTRU_UNIVERSAL.vhd
# Compile Entity "REGISTRU_UNIVERSAL"
# Entity `REGISTRU_UNIVERSAL' has been skipped - no difference detected.
# Compile Architecture "arh" of Entity "REGISTR_UNIVERSAL"
# Error: COMP96_0029: REGISTRU_UNIVERSAL.vhd : (16, 48): Expression expected.
# Compile failure 1 Errors 0 Warnings  Analysis time :  0.0 [s]
acom $DSN/src/REGISTRU_UNIVERSAL.vhd
# Compile...
# File: D:\designshdl\CLV_2008\REGISTRU_UNIVERSAL\src\REGISTRU_UNIVERSAL.vhd
# Compile Entity "REGISTRU_UNIVERSAL"
# Entity `REGISTRU_UNIVERSAL' has been skipped - no difference detected.
# Compile Architecture "arh" of Entity "REGISTR_UNIVERSAL"
# Error: COMP96_0029: REGISTRU_UNIVERSAL.vhd : (16, 48): Expression expected.
# Compile failure 1 Errors 0 Warnings  Analysis time :  0.0 [s]
acom $DSN/src/REGISTRU_UNIVERSAL.vhd
# Compile...
# File: D:\designshdl\CLV_2008\REGISTRU_UNIVERSAL\src\REGISTRU_UNIVERSAL.vhd
# Compile Entity "REGISTRU_UNIVERSAL"
# Entity `REGISTRU_UNIVERSAL' has been skipped - no difference detected.
# Compile Architecture "arh" of Entity "REGISTR_UNIVERSAL"
# Error: COMP96_0056: REGISTRU_UNIVERSAL.vhd : (13, 1): Cannot find referenced entity declaration "REGISTR_UNIVERSAL".
# Compile failure 1 Errors 0 Warnings  Analysis time :  0.1 [s]
acom $DSN/src/REGISTRU_UNIVERSAL.vhd
# Compile...
# File: D:\designshdl\CLV_2008\REGISTRU_UNIVERSAL\src\REGISTRU_UNIVERSAL.vhd
# Compile Entity "REGISTRU_UNIVERSAL"
# Entity `REGISTRU_UNIVERSAL' has been skipped - no difference detected.
# Compile Architecture "arh" of Entity "REGISTRU_UNIVERSAL"
# Compile success 0 Errors 0 Warnings  Analysis time :  0.1 [s]
acom $DSN/src/REGISTRU_UNIVERSAL.vhd
# Compile...
# File: D:\designshdl\CLV_2008\REGISTRU_UNIVERSAL\src\REGISTRU_UNIVERSAL.vhd
# Compile Entity "REGISTRU_UNIVERSAL"
# Entity `REGISTRU_UNIVERSAL' has been skipped - no difference detected.
# Compile Architecture "arh" of Entity "REGISTRU_UNIVERSAL"
# Compile success 0 Errors 0 Warnings  Analysis time :  0.1 [s]
# ELBREAD: Elaboration process.
# ELBREAD: Elaboration time 0.0 [s].
asim -advdataflow  registru_universal arh
# ELBREAD: Elaboration process.
# ELBREAD: Elaboration time 0.0 [s].
# asim: Stack memory: 32MB
# asim: Retval memory: 32MB
# KERNEL: Main thread initiated.
# KERNEL: Kernel process initialization phase.
# KERNEL: Time resolution set to 1ps.
# ELAB2: Elaboration final pass...
# ELAB2: Create instances ...
# ELAB2: Create instances complete.
# ELAB2: Elaboration final pass complete - time: 0.0 [s].
# KERNEL: Kernel process initialization done.
# Allocation: Simulator allocated 2422 kB (elbread=1070 elab2=303 kernel=1049 sdf=0)
# 12:56 AM, Sunday, May 21, 2017
# Simulation has been initialized
# Selected Top-Level: registru_universal (arh)
run 100 ns
# KERNEL: stopped at time: 100 ns
# KERNEL: Simulation has finished. There are no more test vectors to simulate.
run 100 ns
# KERNEL: stopped at time: 200 ns
run 100 ns
# KERNEL: stopped at time: 300 ns
run 100 ns
# KERNEL: stopped at time: 400 ns
run 100 ns
# KERNEL: stopped at time: 500 ns
run 100 ns
# KERNEL: stopped at time: 600 ns
run 100 ns
# KERNEL: stopped at time: 700 ns
run 100 ns
# KERNEL: stopped at time: 800 ns
run 100 ns
# KERNEL: stopped at time: 900 ns
run 100 ns
# KERNEL: stopped at time: 1 us
run 100 ns
# KERNEL: stopped at time: 1100 ns
run 100 ns
# KERNEL: stopped at time: 1200 ns
run 100 ns
# KERNEL: stopped at time: 1300 ns
run 100 ns
# KERNEL: stopped at time: 1400 ns
run 100 ns
# KERNEL: stopped at time: 1500 ns
run 100 ns
# KERNEL: stopped at time: 1600 ns
run 100 ns
# KERNEL: stopped at time: 1700 ns
run 100 ns
# KERNEL: stopped at time: 1800 ns
run 100 ns
# KERNEL: stopped at time: 1900 ns
run 100 ns
# KERNEL: stopped at time: 2 us
# Simulation has been stopped
# Design: Design "FIFO" has been set as active.
