Release 14.7 - xst P.20131013 (nt64)
Copyright (c) 1995-2013 Xilinx, Inc.  All rights reserved.
--> Parameter TMPDIR set to xst/projnav.tmp


Total REAL time to Xst completion: 1.00 secs
Total CPU time to Xst completion: 0.13 secs
 
--> Parameter xsthdpdir set to xst


Total REAL time to Xst completion: 1.00 secs
Total CPU time to Xst completion: 0.13 secs
 
--> Reading design: FIFO.prj

TABLE OF CONTENTS
  1) Synthesis Options Summary
  2) HDL Parsing
  3) HDL Elaboration
  4) HDL Synthesis
       4.1) HDL Synthesis Report
  5) Advanced HDL Synthesis
       5.1) Advanced HDL Synthesis Report
  6) Low Level Synthesis
  7) Partition Report
  8) Design Summary
       8.1) Primitive and Black Box Usage
       8.2) Device utilization summary
       8.3) Partition Resource Summary
       8.4) Timing Report
            8.4.1) Clock Information
            8.4.2) Asynchronous Control Signals Information
            8.4.3) Timing Summary
            8.4.4) Timing Details
            8.4.5) Cross Clock Domains Report


=========================================================================
*                      Synthesis Options Summary                        *
=========================================================================
---- Source Parameters
Input File Name                    : "FIFO.prj"
Ignore Synthesis Constraint File   : NO

---- Target Parameters
Output File Name                   : "FIFO"
Output Format                      : NGC
Target Device                      : xc6slx16-3-csg324

---- Source Options
Top Module Name                    : FIFO
Automatic FSM Extraction           : YES
FSM Encoding Algorithm             : Auto
Safe Implementation                : No
FSM Style                          : LUT
RAM Extraction                     : Yes
RAM Style                          : Auto
ROM Extraction                     : Yes
Shift Register Extraction          : YES
ROM Style                          : Auto
Resource Sharing                   : YES
Asynchronous To Synchronous        : NO
Shift Register Minimum Size        : 2
Use DSP Block                      : Auto
Automatic Register Balancing       : No

---- Target Options
LUT Combining                      : Auto
Reduce Control Sets                : Auto
Add IO Buffers                     : YES
Global Maximum Fanout              : 100000
Add Generic Clock Buffer(BUFG)     : 16
Register Duplication               : YES
Optimize Instantiated Primitives   : NO
Use Clock Enable                   : Auto
Use Synchronous Set                : Auto
Use Synchronous Reset              : Auto
Pack IO Registers into IOBs        : Auto
Equivalent register Removal        : YES

---- General Options
Optimization Goal                  : Speed
Optimization Effort                : 1
Power Reduction                    : NO
Keep Hierarchy                     : No
Netlist Hierarchy                  : As_Optimized
RTL Output                         : Yes
Global Optimization                : AllClockNets
Read Cores                         : YES
Write Timing Constraints           : NO
Cross Clock Analysis               : NO
Hierarchy Separator                : /
Bus Delimiter                      : <>
Case Specifier                     : Maintain
Slice Utilization Ratio            : 100
BRAM Utilization Ratio             : 100
DSP48 Utilization Ratio            : 100
Auto BRAM Packing                  : NO
Slice Utilization Ratio Delta      : 5

=========================================================================


=========================================================================
*                          HDL Parsing                                  *
=========================================================================
Parsing VHDL file "E:\Facultate\STATUS\C4UD.vhd" into library work
Parsing entity <C4UD>.
Parsing architecture <ARHC4UD> of entity <c4ud>.
Parsing VHDL file "E:\Facultate\STATUS\C4U.vhd" into library work
Parsing entity <C4U>.
Parsing architecture <ARHNUM> of entity <c4u>.
Parsing VHDL file "E:\Facultate\STATUS\FIFOStatus.vhd" into library work
Parsing entity <STATUS>.
Parsing architecture <ARHSTATUS> of entity <status>.
Parsing VHDL file "E:\Facultate\STATUS\FIFOMemory.vhd" into library work
Parsing entity <MEMORY>.
Parsing architecture <ARHMEMORY> of entity <memory>.
Parsing VHDL file "E:\Facultate\STATUS\FIFOControl.vhd" into library work
Parsing entity <CONTROL>.
Parsing architecture <ARHCONTROL> of entity <control>.
Parsing VHDL file "E:\Facultate\STATUS\DIVFREC.vhd" into library work
Parsing entity <DIVIZOR>.
Parsing architecture <ARHDIV> of entity <divizor>.
Parsing VHDL file "E:\Facultate\STATUS\BCD.vhd" into library work
Parsing entity <SSD>.
Parsing architecture <Behavioral> of entity <ssd>.
Parsing VHDL file "E:\Facultate\STATUS\FIFO.vhd" into library work
Parsing entity <FIFO>.
Parsing architecture <ARHFIFO> of entity <fifo>.

=========================================================================
*                            HDL Elaboration                            *
=========================================================================

Elaborating entity <FIFO> (architecture <ARHFIFO>) from library <work>.

Elaborating entity <DIVIZOR> (architecture <ARHDIV>) from library <work>.

Elaborating entity <CONTROL> (architecture <ARHCONTROL>) from library <work>.

Elaborating entity <STATUS> (architecture <ARHSTATUS>) from library <work>.

Elaborating entity <C4UD> (architecture <ARHC4UD>) from library <work>.

Elaborating entity <MEMORY> (architecture <ARHMEMORY>) from library <work>.

Elaborating entity <C4U> (architecture <ARHNUM>) from library <work>.

Elaborating entity <SSD> (architecture <Behavioral>) from library <work>.
INFO:HDLCompiler:679 - "E:\Facultate\STATUS\BCD.vhd" Line 41. Case statement is complete. others clause is never selected

=========================================================================
*                           HDL Synthesis                               *
=========================================================================

Synthesizing Unit <FIFO>.
    Related source file is "E:\Facultate\STATUS\FIFO.vhd".
    Summary:
	no macro.
Unit <FIFO> synthesized.

Synthesizing Unit <DIVIZOR>.
    Related source file is "E:\Facultate\STATUS\DIVFREC.vhd".
    Found 51-bit register for signal <var_CLK>.
    Found 51-bit adder for signal <var_CLK[0]_GND_6_o_add_0_OUT> created at line 17.
    Summary:
	inferred   1 Adder/Subtractor(s).
	inferred  51 D-type flip-flop(s).
Unit <DIVIZOR> synthesized.

Synthesizing Unit <CONTROL>.
    Related source file is "E:\Facultate\STATUS\FIFOControl.vhd".
    Summary:
	no macro.
Unit <CONTROL> synthesized.

Synthesizing Unit <STATUS>.
    Related source file is "E:\Facultate\STATUS\FIFOStatus.vhd".
    Found 1-bit register for signal <VLAST>.
    Found 1-bit register for signal <VFULL>.
    Found 1-bit register for signal <VEMPTY>.
    Summary:
	inferred   3 D-type flip-flop(s).
Unit <STATUS> synthesized.

Synthesizing Unit <C4UD>.
    Related source file is "E:\Facultate\STATUS\C4UD.vhd".
    Found 4-bit register for signal <N>.
    Found 4-bit adder for signal <N[3]_GND_9_o_add_0_OUT> created at line 14.
    Found 4-bit subtractor for signal <GND_9_o_GND_9_o_sub_2_OUT<3:0>> created at line 15.
    Summary:
	inferred   1 Adder/Subtractor(s).
	inferred   4 D-type flip-flop(s).
Unit <C4UD> synthesized.

Synthesizing Unit <MEMORY>.
    Related source file is "E:\Facultate\STATUS\FIFOMemory.vhd".
WARNING:Xst:3015 - Contents of array <RAM> may be accessed with an index that does not cover the full array size or with a negative index. The RAM size is reduced to the index upper access or for only positive index values.
    Found 16x8-bit dual-port RAM <Mram_RAM> for signal <RAM>.
    Found 8-bit register for signal <DATAOUT>.
    Summary:
	inferred   1 RAM(s).
	inferred   8 D-type flip-flop(s).
Unit <MEMORY> synthesized.

Synthesizing Unit <C4U>.
    Related source file is "E:\Facultate\STATUS\C4U.vhd".
    Found 4-bit register for signal <N>.
    Found 4-bit adder for signal <N[3]_GND_11_o_add_0_OUT> created at line 14.
    Summary:
	inferred   1 Adder/Subtractor(s).
	inferred   4 D-type flip-flop(s).
Unit <C4U> synthesized.

Synthesizing Unit <SSD>.
    Related source file is "E:\Facultate\STATUS\BCD.vhd".
    Found 16-bit register for signal <countSSD>.
    Found 16-bit adder for signal <countSSD[15]_GND_12_o_add_0_OUT> created at line 24.
    Found 4x4-bit Read Only RAM for signal <an>
    Found 16x7-bit Read Only RAM for signal <cat>
    Found 1-bit 4-to-1 multiplexer for signal <mux_out<3>> created at line 65.
    Found 1-bit 4-to-1 multiplexer for signal <mux_out<2>> created at line 65.
    Found 1-bit 4-to-1 multiplexer for signal <mux_out<1>> created at line 65.
    Found 1-bit 4-to-1 multiplexer for signal <mux_out<0>> created at line 65.
    Summary:
	inferred   2 RAM(s).
	inferred   1 Adder/Subtractor(s).
	inferred  16 D-type flip-flop(s).
	inferred   4 Multiplexer(s).
Unit <SSD> synthesized.

=========================================================================
HDL Synthesis Report

Macro Statistics
# RAMs                                                 : 3
 16x7-bit single-port Read Only RAM                    : 1
 16x8-bit dual-port RAM                                : 1
 4x4-bit single-port Read Only RAM                     : 1
# Adders/Subtractors                                   : 5
 16-bit adder                                          : 1
 4-bit adder                                           : 2
 4-bit addsub                                          : 1
 51-bit adder                                          : 1
# Registers                                            : 9
 1-bit register                                        : 3
 16-bit register                                       : 1
 4-bit register                                        : 3
 51-bit register                                       : 1
 8-bit register                                        : 1
# Multiplexers                                         : 4
 1-bit 4-to-1 multiplexer                              : 4

=========================================================================

=========================================================================
*                       Advanced HDL Synthesis                          *
=========================================================================


Synthesizing (advanced) Unit <C4U>.
The following registers are absorbed into counter <N>: 1 register on signal <N>.
Unit <C4U> synthesized (advanced).

Synthesizing (advanced) Unit <C4UD>.
The following registers are absorbed into counter <N>: 1 register on signal <N>.
Unit <C4UD> synthesized (advanced).

Synthesizing (advanced) Unit <DIVIZOR>.
The following registers are absorbed into counter <var_CLK>: 1 register on signal <var_CLK>.
Unit <DIVIZOR> synthesized (advanced).

Synthesizing (advanced) Unit <MEMORY>.
INFO:Xst:3231 - The small RAM <Mram_RAM> will be implemented on LUTs in order to maximize performance and save block RAM resources. If you want to force its implementation on block, use option/constraint ram_style.
    -----------------------------------------------------------------------
    | ram_type           | Distributed                         |          |
    -----------------------------------------------------------------------
    | Port A                                                              |
    |     aspect ratio   | 16-word x 8-bit                     |          |
    |     clkA           | connected to signal <CLK>           | rise     |
    |     weA            | connected to signal <CE_WR>         | high     |
    |     addrA          | connected to signal <AW>            |          |
    |     diA            | connected to signal <DATAIN>        |          |
    -----------------------------------------------------------------------
    | Port B                                                              |
    |     aspect ratio   | 16-word x 8-bit                     |          |
    |     addrB          | connected to signal <AR>            |          |
    |     doB            | connected to internal node          |          |
    -----------------------------------------------------------------------
Unit <MEMORY> synthesized (advanced).

Synthesizing (advanced) Unit <SSD>.
The following registers are absorbed into counter <countSSD>: 1 register on signal <countSSD>.
INFO:Xst:3218 - HDL ADVISOR - The RAM <Mram_an> will be implemented on LUTs either because you have described an asynchronous read or because of currently unsupported block RAM features. If you have described an asynchronous read, making it synchronous would allow you to take advantage of available block RAM resources, for optimized device usage and improved timings. Please refer to your documentation for coding guidelines.
    -----------------------------------------------------------------------
    | ram_type           | Distributed                         |          |
    -----------------------------------------------------------------------
    | Port A                                                              |
    |     aspect ratio   | 4-word x 4-bit                      |          |
    |     weA            | connected to signal <GND>           | high     |
    |     addrA          | connected to signal <countSSD>      |          |
    |     diA            | connected to signal <GND>           |          |
    |     doA            | connected to signal <an>            |          |
    -----------------------------------------------------------------------
INFO:Xst:3218 - HDL ADVISOR - The RAM <Mram_cat> will be implemented on LUTs either because you have described an asynchronous read or because of currently unsupported block RAM features. If you have described an asynchronous read, making it synchronous would allow you to take advantage of available block RAM resources, for optimized device usage and improved timings. Please refer to your documentation for coding guidelines.
    -----------------------------------------------------------------------
    | ram_type           | Distributed                         |          |
    -----------------------------------------------------------------------
    | Port A                                                              |
    |     aspect ratio   | 16-word x 7-bit                     |          |
    |     weA            | connected to signal <GND>           | high     |
    |     addrA          | connected to signal <mux_out>       |          |
    |     diA            | connected to signal <GND>           |          |
    |     doA            | connected to signal <cat>           |          |
    -----------------------------------------------------------------------
Unit <SSD> synthesized (advanced).

=========================================================================
Advanced HDL Synthesis Report

Macro Statistics
# RAMs                                                 : 3
 16x7-bit single-port distributed Read Only RAM        : 1
 16x8-bit dual-port distributed RAM                    : 1
 4x4-bit single-port distributed Read Only RAM         : 1
# Counters                                             : 5
 16-bit up counter                                     : 1
 4-bit up counter                                      : 2
 4-bit updown counter                                  : 1
 51-bit up counter                                     : 1
# Registers                                            : 11
 Flip-Flops                                            : 11
# Multiplexers                                         : 4
 1-bit 4-to-1 multiplexer                              : 4

=========================================================================

=========================================================================
*                         Low Level Synthesis                           *
=========================================================================

Optimizing unit <FIFO> ...

Optimizing unit <MEMORY> ...

Optimizing unit <STATUS> ...
INFO:Xst:2261 - The FF/Latch <Frecventa/var_CLK_40> in Unit <FIFO> is equivalent to the following FF/Latch, which will be removed : <Afisare/countSSD_10> 
INFO:Xst:2261 - The FF/Latch <Frecventa/var_CLK_35> in Unit <FIFO> is equivalent to the following FF/Latch, which will be removed : <Afisare/countSSD_15> 
INFO:Xst:2261 - The FF/Latch <Frecventa/var_CLK_41> in Unit <FIFO> is equivalent to the following FF/Latch, which will be removed : <Afisare/countSSD_9> 
INFO:Xst:2261 - The FF/Latch <Frecventa/var_CLK_36> in Unit <FIFO> is equivalent to the following FF/Latch, which will be removed : <Afisare/countSSD_14> 
INFO:Xst:2261 - The FF/Latch <Frecventa/var_CLK_42> in Unit <FIFO> is equivalent to the following FF/Latch, which will be removed : <Afisare/countSSD_8> 
INFO:Xst:2261 - The FF/Latch <Frecventa/var_CLK_37> in Unit <FIFO> is equivalent to the following FF/Latch, which will be removed : <Afisare/countSSD_13> 
INFO:Xst:2261 - The FF/Latch <Frecventa/var_CLK_43> in Unit <FIFO> is equivalent to the following FF/Latch, which will be removed : <Afisare/countSSD_7> 
INFO:Xst:2261 - The FF/Latch <Frecventa/var_CLK_38> in Unit <FIFO> is equivalent to the following FF/Latch, which will be removed : <Afisare/countSSD_12> 
INFO:Xst:2261 - The FF/Latch <Frecventa/var_CLK_44> in Unit <FIFO> is equivalent to the following FF/Latch, which will be removed : <Afisare/countSSD_6> 
INFO:Xst:2261 - The FF/Latch <Frecventa/var_CLK_39> in Unit <FIFO> is equivalent to the following FF/Latch, which will be removed : <Afisare/countSSD_11> 
INFO:Xst:2261 - The FF/Latch <Frecventa/var_CLK_50> in Unit <FIFO> is equivalent to the following FF/Latch, which will be removed : <Afisare/countSSD_0> 
INFO:Xst:2261 - The FF/Latch <Frecventa/var_CLK_45> in Unit <FIFO> is equivalent to the following FF/Latch, which will be removed : <Afisare/countSSD_5> 
INFO:Xst:2261 - The FF/Latch <Frecventa/var_CLK_46> in Unit <FIFO> is equivalent to the following FF/Latch, which will be removed : <Afisare/countSSD_4> 
INFO:Xst:2261 - The FF/Latch <Frecventa/var_CLK_47> in Unit <FIFO> is equivalent to the following FF/Latch, which will be removed : <Afisare/countSSD_3> 
INFO:Xst:2261 - The FF/Latch <Frecventa/var_CLK_48> in Unit <FIFO> is equivalent to the following FF/Latch, which will be removed : <Afisare/countSSD_2> 
INFO:Xst:2261 - The FF/Latch <Frecventa/var_CLK_49> in Unit <FIFO> is equivalent to the following FF/Latch, which will be removed : <Afisare/countSSD_1> 

Mapping all equations...
Building and optimizing final netlist ...
Found area constraint ratio of 100 (+ 5) on block FIFO, actual ratio is 1.
FlipFlop Frecventa/var_CLK_0 has been replicated 1 time(s)

Final Macro Processing ...

=========================================================================
Final Register Report

Macro Statistics
# Registers                                            : 75
 Flip-Flops                                            : 75

=========================================================================

=========================================================================
*                           Partition Report                            *
=========================================================================

Partition Implementation Status
-------------------------------

  No Partitions were found in this design.

-------------------------------

=========================================================================
*                            Design Summary                             *
=========================================================================

Top Level Output File Name         : FIFO.ngc

Primitive and Black Box Usage:
------------------------------
# BELS                             : 203
#      GND                         : 1
#      INV                         : 6
#      LUT1                        : 50
#      LUT2                        : 8
#      LUT3                        : 7
#      LUT4                        : 15
#      LUT5                        : 11
#      LUT6                        : 3
#      MUXCY                       : 50
#      VCC                         : 1
#      XORCY                       : 51
# FlipFlops/Latches                : 75
#      FD                          : 55
#      FDE                         : 20
# RAMS                             : 3
#      RAM16X1D                    : 2
#      RAM32M                      : 1
# Clock Buffers                    : 1
#      BUFG                        : 1
# IO Buffers                       : 25
#      IBUF                        : 10
#      OBUF                        : 15

Device utilization summary:
---------------------------

Selected Device : 6slx16csg324-3 


Slice Logic Utilization: 
 Number of Slice Registers:              75  out of  18224     0%  
 Number of Slice LUTs:                  108  out of   9112     1%  
    Number used as Logic:               100  out of   9112     1%  
    Number used as Memory:                8  out of   2176     0%  
       Number used as RAM:                8

Slice Logic Distribution: 
 Number of LUT Flip Flop pairs used:    109
   Number with an unused Flip Flop:      34  out of    109    31%  
   Number with an unused LUT:             1  out of    109     0%  
   Number of fully used LUT-FF pairs:    74  out of    109    67%  
   Number of unique control sets:         5

IO Utilization: 
 Number of IOs:                          25
 Number of bonded IOBs:                  25  out of    232    10%  

Specific Feature Utilization:
 Number of BUFG/BUFGCTRLs:                1  out of     16     6%  

---------------------------
Partition Resource Summary:
---------------------------

  No Partitions were found in this design.

---------------------------


=========================================================================
Timing Report

NOTE: THESE TIMING NUMBERS ARE ONLY A SYNTHESIS ESTIMATE.
      FOR ACCURATE TIMING INFORMATION PLEASE REFER TO THE TRACE REPORT
      GENERATED AFTER PLACE-and-ROUTE.

Clock Information:
------------------
-----------------------------------+------------------------+-------+
Clock Signal                       | Clock buffer(FF name)  | Load  |
-----------------------------------+------------------------+-------+
Frecventa/var_CLK_0                | BUFG                   | 78    |
-----------------------------------+------------------------+-------+

Asynchronous Control Signals Information:
----------------------------------------
No asynchronous control signals found in this design

Timing Summary:
---------------
Speed Grade: -3

   Minimum period: 2.624ns (Maximum Frequency: 381.127MHz)
   Minimum input arrival time before clock: 3.775ns
   Maximum output required time after clock: 6.100ns
   Maximum combinational path delay: No path found

Timing Details:
---------------
All values displayed in nanoseconds (ns)

=========================================================================
Timing constraint: Default period analysis for Clock 'Frecventa/var_CLK_0'
  Clock period: 2.624ns (frequency: 381.127MHz)
  Total number of paths / destination ports: 1508 / 118
-------------------------------------------------------------------------
Delay:               2.624ns (Levels of Logic = 2)
  Source:            Atreiaparte/Numarator2/N_0 (FF)
  Destination:       Atreiaparte/Numarator2/N_3 (FF)
  Source Clock:      Frecventa/var_CLK_0 rising
  Destination Clock: Frecventa/var_CLK_0 rising

  Data Path: Atreiaparte/Numarator2/N_0 to Atreiaparte/Numarator2/N_3
                                Gate     Net
    Cell:in->out      fanout   Delay   Delay  Logical Name (Net Name)
    ----------------------------------------  ------------
     FDE:C->Q             10   0.447   1.085  Atreiaparte/Numarator2/N_0 (Atreiaparte/Numarator2/N_0)
     LUT4:I1->O            1   0.205   0.580  Atreiaparte/Numarator2/Mcount_N_xor<3>11 (Atreiaparte/Result<3>1)
     LUT3:I2->O            1   0.205   0.000  Atreiaparte/Numarator2/N_3_dpot (Atreiaparte/Numarator2/N_3_dpot)
     FDE:D                     0.102          Atreiaparte/Numarator2/N_3
    ----------------------------------------
    Total                      2.624ns (0.959ns logic, 1.665ns route)
                                       (36.6% logic, 63.4% route)

=========================================================================
Timing constraint: Default OFFSET IN BEFORE for Clock 'Frecventa/var_CLK_0'
  Total number of paths / destination ports: 58 / 37
-------------------------------------------------------------------------
Offset:              3.775ns (Levels of Logic = 3)
  Source:            PUSH (PAD)
  Destination:       Adouaparte/VEMPTY (FF)
  Destination Clock: Frecventa/var_CLK_0 rising

  Data Path: PUSH to Adouaparte/VEMPTY
                                Gate     Net
    Cell:in->out      fanout   Delay   Delay  Logical Name (Net Name)
    ----------------------------------------  ------------
     IBUF:I->O            20   1.222   1.321  PUSH_IBUF (PUSH_IBUF)
     LUT3:I0->O            2   0.205   0.721  Primaparte/CE_RD1 (D)
     LUT6:I4->O            1   0.203   0.000  Adouaparte/D1 (Adouaparte/D)
     FD:D                      0.102          Adouaparte/VLAST
    ----------------------------------------
    Total                      3.775ns (1.732ns logic, 2.043ns route)
                                       (45.9% logic, 54.1% route)

=========================================================================
Timing constraint: Default OFFSET OUT AFTER for Clock 'Frecventa/var_CLK_0'
  Total number of paths / destination ports: 124 / 15
-------------------------------------------------------------------------
Offset:              6.100ns (Levels of Logic = 3)
  Source:            Frecventa/var_CLK_35 (FF)
  Destination:       CAT<6> (PAD)
  Source Clock:      Frecventa/var_CLK_0 rising

  Data Path: Frecventa/var_CLK_35 to CAT<6>
                                Gate     Net
    Cell:in->out      fanout   Delay   Delay  Logical Name (Net Name)
    ----------------------------------------  ------------
     FD:C->Q               9   0.447   1.077  Frecventa/var_CLK_35 (Frecventa/var_CLK_35)
     LUT4:I0->O            7   0.203   1.021  Afisare/Mmux_mux_out<0>11 (Afisare/mux_out<0>)
     LUT4:I0->O            1   0.203   0.579  Afisare/Mram_cat41 (CAT_4_OBUF)
     OBUF:I->O                 2.571          CAT_4_OBUF (CAT<4>)
    ----------------------------------------
    Total                      6.100ns (3.424ns logic, 2.676ns route)
                                       (56.1% logic, 43.9% route)

=========================================================================

Cross Clock Domains Report:
--------------------------

Clock to Setup on destination clock Frecventa/var_CLK_0
-------------------+---------+---------+---------+---------+
                   | Src:Rise| Src:Fall| Src:Rise| Src:Fall|
Source Clock       |Dest:Rise|Dest:Rise|Dest:Fall|Dest:Fall|
-------------------+---------+---------+---------+---------+
Frecventa/var_CLK_0|    2.624|         |         |         |
-------------------+---------+---------+---------+---------+

=========================================================================


Total REAL time to Xst completion: 7.00 secs
Total CPU time to Xst completion: 6.83 secs
 
--> 

Total memory usage is 235868 kilobytes

Number of errors   :    0 (   0 filtered)
Number of warnings :    1 (   0 filtered)
Number of infos    :   19 (   0 filtered)

