Release 14.7 - xst P.20131013 (nt64)
Copyright (c) 1995-2013 Xilinx, Inc.  All rights reserved.
--> Parameter TMPDIR set to xst/projnav.tmp


Total REAL time to Xst completion: 0.00 secs
Total CPU time to Xst completion: 0.12 secs
 
--> Parameter xsthdpdir set to xst


Total REAL time to Xst completion: 0.00 secs
Total CPU time to Xst completion: 0.12 secs
 
--> Reading design: STATUS.prj

TABLE OF CONTENTS
  1) Synthesis Options Summary
  2) HDL Parsing
  3) HDL Elaboration
  4) HDL Synthesis
       4.1) HDL Synthesis Report
  5) Advanced HDL Synthesis
       5.1) Advanced HDL Synthesis Report
  6) Low Level Synthesis
  7) Partition Report
  8) Design Summary
       8.1) Primitive and Black Box Usage
       8.2) Device utilization summary
       8.3) Partition Resource Summary
       8.4) Timing Report
            8.4.1) Clock Information
            8.4.2) Asynchronous Control Signals Information
            8.4.3) Timing Summary
            8.4.4) Timing Details
            8.4.5) Cross Clock Domains Report


=========================================================================
*                      Synthesis Options Summary                        *
=========================================================================
---- Source Parameters
Input File Name                    : "STATUS.prj"
Ignore Synthesis Constraint File   : NO

---- Target Parameters
Output File Name                   : "STATUS"
Output Format                      : NGC
Target Device                      : xc6slx16-3-csg324

---- Source Options
Top Module Name                    : STATUS
Automatic FSM Extraction           : YES
FSM Encoding Algorithm             : Auto
Safe Implementation                : No
FSM Style                          : LUT
RAM Extraction                     : Yes
RAM Style                          : Auto
ROM Extraction                     : Yes
Shift Register Extraction          : YES
ROM Style                          : Auto
Resource Sharing                   : YES
Asynchronous To Synchronous        : NO
Shift Register Minimum Size        : 2
Use DSP Block                      : Auto
Automatic Register Balancing       : No

---- Target Options
LUT Combining                      : Auto
Reduce Control Sets                : Auto
Add IO Buffers                     : YES
Global Maximum Fanout              : 100000
Add Generic Clock Buffer(BUFG)     : 16
Register Duplication               : YES
Optimize Instantiated Primitives   : NO
Use Clock Enable                   : Auto
Use Synchronous Set                : Auto
Use Synchronous Reset              : Auto
Pack IO Registers into IOBs        : Auto
Equivalent register Removal        : YES

---- General Options
Optimization Goal                  : Speed
Optimization Effort                : 1
Power Reduction                    : NO
Keep Hierarchy                     : No
Netlist Hierarchy                  : As_Optimized
RTL Output                         : Yes
Global Optimization                : AllClockNets
Read Cores                         : YES
Write Timing Constraints           : NO
Cross Clock Analysis               : NO
Hierarchy Separator                : /
Bus Delimiter                      : <>
Case Specifier                     : Maintain
Slice Utilization Ratio            : 100
BRAM Utilization Ratio             : 100
DSP48 Utilization Ratio            : 100
Auto BRAM Packing                  : NO
Slice Utilization Ratio Delta      : 5

=========================================================================


=========================================================================
*                          HDL Parsing                                  *
=========================================================================
Parsing VHDL file "C:/My_Designs/PopescuSimina/FIFO/src/C4UD.vhd" into library work
Parsing entity <C4UD>.
Parsing architecture <ARHC4UD> of entity <c4ud>.
Parsing VHDL file "C:/My_Designs/PopescuSimina/FIFO/src/FIFOStatus.vhd" into library work
Parsing entity <STATUS>.
Parsing architecture <ARHSTATUS> of entity <status>.

=========================================================================
*                            HDL Elaboration                            *
=========================================================================

Elaborating entity <STATUS> (architecture <ARHSTATUS>) from library <work>.

Elaborating entity <C4UD> (architecture <ARHC4UD>) from library <work>.

=========================================================================
*                           HDL Synthesis                               *
=========================================================================

Synthesizing Unit <STATUS>.
    Related source file is "C:/My_Designs/PopescuSimina/FIFO/src/FIFOStatus.vhd".
    Found 1-bit register for signal <VLAST>.
    Found 1-bit register for signal <VFULL>.
    Found 1-bit register for signal <VEMPTY>.
    Summary:
	inferred   3 D-type flip-flop(s).
Unit <STATUS> synthesized.

Synthesizing Unit <C4UD>.
    Related source file is "C:/My_Designs/PopescuSimina/FIFO/src/C4UD.vhd".
    Found 4-bit register for signal <N>.
    Found 4-bit adder for signal <N[3]_GND_6_o_add_0_OUT> created at line 14.
    Found 4-bit subtractor for signal <GND_6_o_GND_6_o_sub_2_OUT<3:0>> created at line 15.
    Summary:
	inferred   1 Adder/Subtractor(s).
	inferred   4 D-type flip-flop(s).
Unit <C4UD> synthesized.

=========================================================================
HDL Synthesis Report

Macro Statistics
# Adders/Subtractors                                   : 1
 4-bit addsub                                          : 1
# Registers                                            : 4
 1-bit register                                        : 3
 4-bit register                                        : 1

=========================================================================

=========================================================================
*                       Advanced HDL Synthesis                          *
=========================================================================


Synthesizing (advanced) Unit <C4UD>.
The following registers are absorbed into counter <N>: 1 register on signal <N>.
Unit <C4UD> synthesized (advanced).

=========================================================================
Advanced HDL Synthesis Report

Macro Statistics
# Counters                                             : 1
 4-bit updown counter                                  : 1
# Registers                                            : 3
 Flip-Flops                                            : 3

=========================================================================

=========================================================================
*                         Low Level Synthesis                           *
=========================================================================

Optimizing unit <STATUS> ...

Mapping all equations...
Building and optimizing final netlist ...
Found area constraint ratio of 100 (+ 5) on block STATUS, actual ratio is 0.

Final Macro Processing ...

=========================================================================
Final Register Report

Macro Statistics
# Registers                                            : 7
 Flip-Flops                                            : 7

=========================================================================

=========================================================================
*                           Partition Report                            *
=========================================================================

Partition Implementation Status
-------------------------------

  No Partitions were found in this design.

-------------------------------

=========================================================================
*                            Design Summary                             *
=========================================================================

Top Level Output File Name         : STATUS.ngc

Primitive and Black Box Usage:
------------------------------
# BELS                             : 9
#      INV                         : 1
#      LUT2                        : 2
#      LUT3                        : 1
#      LUT4                        : 1
#      LUT5                        : 1
#      LUT6                        : 3
# FlipFlops/Latches                : 7
#      FDE                         : 4
#      FDR                         : 2
#      FDS                         : 1
# Clock Buffers                    : 1
#      BUFGP                       : 1
# IO Buffers                       : 6
#      IBUF                        : 3
#      OBUF                        : 3

Device utilization summary:
---------------------------

Selected Device : 6slx16csg324-3 


Slice Logic Utilization: 
 Number of Slice Registers:               7  out of  18224     0%  
 Number of Slice LUTs:                    9  out of   9112     0%  
    Number used as Logic:                 9  out of   9112     0%  

Slice Logic Distribution: 
 Number of LUT Flip Flop pairs used:      9
   Number with an unused Flip Flop:       2  out of      9    22%  
   Number with an unused LUT:             0  out of      9     0%  
   Number of fully used LUT-FF pairs:     7  out of      9    77%  
   Number of unique control sets:         3

IO Utilization: 
 Number of IOs:                           7
 Number of bonded IOBs:                   7  out of    232     3%  

Specific Feature Utilization:
 Number of BUFG/BUFGCTRLs:                1  out of     16     6%  

---------------------------
Partition Resource Summary:
---------------------------

  No Partitions were found in this design.

---------------------------


=========================================================================
Timing Report

NOTE: THESE TIMING NUMBERS ARE ONLY A SYNTHESIS ESTIMATE.
      FOR ACCURATE TIMING INFORMATION PLEASE REFER TO THE TRACE REPORT
      GENERATED AFTER PLACE-and-ROUTE.

Clock Information:
------------------
-----------------------------------+------------------------+-------+
Clock Signal                       | Clock buffer(FF name)  | Load  |
-----------------------------------+------------------------+-------+
CLK                                | BUFGP                  | 7     |
-----------------------------------+------------------------+-------+

Asynchronous Control Signals Information:
----------------------------------------
No asynchronous control signals found in this design

Timing Summary:
---------------
Speed Grade: -3

   Minimum period: 2.048ns (Maximum Frequency: 488.317MHz)
   Minimum input arrival time before clock: 3.312ns
   Maximum output required time after clock: 3.668ns
   Maximum combinational path delay: No path found

Timing Details:
---------------
All values displayed in nanoseconds (ns)

=========================================================================
Timing constraint: Default period analysis for Clock 'CLK'
  Clock period: 2.048ns (frequency: 488.317MHz)
  Total number of paths / destination ports: 20 / 7
-------------------------------------------------------------------------
Delay:               2.048ns (Levels of Logic = 1)
  Source:            Numarator/N_0 (FF)
  Destination:       Numarator/N_0 (FF)
  Source Clock:      CLK rising
  Destination Clock: CLK rising

  Data Path: Numarator/N_0 to Numarator/N_0
                                Gate     Net
    Cell:in->out      fanout   Delay   Delay  Logical Name (Net Name)
    ----------------------------------------  ------------
     FDE:C->Q              5   0.447   0.714  Numarator/N_0 (Numarator/N_0)
     INV:I->O              1   0.206   0.579  Numarator/Mcount_N_xor<0>11_INV_0 (Result<0>)
     FDE:D                     0.102          Numarator/N_0
    ----------------------------------------
    Total                      2.048ns (0.755ns logic, 1.293ns route)
                                       (36.9% logic, 63.1% route)

=========================================================================
Timing constraint: Default OFFSET IN BEFORE for Clock 'CLK'
  Total number of paths / destination ports: 23 / 13
-------------------------------------------------------------------------
Offset:              3.312ns (Levels of Logic = 2)
  Source:            CE_RD (PAD)
  Destination:       VFULL (FF)
  Destination Clock: CLK rising

  Data Path: CE_RD to VFULL
                                Gate     Net
    Cell:in->out      fanout   Delay   Delay  Logical Name (Net Name)
    ----------------------------------------  ------------
     IBUF:I->O             7   1.222   0.878  CE_RD_IBUF (CE_RD_IBUF)
     LUT2:I0->O            1   0.203   0.579  CE_RD1 (CE_RD_0)
     FDR:R                     0.430          VFULL
    ----------------------------------------
    Total                      3.312ns (1.855ns logic, 1.457ns route)
                                       (56.0% logic, 44.0% route)

=========================================================================
Timing constraint: Default OFFSET OUT AFTER for Clock 'CLK'
  Total number of paths / destination ports: 3 / 3
-------------------------------------------------------------------------
Offset:              3.668ns (Levels of Logic = 1)
  Source:            VLAST (FF)
  Destination:       LAST (PAD)
  Source Clock:      CLK rising

  Data Path: VLAST to LAST
                                Gate     Net
    Cell:in->out      fanout   Delay   Delay  Logical Name (Net Name)
    ----------------------------------------  ------------
     FDR:C->Q              3   0.447   0.650  VLAST (VLAST)
     OBUF:I->O                 2.571          LAST_OBUF (LAST)
    ----------------------------------------
    Total                      3.668ns (3.018ns logic, 0.650ns route)
                                       (82.3% logic, 17.7% route)

=========================================================================

Cross Clock Domains Report:
--------------------------

Clock to Setup on destination clock CLK
---------------+---------+---------+---------+---------+
               | Src:Rise| Src:Fall| Src:Rise| Src:Fall|
Source Clock   |Dest:Rise|Dest:Rise|Dest:Fall|Dest:Fall|
---------------+---------+---------+---------+---------+
CLK            |    2.048|         |         |         |
---------------+---------+---------+---------+---------+

=========================================================================


Total REAL time to Xst completion: 6.00 secs
Total CPU time to Xst completion: 5.82 secs
 
--> 

Total memory usage is 223656 kilobytes

Number of errors   :    0 (   0 filtered)
Number of warnings :    0 (   0 filtered)
Number of infos    :    0 (   0 filtered)

