acom -reorder $DSN/src/ram.vhd
# Compile with File Reorder...
# File: D:\designshdl\CRET\ram\src\ram.vhd
# Compile Entity "ram"
# Compile Architecture "arh" of Entity "ram"
# Error: COMP96_0015: ram.vhd : (17, 29): ';' expected.
# Error: COMP96_0019: ram.vhd : (28, 5): Keyword "process" expected.
# Error: COMP96_0019: ram.vhd : (33, 0): Keyword "end" expected.
# Compile failure 3 Errors 0 Warnings  Analysis time :  0.0 [s]
acom $DSN/src/ram.vhd
# Compile...
# File: D:\designshdl\CRET\ram\src\ram.vhd
# Compile Entity "ram"
# Entity `ram' has been skipped - no difference detected.
# Compile Architecture "arh" of Entity "ram"
# Error: COMP96_0019: ram.vhd : (28, 5): Keyword "process" expected.
# Error: COMP96_0019: ram.vhd : (33, 0): Keyword "end" expected.
# Compile failure 2 Errors 0 Warnings  Analysis time :  0.0 [s]
acom $DSN/src/ram.vhd
# Compile...
# File: D:\designshdl\CRET\ram\src\ram.vhd
# Compile Entity "ram"
# Entity `ram' has been skipped - no difference detected.
# Compile Architecture "arh" of Entity "ram"
# Error: COMP96_0123: ram.vhd : (23, 5): Variable or constant cannot be the target of a signal assignment.
# Error: COMP96_0143: ram.vhd : (23, 5): Object "m" may not be written
# Compile failure 2 Errors 0 Warnings  Analysis time :  0.0 [s]
acom $DSN/src/ram.vhd
# Compile...
# File: D:\designshdl\CRET\ram\src\ram.vhd
# Compile Entity "ram"
# Entity `ram' has been skipped - no difference detected.
# Compile Architecture "arh" of Entity "ram"
# Compile success 0 Errors 0 Warnings  Analysis time :  0.2 [s]
# ELBREAD: Elaboration process.
# ELBREAD: Elaboration time 0.0 [s].
asim -advdataflow  ram arh
# ELBREAD: Elaboration process.
# ELBREAD: Elaboration time 0.0 [s].
# asim: Stack memory: 32MB
# asim: Retval memory: 32MB
# KERNEL: Main thread initiated.
# KERNEL: Kernel process initialization phase.
# KERNEL: Time resolution set to 1ps.
# ELAB2: Elaboration final pass...
# ELAB2: Create instances ...
# ELAB2: Create instances complete.
# ELAB2: Elaboration final pass complete - time: 0.3 [s].
# KERNEL: Kernel process initialization done.
# Allocation: Simulator allocated 2417 kB (elbread=1070 elab2=299 kernel=1048 sdf=0)
# 2:29 PM, Monday, June 26, 2017
# Simulation has been initialized
# Selected Top-Level: ram (arh)
run 100 ns
# KERNEL: WARNING: CONV_INTEGER: There is an 'U'|'X'|'W'|'Z'|'-' in an arithmetic operand, and it has been converted to 0.
# KERNEL: Time: 0 ps,  Iteration: 0,  TOP instance,  Process: line__16.
# KERNEL: WARNING: CONV_INTEGER: There is an 'U'|'X'|'W'|'Z'|'-' in an arithmetic operand, and it has been converted to 0.
# KERNEL: Time: 0 ps,  Iteration: 0,  TOP instance,  Process: line__16.
# KERNEL: WARNING: CONV_INTEGER: There is an 'U'|'X'|'W'|'Z'|'-' in an arithmetic operand, and it has been converted to 0.
# KERNEL: Time: 0 ps,  Iteration: 0,  TOP instance,  Process: line__16.
# KERNEL: WARNING: CONV_INTEGER: There is an 'U'|'X'|'W'|'Z'|'-' in an arithmetic operand, and it has been converted to 0.
# KERNEL: Time: 0 ps,  Iteration: 0,  TOP instance,  Process: line__16.
# KERNEL: stopped at time: 100 ns
# KERNEL: Simulation has finished. There are no more test vectors to simulate.
run 100 ns
# KERNEL: stopped at time: 200 ns
# KERNEL: Simulation has finished. There are no more test vectors to simulate.
run 100 ns
# KERNEL: stopped at time: 300 ns
# KERNEL: Simulation has finished. There are no more test vectors to simulate.
run 100 ns
# KERNEL: stopped at time: 400 ns
# KERNEL: Simulation has finished. There are no more test vectors to simulate.
run 100 ns
# KERNEL: stopped at time: 500 ns
# KERNEL: Simulation has finished. There are no more test vectors to simulate.
run 100 ns
# KERNEL: stopped at time: 600 ns
# KERNEL: Simulation has finished. There are no more test vectors to simulate.
# Simulation has been stopped
# Design: 2:31 PM, Monday, June 26, 2017
# Design: Opening design "D:\designshdl\CRET\alu\alu.adf"
# ELBREAD: Elaboration process.
# ELBREAD: Elaboration time 0.0 [s].
# Design: Design "alu" has been set as active.
