Active-HDL 9.1.2354.4209  2012-06-06 22:14:30

Elaboration top modules:
Architecture                  arh_scazator3digit(scazator_3digit)


--------------------------------------------------------------------------------------------------------
Entity          | Architecture       | Library  | Info | Compiler Version         | Compilation Options
--------------------------------------------------------------------------------------------------------
scazator_3digit | arh_scazator3digit | scazator |      | 9.1.2354.4209  (Windows) | -O3
scazator4biti   | arh_scazator4biti  | scazator |      | 9.1.2354.4209  (Windows) | -O3
scazator        | arh_scazator       | scazator |      | 9.1.2354.4209  (Windows) | -O3
--------------------------------------------------------------------------------------------------------

--------------------------------------------------------------------------------------------------------
VHDL Package                         | Library  | Info | Compiler Version         | Compilation Options
--------------------------------------------------------------------------------------------------------
standard                             | std      |      |                          | <unavailable>
TEXTIO                               | std      |      | 9.1.2354.4209  (Windows) |  -2008
std_logic_1164                       | ieee     |      | 9.1.2354.4209  (Windows) |  -2008
std_logic_arith                      | ieee     |      | 9.1.2354.4209  (Windows) | 
STD_LOGIC_UNSIGNED                   | ieee     |      | 9.1.2354.4209  (Windows) | 
--------------------------------------------------------------------------------------------------------

--------------------------------------------------------------------------------------------------------
Library                              | Comment
--------------------------------------------------------------------------------------------------------
ieee                                 | Standard IEEE packages library
scazator                             | None
std                                  | Standard VHDL library
--------------------------------------------------------------------------------------------------------
