acom -reorder $DSN/src/shift_register.vhd
# Compile with File Reorder...
# File: d:\designshdl\counter\shift_register\src\shift_register.vhd
# Compile Entity "shift_register"
# Compile Architecture "arh" of Entity "shift_register"
# Top-Level unit detected
# Entity  =>   shift_register
# Compile success 0 Errors 0 Warnings  Analysis time :  0.2 [s]
# ELBREAD: Elaboration process.
# ELBREAD: Elaboration time 0.0 [s].
asim -advdataflow  shift_register arh
# ELBREAD: Elaboration process.
# ELBREAD: Elaboration time 0.0 [s].
# asim: Stack memory: 32MB
# asim: Retval memory: 32MB
# KERNEL: Main thread initiated.
# KERNEL: Kernel process initialization phase.
# KERNEL: Time resolution set to 1ps.
# ELAB2: Elaboration final pass...
# ELAB2: Create instances ...
# ELAB2: Create instances complete.
# ELAB2: Elaboration final pass complete - time: 0.3 [s].
# KERNEL: Kernel process initialization done.
# Allocation: Simulator allocated 2416 kB (elbread=1070 elab2=298 kernel=1048 sdf=0)
# 12:31 AM, Sunday, April 30, 2017
# Simulation has been initialized
# Selected Top-Level: shift_register (arh)
run 100 ns
# KERNEL: stopped at time: 100 ns
# KERNEL: Simulation has finished. There are no more test vectors to simulate.
run 100 ns
# KERNEL: stopped at time: 200 ns
run 100 ns
# KERNEL: stopped at time: 300 ns
run 100 ns
# KERNEL: stopped at time: 400 ns
run 100 ns
# KERNEL: stopped at time: 500 ns
run 100 ns
# KERNEL: stopped at time: 600 ns
run 100 ns
# KERNEL: stopped at time: 700 ns
run 100 ns
# KERNEL: stopped at time: 800 ns
run 100 ns
# KERNEL: stopped at time: 900 ns
run 100 ns
# KERNEL: stopped at time: 1 us
run 100 ns
# KERNEL: stopped at time: 1100 ns
acom $DSN/src/shift_register.vhd
# Compile...
# File: d:\designshdl\counter\shift_register\src\shift_register.vhd
# Compile Entity "shift_register"
# Compile Architecture "arh" of Entity "shift_register"
# Compile success 0 Errors 0 Warnings  Analysis time :  0.1 [s]
run 100 ns
# KERNEL: stopped at time: 1200 ns
run 100 ns
# KERNEL: stopped at time: 1300 ns
run 100 ns
# KERNEL: stopped at time: 1400 ns
run 100 ns
# KERNEL: stopped at time: 1500 ns
# KERNEL: Simulation has finished. There are no more test vectors to simulate.
acom $DSN/src/shift_register.vhd
# Compile...
# File: d:\designshdl\counter\shift_register\src\shift_register.vhd
# Compile Entity "shift_register"
# Entity `shift_register' has been skipped - no difference detected.
# Compile Architecture "arh" of Entity "shift_register"
# Compile success 0 Errors 0 Warnings  Analysis time :  0.1 [s]
run 100 ns
# KERNEL: stopped at time: 1600 ns
# KERNEL: Simulation has finished. There are no more test vectors to simulate.
acom $DSN/src/shift_register.vhd
# Compile...
# File: d:\designshdl\counter\shift_register\src\shift_register.vhd
# Compile Entity "shift_register"
# Entity `shift_register' has been skipped - no difference detected.
# Compile Architecture "arh" of Entity "shift_register"
# Compile success 0 Errors 0 Warnings  Analysis time :  0.1 [s]
restart
# All when statements cleared.
# ELBREAD: Elaboration process.
# ELBREAD: Elaboration time 0.0 [s].
# KERNEL: Main thread initiated.
# KERNEL: Kernel process initialization phase.
# KERNEL: Time resolution set to 1ps.
# ELAB2: Elaboration final pass...
# ELAB2: Create instances ...
# ELAB2: Create instances complete.
# ELAB2: Elaboration final pass complete - time: 0.3 [s].
# KERNEL: Kernel process initialization done.
# Allocation: Simulator allocated 2417 kB (elbread=1070 elab2=299 kernel=1048 sdf=0)
# 12:34 AM, Sunday, April 30, 2017
# Simulation has been initialized
# Selected Top-Level: shift_register (arh)
restart
# All when statements cleared.
# ELBREAD: Elaboration process.
# ELBREAD: Elaboration time 0.0 [s].
# KERNEL: Main thread initiated.
# KERNEL: Kernel process initialization phase.
# KERNEL: Time resolution set to 1ps.
# ELAB2: Elaboration final pass...
# ELAB2: Create instances ...
# ELAB2: Create instances complete.
# ELAB2: Elaboration final pass complete - time: 0.0 [s].
# KERNEL: Kernel process initialization done.
# Allocation: Simulator allocated 2417 kB (elbread=1070 elab2=299 kernel=1048 sdf=0)
# 12:34 AM, Sunday, April 30, 2017
# Simulation has been initialized
# Selected Top-Level: shift_register (arh)
endsim
# All when statements cleared.
# Simulation has been stopped
acom $DSN/src/shift_register.vhd
# Compile...
# File: d:\designshdl\counter\shift_register\src\shift_register.vhd
# Compile Entity "shift_register"
# Entity `shift_register' has been skipped - no difference detected.
# Compile Architecture "arh" of Entity "shift_register"
# Compile success 0 Errors 0 Warnings  Analysis time :  0.1 [s]
asim -advdataflow  shift_register arh
# ELBREAD: Elaboration process.
# ELBREAD: Elaboration time 0.0 [s].
# asim: Stack memory: 32MB
# asim: Retval memory: 32MB
# KERNEL: Main thread initiated.
# KERNEL: Kernel process initialization phase.
# KERNEL: Time resolution set to 1ps.
# ELAB2: Elaboration final pass...
# ELAB2: Create instances ...
# ELAB2: Create instances complete.
# ELAB2: Elaboration final pass complete - time: 0.3 [s].
# KERNEL: Kernel process initialization done.
# Allocation: Simulator allocated 2417 kB (elbread=1070 elab2=299 kernel=1048 sdf=0)
# 12:34 AM, Sunday, April 30, 2017
# Simulation has been initialized
# Selected Top-Level: shift_register (arh)
run 100 ns
# KERNEL: stopped at time: 100 ns
# KERNEL: Simulation has finished. There are no more test vectors to simulate.
run 100 ns
# KERNEL: stopped at time: 200 ns
run 100 ns
# KERNEL: stopped at time: 300 ns
run 100 ns
# KERNEL: stopped at time: 400 ns
run 100 ns
# KERNEL: stopped at time: 500 ns
run 100 ns
# KERNEL: stopped at time: 600 ns
run 100 ns
# KERNEL: stopped at time: 700 ns
run 100 ns
# KERNEL: stopped at time: 800 ns
run 100 ns
# KERNEL: stopped at time: 900 ns
run 100 ns
# KERNEL: stopped at time: 1 us
run 100 ns
# KERNEL: stopped at time: 1100 ns
run 100 ns
# KERNEL: stopped at time: 1200 ns
run 100 ns
# KERNEL: stopped at time: 1300 ns
run 100 ns
# KERNEL: stopped at time: 1400 ns
run 100 ns
# KERNEL: stopped at time: 1500 ns
run 100 ns
# KERNEL: stopped at time: 1600 ns
run 100 ns
# KERNEL: stopped at time: 1700 ns
run 100 ns
# KERNEL: stopped at time: 1800 ns
run 100 ns
# KERNEL: stopped at time: 1900 ns
run 100 ns
# KERNEL: stopped at time: 2 us
run 100 ns
# KERNEL: stopped at time: 2100 ns
run 100 ns
# KERNEL: stopped at time: 2200 ns
run 100 ns
# KERNEL: stopped at time: 2300 ns
run 100 ns
# KERNEL: stopped at time: 2400 ns
run 100 ns
# KERNEL: stopped at time: 2500 ns
run 100 ns
# KERNEL: stopped at time: 2600 ns
run 100 ns
# KERNEL: stopped at time: 2700 ns
run 100 ns
# KERNEL: stopped at time: 2800 ns
run 100 ns
# KERNEL: stopped at time: 2900 ns
run 100 ns
# KERNEL: stopped at time: 3 us
run 100 ns
# KERNEL: stopped at time: 3100 ns
run 100 ns
# KERNEL: stopped at time: 3200 ns
run 100 ns
# KERNEL: stopped at time: 3300 ns
run 100 ns
# KERNEL: stopped at time: 3400 ns
run 100 ns
# KERNEL: stopped at time: 3500 ns
run 100 ns
# KERNEL: stopped at time: 3600 ns
run 100 ns
# KERNEL: stopped at time: 3700 ns
run 100 ns
# KERNEL: stopped at time: 3800 ns
endsim
# All when statements cleared.
# Simulation has been stopped
acom $DSN/src/shift_register.vhd
# Compile...
# File: d:\designshdl\counter\shift_register\src\shift_register.vhd
# Compile Entity "shift_register"
# Entity `shift_register' has been skipped - no difference detected.
# Compile Architecture "arh" of Entity "shift_register"
# Compile success 0 Errors 0 Warnings  Analysis time :  0.1 [s]
asim -advdataflow  shift_register arh
# ELBREAD: Elaboration process.
# ELBREAD: Elaboration time 0.0 [s].
# asim: Stack memory: 32MB
# asim: Retval memory: 32MB
# KERNEL: Main thread initiated.
# KERNEL: Kernel process initialization phase.
# KERNEL: Time resolution set to 1ps.
# ELAB2: Elaboration final pass...
# ELAB2: Create instances ...
# ELAB2: Create instances complete.
# ELAB2: Elaboration final pass complete - time: 0.3 [s].
# KERNEL: Kernel process initialization done.
# Allocation: Simulator allocated 2417 kB (elbread=1070 elab2=299 kernel=1048 sdf=0)
# 12:37 AM, Sunday, April 30, 2017
# Simulation has been initialized
# Selected Top-Level: shift_register (arh)
run 100 ns
# KERNEL: stopped at time: 100 ns
acom $DSN/src/shift_register.vhd
# Compile...
# File: d:\designshdl\counter\shift_register\src\shift_register.vhd
# Compile Entity "shift_register"
# Entity `shift_register' has been skipped - no difference detected.
# Compile Architecture "arh" of Entity "shift_register"
# Compile success 0 Errors 0 Warnings  Analysis time :  0.1 [s]
run 100 ns
# KERNEL: stopped at time: 200 ns
# KERNEL: Simulation has finished. There are no more test vectors to simulate.
run 100 ns
# KERNEL: stopped at time: 300 ns
run 100 ns
# KERNEL: stopped at time: 400 ns
run 100 ns
# KERNEL: stopped at time: 500 ns
run 100 ns
# KERNEL: stopped at time: 600 ns
run 100 ns
# KERNEL: stopped at time: 700 ns
run 100 ns
# KERNEL: stopped at time: 800 ns
run 100 ns
# KERNEL: stopped at time: 900 ns
run 100 ns
# KERNEL: stopped at time: 1 us
run 100 ns
# KERNEL: stopped at time: 1100 ns
run 100 ns
# KERNEL: stopped at time: 1200 ns
run 100 ns
# KERNEL: stopped at time: 1300 ns
run 100 ns
# KERNEL: stopped at time: 1400 ns
acom $DSN/src/shift_register.vhd
# Compile...
# File: d:\designshdl\counter\shift_register\src\shift_register.vhd
# Compile Entity "shift_register"
# Error: COMP96_0015: shift_register.vhd : (6, 2): ';' expected.
# Compile Architecture "arh" of Entity "shift_register"
# Error: COMP96_0078: shift_register.vhd : (13, 36): Unknown identifier "n".
# Error: COMP96_0133: shift_register.vhd : (13, 36): Cannot find object declaration.
# Error: COMP96_0094: shift_register.vhd : (13, 36): Locally static expression is required in the range definition.
# Error: COMP96_0077: shift_register.vhd : (16, 12): Assignment target incompatible with right side. Expected type "std_logic_vector".
# Error: COMP96_0071: shift_register.vhd : (16, 12): Operator "-" is not defined for such operands.
# Error: COMP96_0104: shift_register.vhd : (16, 12): Undefined type of expression.
# Error: COMP96_0078: shift_register.vhd : (21, 15): Unknown identifier "n".
# Error: COMP96_0133: shift_register.vhd : (21, 15): Cannot find object declaration.
# Error: COMP96_0094: shift_register.vhd : (21, 15): Locally static expression is required in the range definition.
# Error: COMP96_0081: shift_register.vhd : (21, 15): Enumeration or integer type expected.
# Error: COMP96_0251: shift_register.vhd : (21, 15): Discrete range in the iteration scheme is invalid.
# Error: COMP96_0138: shift_register.vhd : (22, 11): The index types in the reference to the array object are incompatible with its range type.
# Error: COMP96_0138: shift_register.vhd : (22, 22): The index types in the reference to the array object are incompatible with its range type.
# Compile failure 14 Errors 0 Warnings  Analysis time :  0.0 [s]
acom $DSN/src/shift_register.vhd
# Compile...
# File: d:\designshdl\counter\shift_register\src\shift_register.vhd
# Compile Entity "shift_register"
# Compile Architecture "arh" of Entity "shift_register"
# Error: COMP96_0077: shift_register.vhd : (16, 12): Assignment target incompatible with right side. Expected type "std_logic_vector".
# Error: COMP96_0071: shift_register.vhd : (16, 12): Operator "-" is not defined for such operands.
# Error: COMP96_0104: shift_register.vhd : (16, 12): Undefined type of expression.
# Compile failure 3 Errors 0 Warnings  Analysis time :  0.0 [s]
# Error: ULM_0021: Architecture "arh" is not up-to-date. Please, recompile file: ./src/shift_register.vhd.
# Error: ULM_0021: Architecture "arh" is not up-to-date. Please, recompile file: ./src/shift_register.vhd.
acom $DSN/src/shift_register.vhd
# Compile...
# File: d:\designshdl\counter\shift_register\src\shift_register.vhd
# Compile Entity "shift_register"
# Entity `shift_register' has been skipped - no difference detected.
# Compile Architecture "arh" of Entity "shift_register"
# Error: COMP96_0019: shift_register.vhd : (27, 7): Keyword "process" expected.
# Error: COMP96_0015: shift_register.vhd : (29, 6): ';' expected.
# Error: COMP96_0016: shift_register.vhd : (29, 13): Design unit declaration expected.
# Compile failure 3 Errors 0 Warnings  Analysis time :  0.0 [s]
# Error: ULM_0021: Architecture "arh" is not up-to-date. Please, recompile file: ./src/shift_register.vhd.
# Error: ULM_0021: Architecture "arh" is not up-to-date. Please, recompile file: ./src/shift_register.vhd.
acom $DSN/src/shift_register.vhd
# Compile...
# File: d:\designshdl\counter\shift_register\src\shift_register.vhd
# Compile Entity "shift_register"
# Entity `shift_register' has been skipped - no difference detected.
# Compile Architecture "arh" of Entity "shift_register"
# Compile success 0 Errors 0 Warnings  Analysis time :  0.1 [s]
acom $DSN/src/shift_register.vhd
# Compile...
# File: d:\designshdl\counter\shift_register\src\shift_register.vhd
# Compile Entity "shift_register"
# Entity `shift_register' has been skipped - no difference detected.
# Compile Architecture "arh" of Entity "shift_register"
# Compile success 0 Errors 0 Warnings  Analysis time :  0.1 [s]
run 100 ns
# KERNEL: stopped at time: 1500 ns
# KERNEL: Simulation has finished. There are no more test vectors to simulate.
endsim
# All when statements cleared.
# Simulation has been stopped
asim -advdataflow  shift_register arh
# ELBREAD: Elaboration process.
# ELBREAD: Elaboration time 0.0 [s].
# asim: Stack memory: 32MB
# asim: Retval memory: 32MB
# KERNEL: Main thread initiated.
# KERNEL: Kernel process initialization phase.
# KERNEL: Time resolution set to 1ps.
# ELAB2: Elaboration final pass...
# ELAB2: Create instances ...
# ELAB2: Create instances complete.
# ELAB2: Elaboration final pass complete - time: 0.3 [s].
# KERNEL: Kernel process initialization done.
# Allocation: Simulator allocated 2417 kB (elbread=1070 elab2=299 kernel=1048 sdf=0)
# 12:42 AM, Sunday, April 30, 2017
# Simulation has been initialized
# Selected Top-Level: shift_register (arh)
run 100 ns
# KERNEL: stopped at time: 100 ns
# KERNEL: Simulation has finished. There are no more test vectors to simulate.
run 100 ns
# RUNTIME: Fatal Error: RUNTIME_0047 shift_register.vhd (22): Index 5 out of range (4 downto 0).
# KERNEL: Time: 150 ns,  Iteration: 0,  TOP instance,  Process: line__12.
# Fatal error occurred during simulation.
# KERNEL: stopped at delta: 0 at time 150 ns.
acom $DSN/src/shift_register.vhd
# Compile...
# File: d:\designshdl\counter\shift_register\src\shift_register.vhd
# Compile Entity "shift_register"
# Error: COMP96_0078: shift_register.vhd : (4, 5): Unknown identifier "iee".
# Error: COMP96_0055: shift_register.vhd : (4, 5): Cannot find referenced context element.
# Compile Architecture "arh" of Entity "shift_register"
# Compile failure 2 Errors 0 Warnings  Analysis time :  0.0 [s]
acom $DSN/src/shift_register.vhd
# Compile...
# File: d:\designshdl\counter\shift_register\src\shift_register.vhd
# Compile Entity "shift_register"
# Error: COMP96_0055: shift_register.vhd : (4, 9): Cannot find referenced context element.
# Compile Architecture "arh" of Entity "shift_register"
# Compile failure 1 Errors 0 Warnings  Analysis time :  0.0 [s]
acom $DSN/src/shift_register.vhd
# Compile...
# File: d:\designshdl\counter\shift_register\src\shift_register.vhd
# Compile Entity "shift_register"
# Error: COMP96_0055: shift_register.vhd : (4, 9): Cannot find referenced context element.
# Compile Architecture "arh" of Entity "shift_register"
# Compile failure 1 Errors 0 Warnings  Analysis time :  0.0 [s]
acom $DSN/src/shift_register.vhd
# Compile...
# File: d:\designshdl\counter\shift_register\src\shift_register.vhd
# Compile Entity "shift_register"
# Compile Architecture "arh" of Entity "shift_register"
# Compile success 0 Errors 0 Warnings  Analysis time :  0.1 [s]
endsim
# All when statements cleared.
# Simulation has been stopped
asim -advdataflow  shift_register arh
# ELBREAD: Elaboration process.
# ELBREAD: Elaboration time 0.0 [s].
# asim: Stack memory: 32MB
# asim: Retval memory: 32MB
# KERNEL: Main thread initiated.
# KERNEL: Kernel process initialization phase.
# KERNEL: Time resolution set to 1ps.
# ELAB2: Elaboration final pass...
# ELAB2: Create instances ...
# ELAB2: Create instances complete.
# ELAB2: Elaboration final pass complete - time: 0.3 [s].
# KERNEL: Kernel process initialization done.
# Allocation: Simulator allocated 2417 kB (elbread=1070 elab2=299 kernel=1048 sdf=0)
# 12:45 AM, Sunday, April 30, 2017
# Simulation has been initialized
# Selected Top-Level: shift_register (arh)
endsim
# All when statements cleared.
# Simulation has been stopped
asim -advdataflow  shift_register arh
# ELBREAD: Elaboration process.
# ELBREAD: Elaboration time 0.0 [s].
# asim: Stack memory: 32MB
# asim: Retval memory: 32MB
# KERNEL: Main thread initiated.
# KERNEL: Kernel process initialization phase.
# KERNEL: Time resolution set to 1ps.
# ELAB2: Elaboration final pass...
# ELAB2: Create instances ...
# ELAB2: Create instances complete.
# ELAB2: Elaboration final pass complete - time: 0.3 [s].
# KERNEL: Kernel process initialization done.
# Allocation: Simulator allocated 2417 kB (elbread=1070 elab2=299 kernel=1048 sdf=0)
# 12:45 AM, Sunday, April 30, 2017
# Simulation has been initialized
# Selected Top-Level: shift_register (arh)
run 100 ns
# RUNTIME: Fatal Error: RUNTIME_0047 shift_register.vhd (24): Index 5 out of range (4 downto 0).
# KERNEL: Time: 50 ns,  Iteration: 0,  TOP instance,  Process: line__14.
# KERNEL: stopped at delta: 0 at time 50 ns.
# Fatal error occurred during simulation.
acom $DSN/src/shift_register.vhd
# Compile...
# File: d:\designshdl\counter\shift_register\src\shift_register.vhd
# Compile Entity "shift_register"
# Entity `shift_register' has been skipped - no difference detected.
# Compile Architecture "arh" of Entity "shift_register"
# Compile success 0 Errors 0 Warnings  Analysis time :  0.2 [s]
run 100 ns
endsim
# All when statements cleared.
# Simulation has been stopped
asim -advdataflow  shift_register arh
# ELBREAD: Elaboration process.
# ELBREAD: Elaboration time 0.0 [s].
# asim: Stack memory: 32MB
# asim: Retval memory: 32MB
acom $DSN/src/shift_register.vhd
# Compile...
# File: d:\designshdl\counter\shift_register\src\shift_register.vhd
# Compile Entity "shift_register"
# Entity `shift_register' has been skipped - no difference detected.
# Compile Architecture "arh" of Entity "shift_register"
# Compile success 0 Errors 0 Warnings  Analysis time :  0.1 [s]
# ELBREAD: Elaboration process.
# ELBREAD: Elaboration time 0.0 [s].
# KERNEL: Main thread initiated.
# KERNEL: Kernel process initialization phase.
# KERNEL: Time resolution set to 1ps.
# ELAB2: Elaboration final pass...
# ELAB2: Create instances ...
# ELAB2: Create instances complete.
# ELAB2: Elaboration final pass complete - time: 0.3 [s].
# KERNEL: Kernel process initialization done.
# Allocation: Simulator allocated 2417 kB (elbread=1070 elab2=299 kernel=1048 sdf=0)
# 12:50 AM, Sunday, April 30, 2017
# Simulation has been initialized
# Selected Top-Level: shift_register (arh)
run 100 ns
# KERNEL: stopped at time: 100 ns
# KERNEL: Simulation has finished. There are no more test vectors to simulate.
run 100 ns
# KERNEL: stopped at time: 200 ns
# KERNEL: Simulation has finished. There are no more test vectors to simulate.
acom $DSN/src/shift_register.vhd
# Compile...
# File: d:\designshdl\counter\shift_register\src\shift_register.vhd
# Compile Entity "shift_register"
# Entity `shift_register' has been skipped - no difference detected.
# Compile Architecture "arh" of Entity "shift_register"
# Compile success 0 Errors 0 Warnings  Analysis time :  0.1 [s]
run 100 ns
# KERNEL: stopped at time: 300 ns
# KERNEL: Simulation has finished. There are no more test vectors to simulate.
run 100 ns
# RUNTIME: Fatal Error: RUNTIME_0047 shift_register.vhd (24): Index 5 out of range (4 downto 0).
# KERNEL: Time: 350 ns,  Iteration: 0,  TOP instance,  Process: line__14.
# KERNEL: stopped at delta: 0 at time 350 ns.
# Fatal error occurred during simulation.
acom $DSN/src/shift_register.vhd
# Compile...
# File: d:\designshdl\counter\shift_register\src\shift_register.vhd
# Compile Entity "shift_register"
# Compile Architecture "arh" of Entity "shift_register"
# Compile success 0 Errors 0 Warnings  Analysis time :  0.1 [s]
endsim
# All when statements cleared.
# Simulation has been stopped
asim -advdataflow  shift_register arh
# ELBREAD: Elaboration process.
# ELBREAD: Elaboration time 0.0 [s].
# asim: Stack memory: 32MB
# asim: Retval memory: 32MB
# KERNEL: Main thread initiated.
# KERNEL: Kernel process initialization phase.
# KERNEL: Time resolution set to 1ps.
# ELAB2: Elaboration final pass...
# ELAB2: Create instances ...
# ELAB2: Create instances complete.
# ELAB2: Elaboration final pass complete - time: 0.3 [s].
# KERNEL: Kernel process initialization done.
# Allocation: Simulator allocated 2417 kB (elbread=1070 elab2=299 kernel=1048 sdf=0)
# 12:52 AM, Sunday, April 30, 2017
# Simulation has been initialized
# Selected Top-Level: shift_register (arh)
run 100 ns
# KERNEL: stopped at time: 100 ns
run 100 ns
# KERNEL: stopped at time: 200 ns
run 100 ns
# KERNEL: stopped at time: 300 ns
run 100 ns
# KERNEL: stopped at time: 400 ns
run 100 ns
# KERNEL: stopped at time: 500 ns
run 100 ns
# KERNEL: stopped at time: 600 ns
run 100 ns
# KERNEL: stopped at time: 700 ns
run 100 ns
# KERNEL: stopped at time: 800 ns
run 100 ns
# KERNEL: stopped at time: 900 ns
run 100 ns
# KERNEL: stopped at time: 1 us
run 100 ns
# KERNEL: stopped at time: 1100 ns
run 100 ns
# KERNEL: stopped at time: 1200 ns
run 100 ns
# KERNEL: stopped at time: 1300 ns
run 100 ns
# KERNEL: stopped at time: 1400 ns
run 100 ns
# KERNEL: stopped at time: 1500 ns
acom $DSN/src/shift_register.vhd
# Compile...
# File: d:\designshdl\counter\shift_register\src\shift_register.vhd
# Compile Entity "shift_register"
# Entity `shift_register' has been skipped - no difference detected.
# Compile Architecture "arh" of Entity "shift_register"
# Compile success 0 Errors 0 Warnings  Analysis time :  0.1 [s]
endsim
# All when statements cleared.
# Simulation has been stopped
asim -advdataflow  shift_register arh
# ELBREAD: Elaboration process.
# ELBREAD: Elaboration time 0.0 [s].
# asim: Stack memory: 32MB
# asim: Retval memory: 32MB
# KERNEL: Main thread initiated.
# KERNEL: Kernel process initialization phase.
# KERNEL: Time resolution set to 1ps.
# ELAB2: Elaboration final pass...
# ELAB2: Create instances ...
# ELAB2: Create instances complete.
# ELAB2: Elaboration final pass complete - time: 0.3 [s].
# KERNEL: Kernel process initialization done.
# Allocation: Simulator allocated 2417 kB (elbread=1070 elab2=299 kernel=1048 sdf=0)
# 12:54 AM, Sunday, April 30, 2017
# Simulation has been initialized
# Selected Top-Level: shift_register (arh)
run 100 ns
# KERNEL: stopped at time: 100 ns
run 100 ns
# KERNEL: stopped at time: 200 ns
run 100 ns
# KERNEL: stopped at time: 300 ns
run 100 ns
# KERNEL: stopped at time: 400 ns
run 100 ns
# KERNEL: stopped at time: 500 ns
run 100 ns
# KERNEL: stopped at time: 600 ns
run 100 ns
# KERNEL: stopped at time: 700 ns
run 100 ns
# KERNEL: stopped at time: 800 ns
run 100 ns
# KERNEL: stopped at time: 900 ns
run 100 ns
# KERNEL: stopped at time: 1 us
run 100 ns
# KERNEL: stopped at time: 1100 ns
run 100 ns
# KERNEL: stopped at time: 1200 ns
run 100 ns
# KERNEL: stopped at time: 1300 ns
endsim
# All when statements cleared.
# Simulation has been stopped
# Design: Design "d_ff" has been set as active.
