acom -reorder $DSN/src/NUMARATOR_BINAR.vhd
# Compile with File Reorder...
# File: D:\designshdl\CLV_2008\NUMARATOR_BINAR\src\NUMARATOR_BINAR.vhd
# Compile Entity "NUMARATOR_BINAR"
# Compile Architecture "arh" of Entity "NUMARATOR_BINAR"
# Error: COMP96_0019: NUMARATOR_BINAR.vhd : (14, 2): Keyword "begin" expected.
# Error: COMP96_0019: NUMARATOR_BINAR.vhd : (16, 3): Keyword "end" expected.
# Error: COMP96_0016: NUMARATOR_BINAR.vhd : (16, 9): Design unit declaration expected.
# Error: COMP96_0019: NUMARATOR_BINAR.vhd : (23, 21): Keyword "of" expected.
# Error: COMP96_0018: NUMARATOR_BINAR.vhd : (23, 21): Identifier expected.
# Compile failure 5 Errors 0 Warnings  Analysis time :  0.0 [s]
acom $DSN/src/NUMARATOR_BINAR.vhd
# Compile...
# File: D:\designshdl\CLV_2008\NUMARATOR_BINAR\src\NUMARATOR_BINAR.vhd
# Compile Entity "NUMARATOR_BINAR"
# Entity `NUMARATOR_BINAR' has been skipped - no difference detected.
# Compile Architecture "arh" of Entity "NUMARATOR_BINAR"
# Error: COMP96_0019: NUMARATOR_BINAR.vhd : (20, 8): Keyword "then" expected.
# Error: COMP96_0019: NUMARATOR_BINAR.vhd : (22, 6): Keyword "process" expected.
# Error: COMP96_0015: NUMARATOR_BINAR.vhd : (23, 6): ';' expected.
# Error: COMP96_0016: NUMARATOR_BINAR.vhd : (23, 13): Design unit declaration expected.
# Error: COMP96_0019: NUMARATOR_BINAR.vhd : (24, 21): Keyword "of" expected.
# Error: COMP96_0018: NUMARATOR_BINAR.vhd : (24, 21): Identifier expected.
# Compile failure 6 Errors 0 Warnings  Analysis time :  0.0 [s]
acom $DSN/src/NUMARATOR_BINAR.vhd
# Compile...
# File: D:\designshdl\CLV_2008\NUMARATOR_BINAR\src\NUMARATOR_BINAR.vhd
# Compile Entity "NUMARATOR_BINAR"
# Entity `NUMARATOR_BINAR' has been skipped - no difference detected.
# Compile Architecture "arh" of Entity "NUMARATOR_BINAR"
# Error: COMP96_0019: NUMARATOR_BINAR.vhd : (20, 8): Keyword "then" expected.
# Error: COMP96_0019: NUMARATOR_BINAR.vhd : (22, 6): Keyword "process" expected.
# Error: COMP96_0015: NUMARATOR_BINAR.vhd : (24, 6): ';' expected.
# Error: COMP96_0016: NUMARATOR_BINAR.vhd : (24, 13): Design unit declaration expected.
# Error: COMP96_0019: NUMARATOR_BINAR.vhd : (25, 21): Keyword "of" expected.
# Error: COMP96_0018: NUMARATOR_BINAR.vhd : (25, 21): Identifier expected.
# Compile failure 6 Errors 0 Warnings  Analysis time :  0.0 [s]
acom $DSN/src/NUMARATOR_BINAR.vhd
# Compile...
# File: D:\designshdl\CLV_2008\NUMARATOR_BINAR\src\NUMARATOR_BINAR.vhd
# Compile Entity "NUMARATOR_BINAR"
# Entity `NUMARATOR_BINAR' has been skipped - no difference detected.
# Compile Architecture "arh" of Entity "NUMARATOR_BINAR"
# Error: COMP96_0019: NUMARATOR_BINAR.vhd : (20, 16): Keyword "then" expected.
# Error: COMP96_0019: NUMARATOR_BINAR.vhd : (22, 6): Keyword "process" expected.
# Error: COMP96_0015: NUMARATOR_BINAR.vhd : (24, 6): ';' expected.
# Error: COMP96_0016: NUMARATOR_BINAR.vhd : (24, 13): Design unit declaration expected.
# Error: COMP96_0019: NUMARATOR_BINAR.vhd : (25, 21): Keyword "of" expected.
# Error: COMP96_0018: NUMARATOR_BINAR.vhd : (25, 21): Identifier expected.
# Compile failure 6 Errors 0 Warnings  Analysis time :  0.0 [s]
acom $DSN/src/NUMARATOR_BINAR.vhd
# Compile...
# File: D:\designshdl\CLV_2008\NUMARATOR_BINAR\src\NUMARATOR_BINAR.vhd
# Compile Entity "NUMARATOR_BINAR"
# Entity `NUMARATOR_BINAR' has been skipped - no difference detected.
# Compile Architecture "arh" of Entity "NUMARATOR_BINAR"
# Error: COMP96_0019: NUMARATOR_BINAR.vhd : (19, 10): Keyword "end" expected.
# Error: COMP96_0019: NUMARATOR_BINAR.vhd : (22, 6): Keyword "process" expected.
# Error: COMP96_0015: NUMARATOR_BINAR.vhd : (24, 6): ';' expected.
# Error: COMP96_0016: NUMARATOR_BINAR.vhd : (24, 13): Design unit declaration expected.
# Error: COMP96_0019: NUMARATOR_BINAR.vhd : (25, 21): Keyword "of" expected.
# Error: COMP96_0018: NUMARATOR_BINAR.vhd : (25, 21): Identifier expected.
# Compile failure 6 Errors 0 Warnings  Analysis time :  0.0 [s]
acom $DSN/src/NUMARATOR_BINAR.vhd
# Compile...
# File: D:\designshdl\CLV_2008\NUMARATOR_BINAR\src\NUMARATOR_BINAR.vhd
# Compile Entity "NUMARATOR_BINAR"
# Entity `NUMARATOR_BINAR' has been skipped - no difference detected.
# Compile Architecture "arh" of Entity "NUMARATOR_BINAR"
# Error: COMP96_0078: NUMARATOR_BINAR.vhd : (13, 43): Unknown identifier "o".
# Error: COMP96_0133: NUMARATOR_BINAR.vhd : (13, 43): Cannot find object declaration.
# Error: COMP96_0094: NUMARATOR_BINAR.vhd : (13, 43): Locally static expression is required in the range definition.
# Error: COMP96_0077: NUMARATOR_BINAR.vhd : (20, 10): Assignment target incompatible with right side. Expected type "std_logic_vector".
# Error: COMP96_0071: NUMARATOR_BINAR.vhd : (20, 10): Operator "+" is not defined for such operands.
# Error: COMP96_0104: NUMARATOR_BINAR.vhd : (20, 10): Undefined type of expression.
# Compile failure 6 Errors 0 Warnings  Analysis time :  0.0 [s]
acom $DSN/src/NUMARATOR_BINAR.vhd
# Compile...
# File: D:\designshdl\CLV_2008\NUMARATOR_BINAR\src\NUMARATOR_BINAR.vhd
# Compile Entity "NUMARATOR_BINAR"
# Entity `NUMARATOR_BINAR' has been skipped - no difference detected.
# Compile Architecture "arh" of Entity "NUMARATOR_BINAR"
# Error: COMP96_0077: NUMARATOR_BINAR.vhd : (20, 10): Assignment target incompatible with right side. Expected type "std_logic_vector".
# Error: COMP96_0071: NUMARATOR_BINAR.vhd : (20, 10): Operator "+" is not defined for such operands.
# Error: COMP96_0104: NUMARATOR_BINAR.vhd : (20, 10): Undefined type of expression.
# Compile failure 3 Errors 0 Warnings  Analysis time :  0.0 [s]
acom $DSN/src/NUMARATOR_BINAR.vhd
# Compile...
# File: D:\designshdl\CLV_2008\NUMARATOR_BINAR\src\NUMARATOR_BINAR.vhd
# Compile Entity "NUMARATOR_BINAR"
# Entity `NUMARATOR_BINAR' has been skipped - no difference detected.
# Compile Architecture "arh" of Entity "NUMARATOR_BINAR"
# Error: COMP96_0077: NUMARATOR_BINAR.vhd : (20, 10): Assignment target incompatible with right side. Expected type "std_logic_vector".
# Error: COMP96_0071: NUMARATOR_BINAR.vhd : (20, 10): Operator "+" is not defined for such operands.
# Error: COMP96_0104: NUMARATOR_BINAR.vhd : (20, 10): Undefined type of expression.
# Compile failure 3 Errors 0 Warnings  Analysis time :  0.0 [s]
acom $DSN/src/NUMARATOR_BINAR.vhd
# Compile...
# File: D:\designshdl\CLV_2008\NUMARATOR_BINAR\src\NUMARATOR_BINAR.vhd
# Compile Entity "NUMARATOR_BINAR"
# Compile Architecture "arh" of Entity "NUMARATOR_BINAR"
# Compile success 0 Errors 0 Warnings  Analysis time :  0.2 [s]
# ELBREAD: Elaboration process.
# ELBREAD: Elaboration time 0.0 [s].
asim -advdataflow  numarator_binar arh
# ELBREAD: Elaboration process.
# ELBREAD: Elaboration time 0.0 [s].
# asim: Stack memory: 32MB
# asim: Retval memory: 32MB
# KERNEL: Main thread initiated.
# KERNEL: Kernel process initialization phase.
# KERNEL: Time resolution set to 1ps.
# ELAB2: Elaboration final pass...
# ELAB2: Create instances ...
# ELAB2: Create instances complete.
# ELAB2: Elaboration final pass complete - time: 0.4 [s].
# KERNEL: Kernel process initialization done.
# Allocation: Simulator allocated 2417 kB (elbread=1070 elab2=299 kernel=1048 sdf=0)
# 11:22 PM, Saturday, May 20, 2017
# Simulation has been initialized
# Selected Top-Level: numarator_binar (arh)
run 100 ns
# KERNEL: stopped at time: 100 ns
# KERNEL: Simulation has finished. There are no more test vectors to simulate.
run 100 ns
# KERNEL: stopped at time: 200 ns
run 100 ns
# KERNEL: stopped at time: 300 ns
run 100 ns
# KERNEL: stopped at time: 400 ns
run 100 ns
# KERNEL: stopped at time: 500 ns
run 100 ns
# KERNEL: stopped at time: 600 ns
run 100 ns
# KERNEL: stopped at time: 700 ns
run 100 ns
# KERNEL: stopped at time: 800 ns
run 100 ns
# KERNEL: stopped at time: 900 ns
run 100 ns
# KERNEL: stopped at time: 1 us
run 100 ns
# KERNEL: stopped at time: 1100 ns
run 100 ns
# KERNEL: stopped at time: 1200 ns
run 100 ns
# KERNEL: stopped at time: 1300 ns
run 100 ns
# KERNEL: stopped at time: 1400 ns
run 100 ns
# KERNEL: stopped at time: 1500 ns
run 100 ns
# KERNEL: stopped at time: 1600 ns
run 100 ns
# KERNEL: stopped at time: 1700 ns
run 100 ns
# KERNEL: stopped at time: 1800 ns
run 100 ns
# KERNEL: stopped at time: 1900 ns
run 100 ns
# KERNEL: stopped at time: 2 us
run 100 ns
# KERNEL: stopped at time: 2100 ns
run 100 ns
# KERNEL: stopped at time: 2200 ns
run 100 ns
# KERNEL: stopped at time: 2300 ns
run 100 ns
# KERNEL: stopped at time: 2400 ns
run 100 ns
# KERNEL: stopped at time: 2500 ns
run 100 ns
# KERNEL: stopped at time: 2600 ns
run 100 ns
# KERNEL: stopped at time: 2700 ns
run 100 ns
# KERNEL: stopped at time: 2800 ns
run 100 ns
# KERNEL: stopped at time: 2900 ns
run 100 ns
# KERNEL: stopped at time: 3 us
run 100 ns
# KERNEL: stopped at time: 3100 ns
run 100 ns
# KERNEL: stopped at time: 3200 ns
run 100 ns
# KERNEL: stopped at time: 3300 ns
run 100 ns
# KERNEL: stopped at time: 3400 ns
run 100 ns
# KERNEL: stopped at time: 3500 ns
run 100 ns
# KERNEL: stopped at time: 3600 ns
run 100 ns
# KERNEL: stopped at time: 3700 ns
run 100 ns
# KERNEL: stopped at time: 3800 ns
run 100 ns
# KERNEL: stopped at time: 3900 ns
run 100 ns
# KERNEL: stopped at time: 4 us
run 100 ns
# KERNEL: stopped at time: 4100 ns
run 100 ns
# KERNEL: stopped at time: 4200 ns
run 100 ns
# KERNEL: stopped at time: 4300 ns
run 100 ns
# KERNEL: stopped at time: 4400 ns
run 100 ns
# KERNEL: stopped at time: 4500 ns
run 100 ns
# KERNEL: stopped at time: 4600 ns
run 100 ns
# KERNEL: stopped at time: 4700 ns
run 100 ns
# KERNEL: stopped at time: 4800 ns
run 100 ns
# KERNEL: stopped at time: 4900 ns
run 100 ns
# KERNEL: stopped at time: 5 us
run 100 ns
# KERNEL: stopped at time: 5100 ns
run 100 ns
# KERNEL: stopped at time: 5200 ns
run 100 ns
# KERNEL: stopped at time: 5300 ns
run 100 ns
# KERNEL: stopped at time: 5400 ns
run 100 ns
# KERNEL: stopped at time: 5500 ns
run 100 ns
# KERNEL: stopped at time: 5600 ns
run 100 ns
# KERNEL: stopped at time: 5700 ns
run 100 ns
# KERNEL: stopped at time: 5800 ns
run 100 ns
# KERNEL: stopped at time: 5900 ns
run 100 ns
# KERNEL: stopped at time: 6 us
run 100 ns
# KERNEL: stopped at time: 6100 ns
run 100 ns
# KERNEL: stopped at time: 6200 ns
run 100 ns
# KERNEL: stopped at time: 6300 ns
run 100 ns
# KERNEL: stopped at time: 6400 ns
run 100 ns
# KERNEL: stopped at time: 6500 ns
run 100 ns
# KERNEL: stopped at time: 6600 ns
run 100 ns
# KERNEL: stopped at time: 6700 ns
run 100 ns
# KERNEL: stopped at time: 6800 ns
run 100 ns
# KERNEL: stopped at time: 6900 ns
run 100 ns
# KERNEL: stopped at time: 7 us
run 100 ns
# KERNEL: stopped at time: 7100 ns
run 100 ns
# KERNEL: stopped at time: 7200 ns
run 100 ns
# KERNEL: stopped at time: 7300 ns
run 100 ns
# KERNEL: stopped at time: 7400 ns
run 100 ns
# KERNEL: stopped at time: 7500 ns
run 100 ns
# KERNEL: stopped at time: 7600 ns
run 100 ns
# KERNEL: stopped at time: 7700 ns
run 100 ns
# KERNEL: stopped at time: 7800 ns
run 100 ns
# KERNEL: stopped at time: 7900 ns
run 100 ns
# KERNEL: stopped at time: 8 us
run 100 ns
# KERNEL: stopped at time: 8100 ns
run 100 ns
# KERNEL: stopped at time: 8200 ns
run 100 ns
# KERNEL: stopped at time: 8300 ns
run 100 ns
# KERNEL: stopped at time: 8400 ns
run 100 ns
# KERNEL: stopped at time: 8500 ns
run 100 ns
# KERNEL: stopped at time: 8600 ns
run 100 ns
# KERNEL: stopped at time: 8700 ns
run 100 ns
# KERNEL: stopped at time: 8800 ns
run 100 ns
# KERNEL: stopped at time: 8900 ns
run 100 ns
# KERNEL: stopped at time: 9 us
run 100 ns
# KERNEL: stopped at time: 9100 ns
run 100 ns
# KERNEL: stopped at time: 9200 ns
run 100 ns
# KERNEL: stopped at time: 9300 ns
run 100 ns
# KERNEL: stopped at time: 9400 ns
run 100 ns
# KERNEL: stopped at time: 9500 ns
run 100 ns
# KERNEL: stopped at time: 9600 ns
run 100 ns
# KERNEL: stopped at time: 9700 ns
run 100 ns
# KERNEL: stopped at time: 9800 ns
run 100 ns
# KERNEL: stopped at time: 9900 ns
run 100 ns
# KERNEL: stopped at time: 10 us
run 100 ns
# KERNEL: stopped at time: 10100 ns
run 100 ns
# KERNEL: stopped at time: 10200 ns
run 100 ns
# KERNEL: stopped at time: 10300 ns
run 100 ns
# KERNEL: stopped at time: 10400 ns
run 100 ns
# KERNEL: stopped at time: 10500 ns
run 100 ns
# KERNEL: stopped at time: 10600 ns
run 100 ns
# KERNEL: stopped at time: 10700 ns
run 100 ns
# KERNEL: stopped at time: 10800 ns
run 100 ns
# KERNEL: stopped at time: 10900 ns
run 100 ns
# KERNEL: stopped at time: 11 us
run 100 ns
# KERNEL: stopped at time: 11100 ns
run 100 ns
# KERNEL: stopped at time: 11200 ns
run 100 ns
# KERNEL: stopped at time: 11300 ns
run 100 ns
# KERNEL: stopped at time: 11400 ns
run 100 ns
# KERNEL: stopped at time: 11500 ns
run 100 ns
# KERNEL: stopped at time: 11600 ns
run 100 ns
# KERNEL: stopped at time: 11700 ns
run 100 ns
# KERNEL: stopped at time: 11800 ns
# Simulation has been stopped
# Design: Design "NUMARATOR_ZECIMAL" has been set as active.
