# ELBREAD: Elaboration process.
# ELBREAD: Elaboration time 0.0 [s].
acom $DSN/src/comp_2s.vhd
# Compile...
# File: D:\designshdl\CRET\comp_2s\src\comp_2s.vhd
# Compile Entity "comp"
# Entity `comp' has been skipped - no difference detected.
# Compile Architecture "arh" of Entity "comp"
# Compile success 0 Errors 0 Warnings  Analysis time :  0.1 [s]
asim -advdataflow  compari a
# ELBREAD: Elaboration process.
# ELBREAD: Elaboration time 0.0 [s].
# asim: Stack memory: 32MB
# asim: Retval memory: 32MB
# KERNEL: Main thread initiated.
# KERNEL: Kernel process initialization phase.
# KERNEL: Time resolution set to 1ps.
# ELAB2: Elaboration final pass...
# ELAB2: Create instances ...
# ELAB2: Create instances complete.
# ELAB2: Elaboration final pass complete - time: 0.3 [s].
# KERNEL: Kernel process initialization done.
# Allocation: Simulator allocated 2422 kB (elbread=1070 elab2=303 kernel=1049 sdf=0)
# 10:10 PM, Monday, June 26, 2017
# Simulation has been initialized
# Selected Top-Level: compari (a)
run 100 ns
# KERNEL: WARNING: There is an 'U'|'X'|'W'|'Z'|'-' in an arithmetic operand, the result will be 'X'(es).
# KERNEL: Time: 0 ps,  Iteration: 0,  TOP instance,  Process: line__13.
# KERNEL: stopped at time: 100 ns
# KERNEL: Simulation has finished. There are no more test vectors to simulate.
# Simulation has been stopped
# Design: 10:10 PM, Monday, June 26, 2017
# Design: Opening design "D:\designshdl\CRET\comp_2s\twoss\twoss.adf"
# ELBREAD: Elaboration process.
# ELBREAD: Elaboration time 0.0 [s].
# Design: Design "twoss" has been set as active.
# Design Explorer: Shortcut to "D:\designshdl\CRET\comp_2s\comp_2s.aws" design added.
