#-----------------------------------------------------------
# Vivado v2017.4 (64-bit)
# SW Build 2086221 on Fri Dec 15 20:55:39 MST 2017
# IP Build 2085800 on Fri Dec 15 22:25:07 MST 2017
# Start of session at: Wed May  2 10:24:39 2018
# Process ID: 3876
# Current directory: D:/Student/30238/Matasariu Gabriel/lab1_clock
# Command line: vivado.exe -gui_launcher_event rodinguilauncherevent4520 D:\Student\30238\Matasariu Gabriel\lab1_clock\lab1_clock.xpr
# Log file: D:/Student/30238/Matasariu Gabriel/lab1_clock/vivado.log
# Journal file: D:/Student/30238/Matasariu Gabriel/lab1_clock\vivado.jou
#-----------------------------------------------------------
start_gui
open_project {D:/Student/30238/Matasariu Gabriel/lab1_clock/lab1_clock.xpr}
Scanning sources...
Finished scanning sources
INFO: [IP_Flow 19-234] Refreshing IP repositories
INFO: [IP_Flow 19-1704] No user IP repositories specified
INFO: [IP_Flow 19-2313] Loaded Vivado IP repository 'C:/Xilinx/Vivado/2017.4/data/ip'.
open_hw
update_compile_order -fileset sources_1
connect_hw_server
INFO: [Labtools 27-2285] Connecting to hw_server url TCP:localhost:3121
open_hw_target
INFO: [Labtoolstcl 44-466] Opening hw_target localhost:3121/xilinx_tcf/Digilent/210292696620A
set_property PROGRAM.FILE {D:/Student/30238/Matasariu Gabriel/lab1_clock/lab1_clock.runs/impl_1/clock.bit} [get_hw_devices xc7a100t_0]
current_hw_device [get_hw_devices xc7a100t_0]
refresh_hw_device -update_hw_probes false [lindex [get_hw_devices xc7a100t_0] 0]
INFO: [Labtools 27-1435] Device xc7a100t (JTAG device index = 0) is not programmed (DONE status = 0).
set_property PROBES.FILE {} [get_hw_devices xc7a100t_0]
set_property FULL_PROBES.FILE {} [get_hw_devices xc7a100t_0]
set_property PROGRAM.FILE {D:/Student/30238/Matasariu Gabriel/lab1_clock/lab1_clock.runs/impl_1/clock.bit} [get_hw_devices xc7a100t_0]
program_hw_devices [get_hw_devices xc7a100t_0]
INFO: [Labtools 27-3164] End of startup status: HIGH
refresh_hw_device [lindex [get_hw_devices xc7a100t_0] 0]
INFO: [Labtools 27-1434] Device xc7a100t (JTAG device index = 0) is programmed with a design that has no supported debug core(s) in it.
WARNING: [Labtools 27-3361] The debug hub core was not detected.
Resolution: 
1. Make sure the clock connected to the debug hub (dbg_hub) core is a free running clock and is active.
2. Make sure the BSCAN_SWITCH_USER_MASK device property in Vivado Hardware Manager reflects the user scan chain setting in the design and refresh the device.  To determine the user scan chain setting in the design, open the implemented design and use 'get_property C_USER_SCAN_CHAIN [get_debug_cores dbg_hub]'.
For more details on setting the scan chain property, consult the Vivado Debug and Programming User Guide (UG908).
close_hw
import_files -norecurse {{D:/Student/30238/Matasariu Gabriel/ProiectSSC-master/ProiectSSC-master/src/ControlUnit.vhd} {D:/Student/30238/Matasariu Gabriel/ProiectSSC-master/ProiectSSC-master/src/AluExp.vhd} {D:/Student/30238/Matasariu Gabriel/ProiectSSC-master/ProiectSSC-master/src/mux21extend.vhd} {D:/Student/30238/Matasariu Gabriel/ProiectSSC-master/ProiectSSC-master/src/shiftleftregister.vhd} {D:/Student/30238/Matasariu Gabriel/ProiectSSC-master/ProiectSSC-master/src/simpleregister.vhd} {D:/Student/30238/Matasariu Gabriel/ProiectSSC-master/ProiectSSC-master/src/Debounce.vhd} {D:/Student/30238/Matasariu Gabriel/ProiectSSC-master/ProiectSSC-master/src/CompareExp.vhd} {D:/Student/30238/Matasariu Gabriel/ProiectSSC-master/ProiectSSC-master/src/Rotunjire.vhd} {D:/Student/30238/Matasariu Gabriel/ProiectSSC-master/ProiectSSC-master/src/shiftrightregister.vhd} {D:/Student/30238/Matasariu Gabriel/ProiectSSC-master/ProiectSSC-master/src/RealiniereMantisa.vhd} {D:/Student/30238/Matasariu Gabriel/ProiectSSC-master/ProiectSSC-master/src/mux21.vhd} {D:/Student/30238/Matasariu Gabriel/ProiectSSC-master/ProiectSSC-master/src/Normalizare.vhd} {D:/Student/30238/Matasariu Gabriel/ProiectSSC-master/ProiectSSC-master/src/displ7seg.vhd} {D:/Student/30238/Matasariu Gabriel/ProiectSSC-master/ProiectSSC-master/src/Decoder.vhd} {D:/Student/30238/Matasariu Gabriel/ProiectSSC-master/ProiectSSC-master/src/AlignMantise.vhd} {D:/Student/30238/Matasariu Gabriel/ProiectSSC-master/ProiectSSC-master/src/AddSubVM.vhd} {D:/Student/30238/Matasariu Gabriel/ProiectSSC-master/ProiectSSC-master/src/AluMantise.vhd} {D:/Student/30238/Matasariu Gabriel/ProiectSSC-master/ProiectSSC-master/src/PmodKYPD.vhd}}
update_compile_order -fileset sources_1
set_property top PmodKYPD [current_fileset]
update_compile_order -fileset sources_1
reset_run synth_1
launch_runs synth_1 -jobs 2
WARNING: [filemgmt 20-1318] Duplicate Design Unit 'debounce(Behavioral)' found in library 'xil_defaultlib'
	(Active) Duplicate found at line 13 of file D:/Student/30238/Matasariu Gabriel/lab1_clock/lab1_clock.srcs/sources_1/imports/src/Debounce.vhd
Duplicate found in file D:/Student/30238/Matasariu Gabriel/lab1_clock/lab1_clock.srcs/sources_1/new/debounce.vhd
[Wed May  2 10:35:43 2018] Launched synth_1...
Run output will be captured here: D:/Student/30238/Matasariu Gabriel/lab1_clock/lab1_clock.runs/synth_1/runme.log
launch_runs impl_1 -jobs 2
[Wed May  2 10:36:37 2018] Launched impl_1...
Run output will be captured here: D:/Student/30238/Matasariu Gabriel/lab1_clock/lab1_clock.runs/impl_1/runme.log
launch_runs impl_1 -to_step write_bitstream -jobs 2
[Wed May  2 10:37:36 2018] Launched impl_1...
Run output will be captured here: D:/Student/30238/Matasariu Gabriel/lab1_clock/lab1_clock.runs/impl_1/runme.log
open_hw
connect_hw_server
INFO: [Labtools 27-2285] Connecting to hw_server url TCP:localhost:3121
open_hw_target
INFO: [Labtoolstcl 44-466] Opening hw_target localhost:3121/xilinx_tcf/Digilent/210292696620A
set_property PROGRAM.FILE {D:/Student/30238/Matasariu Gabriel/lab1_clock/lab1_clock.runs/impl_1/PmodKYPD.bit} [get_hw_devices xc7a100t_0]
current_hw_device [get_hw_devices xc7a100t_0]
refresh_hw_device -update_hw_probes false [lindex [get_hw_devices xc7a100t_0] 0]
INFO: [Labtools 27-1434] Device xc7a100t (JTAG device index = 0) is programmed with a design that has no supported debug core(s) in it.
WARNING: [Labtools 27-3361] The debug hub core was not detected.
Resolution: 
1. Make sure the clock connected to the debug hub (dbg_hub) core is a free running clock and is active.
2. Make sure the BSCAN_SWITCH_USER_MASK device property in Vivado Hardware Manager reflects the user scan chain setting in the design and refresh the device.  To determine the user scan chain setting in the design, open the implemented design and use 'get_property C_USER_SCAN_CHAIN [get_debug_cores dbg_hub]'.
For more details on setting the scan chain property, consult the Vivado Debug and Programming User Guide (UG908).
set_property PROBES.FILE {} [get_hw_devices xc7a100t_0]
set_property FULL_PROBES.FILE {} [get_hw_devices xc7a100t_0]
set_property PROGRAM.FILE {D:/Student/30238/Matasariu Gabriel/lab1_clock/lab1_clock.runs/impl_1/PmodKYPD.bit} [get_hw_devices xc7a100t_0]
program_hw_devices [get_hw_devices xc7a100t_0]
INFO: [Labtools 27-3164] End of startup status: HIGH
refresh_hw_device [lindex [get_hw_devices xc7a100t_0] 0]
INFO: [Labtools 27-1434] Device xc7a100t (JTAG device index = 0) is programmed with a design that has no supported debug core(s) in it.
WARNING: [Labtools 27-3361] The debug hub core was not detected.
Resolution: 
1. Make sure the clock connected to the debug hub (dbg_hub) core is a free running clock and is active.
2. Make sure the BSCAN_SWITCH_USER_MASK device property in Vivado Hardware Manager reflects the user scan chain setting in the design and refresh the device.  To determine the user scan chain setting in the design, open the implemented design and use 'get_property C_USER_SCAN_CHAIN [get_debug_cores dbg_hub]'.
For more details on setting the scan chain property, consult the Vivado Debug and Programming User Guide (UG908).
reset_run synth_1
launch_runs synth_1 -jobs 2
WARNING: [filemgmt 20-1318] Duplicate Design Unit 'debounce(Behavioral)' found in library 'xil_defaultlib'
	(Active) Duplicate found at line 13 of file D:/Student/30238/Matasariu Gabriel/lab1_clock/lab1_clock.srcs/sources_1/imports/src/Debounce.vhd
Duplicate found in file D:/Student/30238/Matasariu Gabriel/lab1_clock/lab1_clock.srcs/sources_1/new/debounce.vhd
[Wed May  2 10:42:12 2018] Launched synth_1...
Run output will be captured here: D:/Student/30238/Matasariu Gabriel/lab1_clock/lab1_clock.runs/synth_1/runme.log
reset_run synth_1
launch_runs impl_1 -to_step write_bitstream -jobs 2
[Wed May  2 10:49:43 2018] Launched synth_1...
Run output will be captured here: D:/Student/30238/Matasariu Gabriel/lab1_clock/lab1_clock.runs/synth_1/runme.log
[Wed May  2 10:49:43 2018] Launched impl_1...
Run output will be captured here: D:/Student/30238/Matasariu Gabriel/lab1_clock/lab1_clock.runs/impl_1/runme.log
open_run impl_1
INFO: [Netlist 29-17] Analyzing 45 Unisim elements for replacement
INFO: [Netlist 29-28] Unisim Transformation completed in 0 CPU seconds
INFO: [Project 1-479] Netlist was created with Vivado 2017.4
INFO: [Device 21-403] Loading part xc7a100tcsg324-1
INFO: [Project 1-570] Preparing netlist for logic optimization
Parsing XDC File [D:/Student/30238/Matasariu Gabriel/lab1_clock/.Xil/Vivado-3876-D104-12/dcp2/PmodKYPD.xdc]
Finished Parsing XDC File [D:/Student/30238/Matasariu Gabriel/lab1_clock/.Xil/Vivado-3876-D104-12/dcp2/PmodKYPD.xdc]
Reading XDEF placement.
Reading placer database...
Reading XDEF routing.
Read XDEF File: Time (s): cpu = 00:00:00 ; elapsed = 00:00:00.101 . Memory (MB): peak = 1839.441 ; gain = 0.195
Restored from archive | CPU: 0.000000 secs | Memory: 0.000000 MB |
Finished XDEF File Restore: Time (s): cpu = 00:00:00 ; elapsed = 00:00:00.101 . Memory (MB): peak = 1839.441 ; gain = 0.195
INFO: [Project 1-111] Unisim Transformation Summary:
No Unisim elements were transformed.

open_run: Time (s): cpu = 00:00:17 ; elapsed = 00:00:15 . Memory (MB): peak = 1954.191 ; gain = 414.109
CRITICAL WARNING: [Timing 38-282] The design failed to meet the timing requirements. Please see the timing summary report for details on the timing violations.
close_design
set_property PROBES.FILE {} [get_hw_devices xc7a100t_0]
set_property FULL_PROBES.FILE {} [get_hw_devices xc7a100t_0]
set_property PROGRAM.FILE {D:/Student/30238/Matasariu Gabriel/lab1_clock/lab1_clock.runs/impl_1/PmodKYPD.bit} [get_hw_devices xc7a100t_0]
program_hw_devices [get_hw_devices xc7a100t_0]
INFO: [Labtools 27-3164] End of startup status: HIGH
refresh_hw_device [lindex [get_hw_devices xc7a100t_0] 0]
INFO: [Labtools 27-1434] Device xc7a100t (JTAG device index = 0) is programmed with a design that has no supported debug core(s) in it.
WARNING: [Labtools 27-3361] The debug hub core was not detected.
Resolution: 
1. Make sure the clock connected to the debug hub (dbg_hub) core is a free running clock and is active.
2. Make sure the BSCAN_SWITCH_USER_MASK device property in Vivado Hardware Manager reflects the user scan chain setting in the design and refresh the device.  To determine the user scan chain setting in the design, open the implemented design and use 'get_property C_USER_SCAN_CHAIN [get_debug_cores dbg_hub]'.
For more details on setting the scan chain property, consult the Vivado Debug and Programming User Guide (UG908).
exit
INFO: [Common 17-206] Exiting Vivado at Wed May  2 11:03:44 2018...
