#-----------------------------------------------------------
# Vivado v2017.4 (64-bit)
# SW Build 2086221 on Fri Dec 15 20:55:39 MST 2017
# IP Build 2085800 on Fri Dec 15 22:25:07 MST 2017
# Start of session at: Wed May  9 10:15:35 2018
# Process ID: 4616
# Current directory: D:/Student/30238/Matasariu Gabriel/lab1_clock
# Command line: vivado.exe -gui_launcher_event rodinguilauncherevent2948 D:\Student\30238\Matasariu Gabriel\lab1_clock\lab1_clock.xpr
# Log file: D:/Student/30238/Matasariu Gabriel/lab1_clock/vivado.log
# Journal file: D:/Student/30238/Matasariu Gabriel/lab1_clock\vivado.jou
#-----------------------------------------------------------
start_gui
open_project {D:/Student/30238/Matasariu Gabriel/lab1_clock/lab1_clock.xpr}
Scanning sources...
Finished scanning sources
INFO: [IP_Flow 19-234] Refreshing IP repositories
INFO: [IP_Flow 19-1704] No user IP repositories specified
INFO: [IP_Flow 19-2313] Loaded Vivado IP repository 'C:/Xilinx/Vivado/2017.4/data/ip'.
open_project: Time (s): cpu = 00:00:10 ; elapsed = 00:00:07 . Memory (MB): peak = 761.508 ; gain = 122.105
update_compile_order -fileset sources_1
open_hw
connect_hw_server
INFO: [Labtools 27-2285] Connecting to hw_server url TCP:localhost:3121
INFO: [Labtools 27-2222] Launching hw_server...
INFO: [Labtools 27-2221] Launch Output:

****** Xilinx hw_server v2017.4
  **** Build date : Dec 15 2017-21:08:27
    ** Copyright 1986-2017 Xilinx, Inc. All Rights Reserved.


open_hw_target
INFO: [Labtoolstcl 44-466] Opening hw_target localhost:3121/xilinx_tcf/Digilent/210292696630A
set_property PROGRAM.FILE {D:/Student/30238/Matasariu Gabriel/lab1_clock/lab1_clock.runs/impl_1/PmodKYPD.bit} [get_hw_devices xc7a100t_0]
current_hw_device [get_hw_devices xc7a100t_0]
refresh_hw_device -update_hw_probes false [lindex [get_hw_devices xc7a100t_0] 0]
INFO: [Labtools 27-1434] Device xc7a100t (JTAG device index = 0) is programmed with a design that has no supported debug core(s) in it.
WARNING: [Labtools 27-3361] The debug hub core was not detected.
Resolution: 
1. Make sure the clock connected to the debug hub (dbg_hub) core is a free running clock and is active.
2. Make sure the BSCAN_SWITCH_USER_MASK device property in Vivado Hardware Manager reflects the user scan chain setting in the design and refresh the device.  To determine the user scan chain setting in the design, open the implemented design and use 'get_property C_USER_SCAN_CHAIN [get_debug_cores dbg_hub]'.
For more details on setting the scan chain property, consult the Vivado Debug and Programming User Guide (UG908).
set_property PROBES.FILE {} [get_hw_devices xc7a100t_0]
set_property FULL_PROBES.FILE {} [get_hw_devices xc7a100t_0]
set_property PROGRAM.FILE {D:/Student/30238/Matasariu Gabriel/lab1_clock/lab1_clock.runs/impl_1/PmodKYPD.bit} [get_hw_devices xc7a100t_0]
program_hw_devices [get_hw_devices xc7a100t_0]
INFO: [Labtools 27-3164] End of startup status: HIGH
refresh_hw_device [lindex [get_hw_devices xc7a100t_0] 0]
INFO: [Labtools 27-1434] Device xc7a100t (JTAG device index = 0) is programmed with a design that has no supported debug core(s) in it.
WARNING: [Labtools 27-3361] The debug hub core was not detected.
Resolution: 
1. Make sure the clock connected to the debug hub (dbg_hub) core is a free running clock and is active.
2. Make sure the BSCAN_SWITCH_USER_MASK device property in Vivado Hardware Manager reflects the user scan chain setting in the design and refresh the device.  To determine the user scan chain setting in the design, open the implemented design and use 'get_property C_USER_SCAN_CHAIN [get_debug_cores dbg_hub]'.
For more details on setting the scan chain property, consult the Vivado Debug and Programming User Guide (UG908).
close_hw
reset_run synth_1
launch_runs impl_1 -to_step write_bitstream -jobs 2
[Wed May  9 10:24:03 2018] Launched synth_1...
Run output will be captured here: D:/Student/30238/Matasariu Gabriel/lab1_clock/lab1_clock.runs/synth_1/runme.log
[Wed May  9 10:24:03 2018] Launched impl_1...
Run output will be captured here: D:/Student/30238/Matasariu Gabriel/lab1_clock/lab1_clock.runs/impl_1/runme.log
open_hw
connect_hw_server
INFO: [Labtools 27-2285] Connecting to hw_server url TCP:localhost:3121
INFO: [Labtools 27-2222] Launching hw_server...
INFO: [Labtools 27-2221] Launch Output:

****** Xilinx hw_server v2017.4
  **** Build date : Dec 15 2017-21:08:27
    ** Copyright 1986-2017 Xilinx, Inc. All Rights Reserved.


open_hw_target
INFO: [Labtoolstcl 44-466] Opening hw_target localhost:3121/xilinx_tcf/Digilent/210292696630A
set_property PROGRAM.FILE {D:/Student/30238/Matasariu Gabriel/lab1_clock/lab1_clock.runs/impl_1/PmodKYPD.bit} [get_hw_devices xc7a100t_0]
current_hw_device [get_hw_devices xc7a100t_0]
refresh_hw_device -update_hw_probes false [lindex [get_hw_devices xc7a100t_0] 0]
INFO: [Labtools 27-1434] Device xc7a100t (JTAG device index = 0) is programmed with a design that has no supported debug core(s) in it.
WARNING: [Labtools 27-3361] The debug hub core was not detected.
Resolution: 
1. Make sure the clock connected to the debug hub (dbg_hub) core is a free running clock and is active.
2. Make sure the BSCAN_SWITCH_USER_MASK device property in Vivado Hardware Manager reflects the user scan chain setting in the design and refresh the device.  To determine the user scan chain setting in the design, open the implemented design and use 'get_property C_USER_SCAN_CHAIN [get_debug_cores dbg_hub]'.
For more details on setting the scan chain property, consult the Vivado Debug and Programming User Guide (UG908).
set_property PROBES.FILE {} [get_hw_devices xc7a100t_0]
set_property FULL_PROBES.FILE {} [get_hw_devices xc7a100t_0]
set_property PROGRAM.FILE {D:/Student/30238/Matasariu Gabriel/lab1_clock/lab1_clock.runs/impl_1/PmodKYPD.bit} [get_hw_devices xc7a100t_0]
program_hw_devices [get_hw_devices xc7a100t_0]
INFO: [Labtools 27-3164] End of startup status: HIGH
refresh_hw_device [lindex [get_hw_devices xc7a100t_0] 0]
INFO: [Labtools 27-1434] Device xc7a100t (JTAG device index = 0) is programmed with a design that has no supported debug core(s) in it.
WARNING: [Labtools 27-3361] The debug hub core was not detected.
Resolution: 
1. Make sure the clock connected to the debug hub (dbg_hub) core is a free running clock and is active.
2. Make sure the BSCAN_SWITCH_USER_MASK device property in Vivado Hardware Manager reflects the user scan chain setting in the design and refresh the device.  To determine the user scan chain setting in the design, open the implemented design and use 'get_property C_USER_SCAN_CHAIN [get_debug_cores dbg_hub]'.
For more details on setting the scan chain property, consult the Vivado Debug and Programming User Guide (UG908).
update_compile_order -fileset sources_1
update_compile_order -fileset sources_1
update_compile_order -fileset sources_1
reset_run synth_1
launch_runs impl_1 -to_step write_bitstream -jobs 2
[Wed May  9 10:31:03 2018] Launched synth_1...
Run output will be captured here: D:/Student/30238/Matasariu Gabriel/lab1_clock/lab1_clock.runs/synth_1/runme.log
[Wed May  9 10:31:03 2018] Launched impl_1...
Run output will be captured here: D:/Student/30238/Matasariu Gabriel/lab1_clock/lab1_clock.runs/impl_1/runme.log
reset_run synth_1
launch_runs synth_1 -jobs 2
WARNING: [filemgmt 20-1318] Duplicate Design Unit 'debounce(Behavioral)' found in library 'xil_defaultlib'
	(Active) Duplicate found at line 13 of file D:/Student/30238/Matasariu Gabriel/lab1_clock/lab1_clock.srcs/sources_1/imports/src/Debounce.vhd
Duplicate found in file D:/Student/30238/Matasariu Gabriel/lab1_clock/lab1_clock.srcs/sources_1/new/debounce.vhd
[Wed May  9 10:33:13 2018] Launched synth_1...
Run output will be captured here: D:/Student/30238/Matasariu Gabriel/lab1_clock/lab1_clock.runs/synth_1/runme.log
launch_runs impl_1 -jobs 2
[Wed May  9 10:33:59 2018] Launched impl_1...
Run output will be captured here: D:/Student/30238/Matasariu Gabriel/lab1_clock/lab1_clock.runs/impl_1/runme.log
launch_runs impl_1 -to_step write_bitstream -jobs 2
[Wed May  9 10:35:28 2018] Launched impl_1...
Run output will be captured here: D:/Student/30238/Matasariu Gabriel/lab1_clock/lab1_clock.runs/impl_1/runme.log
reset_run synth_1
launch_runs impl_1 -to_step write_bitstream -jobs 2
[Wed May  9 10:36:30 2018] Launched synth_1...
Run output will be captured here: D:/Student/30238/Matasariu Gabriel/lab1_clock/lab1_clock.runs/synth_1/runme.log
[Wed May  9 10:36:30 2018] Launched impl_1...
Run output will be captured here: D:/Student/30238/Matasariu Gabriel/lab1_clock/lab1_clock.runs/impl_1/runme.log
set_property target_constrs_file {D:/Student/30238/Matasariu Gabriel/lab1_clock/lab1_clock.srcs/constrs_1/imports/clock/Nexys4DDR_Master.xdc} [current_fileset -constrset]
close_hw
reset_run synth_1
launch_runs synth_1 -jobs 2
WARNING: [filemgmt 20-1318] Duplicate Design Unit 'debounce(Behavioral)' found in library 'xil_defaultlib'
	(Active) Duplicate found at line 13 of file D:/Student/30238/Matasariu Gabriel/lab1_clock/lab1_clock.srcs/sources_1/imports/src/Debounce.vhd
Duplicate found in file D:/Student/30238/Matasariu Gabriel/lab1_clock/lab1_clock.srcs/sources_1/new/debounce.vhd
[Wed May  9 10:39:05 2018] Launched synth_1...
Run output will be captured here: D:/Student/30238/Matasariu Gabriel/lab1_clock/lab1_clock.runs/synth_1/runme.log
launch_runs impl_1 -jobs 2
[Wed May  9 10:39:52 2018] Launched impl_1...
Run output will be captured here: D:/Student/30238/Matasariu Gabriel/lab1_clock/lab1_clock.runs/impl_1/runme.log
launch_runs impl_1 -to_step write_bitstream -jobs 2
[Wed May  9 10:40:49 2018] Launched impl_1...
Run output will be captured here: D:/Student/30238/Matasariu Gabriel/lab1_clock/lab1_clock.runs/impl_1/runme.log
exit
INFO: [Common 17-206] Exiting Vivado at Wed May  9 11:48:35 2018...
