acom -reorder $DSN/src/MS_D_FF.vhd
# Compile with File Reorder...
# File: D:\designshdl\CLV_2008\MS_D_FF\src\MS_D_FF.vhd
# Error: COMP96_0018: MS_D_FF.vhd : (4, 8): Identifier expected.
# Error: COMP96_0016: MS_D_FF.vhd : (4, 16): Design unit declaration expected.
# Compile Entity "D_FF"
# Error: COMP96_0078: MS_D_FF.vhd : (5, 5): Unknown identifier "ieee".
# Error: COMP96_0055: MS_D_FF.vhd : (5, 5): Cannot find referenced context element.
# Error: COMP96_0078: MS_D_FF.vhd : (8, 23): Unknown identifier "std_logic".
# Error: COMP96_0064: MS_D_FF.vhd : (8, 23): Unknown type.
# Error: COMP96_0078: MS_D_FF.vhd : (9, 12): Unknown identifier "std_logic".
# Error: COMP96_0064: MS_D_FF.vhd : (9, 12): Unknown type.
# Compile Architecture "arh" of Entity "D_FF"
# Error: COMP96_0056: MS_D_FF.vhd : (12, 1): Cannot find referenced entity declaration "D_FF".
# Compile Entity "ms_D_FF"
# Compile Architecture "arh" of Entity "ms_D_FF"
# Warning: ELAB1_0026: MS_D_FF.vhd : (56, 0): There is no default binding for component "D_FF".(No entity named "D_FF" was found).
# Compile failure 9 Errors 1 Warnings  Analysis time :  0.1 [s]
acom $DSN/src/MS_D_FF.vhd
# Compile...
# File: D:\designshdl\CLV_2008\MS_D_FF\src\MS_D_FF.vhd
# Compile Entity "D_FF"
# Compile Architecture "arh" of Entity "D_FF"
# Compile Entity "ms_D_FF"
# Entity `ms_D_FF' has been skipped - no difference detected.
# Compile Architecture "arh" of Entity "ms_D_FF"
# Compile success 0 Errors 0 Warnings  Analysis time :  0.2 [s]
# ELBREAD: Elaboration process.
# ELBREAD: Elaboration time 0.0 [s].
asim -advdataflow  ms_d_ff arh
# ELBREAD: Elaboration process.
# ELBREAD: Elaboration time 0.0 [s].
# asim: Stack memory: 32MB
# asim: Retval memory: 32MB
# KERNEL: Main thread initiated.
# KERNEL: Kernel process initialization phase.
# KERNEL: Time resolution set to 1ps.
# ELAB2: Elaboration final pass...
# ELAB2: Create instances ...
# ELAB2: Create instances complete.
# ELAB2: Elaboration final pass complete - time: 0.3 [s].
# KERNEL: Kernel process initialization done.
# Allocation: Simulator allocated 2419 kB (elbread=1070 elab2=300 kernel=1049 sdf=0)
# 5:05 PM, Sunday, May 21, 2017
# Simulation has been initialized
# Selected Top-Level: ms_d_ff (arh)
run 100 ns
# KERNEL: stopped at time: 100 ns
restart
# All when statements cleared.
# ELBREAD: Elaboration process.
# ELBREAD: Elaboration time 0.0 [s].
# KERNEL: Main thread initiated.
# KERNEL: Kernel process initialization phase.
# KERNEL: Time resolution set to 1ps.
# ELAB2: Elaboration final pass...
# ELAB2: Create instances ...
# ELAB2: Create instances complete.
# ELAB2: Elaboration final pass complete - time: 0.0 [s].
# KERNEL: Kernel process initialization done.
# Allocation: Simulator allocated 2419 kB (elbread=1070 elab2=300 kernel=1049 sdf=0)
# 5:05 PM, Sunday, May 21, 2017
# Simulation has been initialized
# Selected Top-Level: ms_d_ff (arh)
run 100 ns
# KERNEL: stopped at time: 100 ns
run 100 ns
# KERNEL: stopped at time: 200 ns
run 100 ns
# KERNEL: stopped at time: 300 ns
run 100 ns
# KERNEL: stopped at time: 400 ns
run 100 ns
# KERNEL: stopped at time: 500 ns
# Simulation has been stopped
# Design: 5:14 PM, Sunday, May 21, 2017
# Design: Opening design "D:\designshdl\CLV_2008\MS_T_FF\MS_T_FF.adf"
# ELBREAD: Elaboration process.
# ELBREAD: Elaboration time 0.0 [s].
# Design: Design "MS_T_FF" has been set as active.
