EN registru NULL "E:/Facultate/Logic Design/SEM II/SEM II Project/ATM2/ATM2/Register.vhd" sub00/vhpl00 1431972066
AR citire_suma arch_citire_suma "E:/Facultate/Logic Design/SEM II/SEM II Project/ATM2/ATM2/Read_SUMA.vhd" sub00/vhpl15 1431972081
AR citire_pin arch_citire_pin "E:/Facultate/Logic Design/SEM II/SEM II Project/ATM2/ATM2/Read_PIN.vhd" sub00/vhpl11 1431972077
EN citire_pin NULL "E:/Facultate/Logic Design/SEM II/SEM II Project/ATM2/ATM2/Read_PIN.vhd" sub00/vhpl10 1431972076
EN iden_card NULL "E:/Facultate/Logic Design/SEM II/SEM II Project/ATM2/ATM2/CARD_INDENTIF.vhd" sub00/vhpl02 1431972068
AR comp_egal arh "E:/Facultate/Logic Design/SEM II/SEM II Project/ATM2/ATM2/Comparator_Egal.vhd" sub00/vhpl13 1431972079
EN x7seg NULL "E:/Facultate/Logic Design/SEM II/SEM II Project/ATM2/ATM2/BCD.vhd" sub00/vhpl26 1431972092
AR subtractor arch "E:/Facultate/Logic Design/SEM II/SEM II Project/ATM2/ATM2/SUBTRACTOR.vhd" sub00/vhpl23 1431972089
EN comanda NULL "E:/Facultate/Logic Design/SEM II/SEM II Project/ATM2/ATM2/COMMAND.vhd" sub00/vhpl30 1431972096
EN comp_integer NULL "E:/Facultate/Logic Design/SEM II/SEM II Project/ATM2/ATM2/COMP_INTEGER.vhd" sub00/vhpl06 1431972072
EN comp_mic NULL "E:/Facultate/Logic Design/SEM II/SEM II Project/ATM2/ATM2/COMP_MIC.vhd" sub00/vhpl18 1431972084
EN subtractor NULL "E:/Facultate/Logic Design/SEM II/SEM II Project/ATM2/ATM2/SUBTRACTOR.vhd" sub00/vhpl22 1431972088
EN divizor NULL "E:/Facultate/Logic Design/SEM II/SEM II Project/ATM2/ATM2/DIVIZOR.vhd" sub00/vhpl28 1431972094
EN citire_adresa NULL "E:/Facultate/Logic Design/SEM II/SEM II Project/ATM2/ATM2/Read_Card.vhd" sub00/vhpl04 1431972070
AR comp_integer a "E:/Facultate/Logic Design/SEM II/SEM II Project/ATM2/ATM2/COMP_INTEGER.vhd" sub00/vhpl07 1431972073
EN citire_suma NULL "E:/Facultate/Logic Design/SEM II/SEM II Project/ATM2/ATM2/Read_SUMA.vhd" sub00/vhpl14 1431972080
AR x7seg a "E:/Facultate/Logic Design/SEM II/SEM II Project/ATM2/ATM2/BCD.vhd" sub00/vhpl27 1431972093
EN dmux NULL "E:/Facultate/Logic Design/SEM II/SEM II Project/ATM2/ATM2/DMUX.vhd" sub00/vhpl16 1431972082
AR registru arch_registru "E:/Facultate/Logic Design/SEM II/SEM II Project/ATM2/ATM2/Register.vhd" sub00/vhpl01 1431972067
AR comp_mic x "E:/Facultate/Logic Design/SEM II/SEM II Project/ATM2/ATM2/COMP_MIC.vhd" sub00/vhpl19 1431972085
AR divizor arch_divizor "E:/Facultate/Logic Design/SEM II/SEM II Project/ATM2/ATM2/DIVIZOR.vhd" sub00/vhpl29 1431972095
AR pin a "E:/Facultate/Logic Design/SEM II/SEM II Project/ATM2/ATM2/ROM.vhd" sub00/vhpl09 1431972075
EN receipt NULL "E:/Facultate/Logic Design/SEM II/SEM II Project/ATM2/ATM2/Receipt.vhd" sub00/vhpl24 1431972090
AR comanda arch_comanda "E:/Facultate/Logic Design/SEM II/SEM II Project/ATM2/ATM2/COMMAND.vhd" sub00/vhpl31 1431972097
EN pin NULL "E:/Facultate/Logic Design/SEM II/SEM II Project/ATM2/ATM2/ROM.vhd" sub00/vhpl08 1431972074
AR receipt arch_receipt "E:/Facultate/Logic Design/SEM II/SEM II Project/ATM2/ATM2/Receipt.vhd" sub00/vhpl25 1431972091
EN comp_egal NULL "E:/Facultate/Logic Design/SEM II/SEM II Project/ATM2/ATM2/Comparator_Egal.vhd" sub00/vhpl12 1431972078
AR dmux arh "E:/Facultate/Logic Design/SEM II/SEM II Project/ATM2/ATM2/DMUX.vhd" sub00/vhpl17 1431972083
EN ram NULL "E:/Facultate/Logic Design/SEM II/SEM II Project/ATM2/ATM2/RAM.vhd" sub00/vhpl20 1431972086
AR citire_adresa arch_citire_adresa "E:/Facultate/Logic Design/SEM II/SEM II Project/ATM2/ATM2/Read_Card.vhd" sub00/vhpl05 1431972071
AR ram a "E:/Facultate/Logic Design/SEM II/SEM II Project/ATM2/ATM2/RAM.vhd" sub00/vhpl21 1431972087
AR iden_card a "E:/Facultate/Logic Design/SEM II/SEM II Project/ATM2/ATM2/CARD_INDENTIF.vhd" sub00/vhpl03 1431972069
