V3 63
FL "E:/Facultate/Logic Design/SEM II/SEM II Project/ATM2/ATM2/BCD.vhd" 2015/05/17.16:24:13 P.49d
EN work/x7seg 1431972092 \
      FL "E:/Facultate/Logic Design/SEM II/SEM II Project/ATM2/ATM2/BCD.vhd" \
      PB ieee/std_logic_1164 1354696159 PB ieee/STD_LOGIC_UNSIGNED 1354696162
AR work/x7seg/A 1431972093 \
      FL "E:/Facultate/Logic Design/SEM II/SEM II Project/ATM2/ATM2/BCD.vhd" \
      EN work/x7seg 1431972092
FL "E:/Facultate/Logic Design/SEM II/SEM II Project/ATM2/ATM2/CARD_INDENTIF.vhd" 2015/05/18.15:40:36 P.49d
EN work/IDEN_CARD 1431972068 \
      FL "E:/Facultate/Logic Design/SEM II/SEM II Project/ATM2/ATM2/CARD_INDENTIF.vhd" \
      PB ieee/std_logic_1164 1354696159
AR work/IDEN_CARD/A 1431972069 \
      FL "E:/Facultate/Logic Design/SEM II/SEM II Project/ATM2/ATM2/CARD_INDENTIF.vhd" \
      EN work/IDEN_CARD 1431972068
FL "E:/Facultate/Logic Design/SEM II/SEM II Project/ATM2/ATM2/COMMAND.vhd" 2015/05/18.17:09:21 P.49d
EN work/COMANDA 1431972096 \
      FL "E:/Facultate/Logic Design/SEM II/SEM II Project/ATM2/ATM2/COMMAND.vhd" \
      PB ieee/std_logic_1164 1354696159 PB ieee/STD_LOGIC_UNSIGNED 1354696162 \
      PB ieee/std_logic_arith 1354696160
AR work/COMANDA/ARCH_COMANDA 1431972097 \
      FL "E:/Facultate/Logic Design/SEM II/SEM II Project/ATM2/ATM2/COMMAND.vhd" \
      EN work/COMANDA 1431972096 CP IDEN_CARD CP CITIRE_ADRESA CP COMP_INTEGER \
      CP PIN CP CITIRE_PIN CP COMP_EGAL CP CITIRE_SUMA CP DMUX CP COMP_MIC CP RAM \
      CP SUBTRACTOR CP RECEIPT CP x7seg CP DIVIZOR
FL "E:/Facultate/Logic Design/SEM II/SEM II Project/ATM2/ATM2/Comparator_Egal.vhd" 2015/05/18.20:36:04 P.49d
EN work/COMP_EGAL 1431972078 \
      FL "E:/Facultate/Logic Design/SEM II/SEM II Project/ATM2/ATM2/Comparator_Egal.vhd" \
      PB ieee/std_logic_1164 1354696159
AR work/COMP_EGAL/ARH 1431972079 \
      FL "E:/Facultate/Logic Design/SEM II/SEM II Project/ATM2/ATM2/Comparator_Egal.vhd" \
      EN work/COMP_EGAL 1431972078
FL "E:/Facultate/Logic Design/SEM II/SEM II Project/ATM2/ATM2/COMP_INTEGER.vhd" 2015/05/18.20:33:10 P.49d
EN work/COMP_INTEGER 1431972072 \
      FL "E:/Facultate/Logic Design/SEM II/SEM II Project/ATM2/ATM2/COMP_INTEGER.vhd" \
      PB ieee/STD_LOGIC_UNSIGNED 1354696162 PB ieee/std_logic_1164 1354696159
AR work/COMP_INTEGER/A 1431972073 \
      FL "E:/Facultate/Logic Design/SEM II/SEM II Project/ATM2/ATM2/COMP_INTEGER.vhd" \
      EN work/COMP_INTEGER 1431972072
FL "E:/Facultate/Logic Design/SEM II/SEM II Project/ATM2/ATM2/COMP_MIC.vhd" 2015/05/18.20:21:12 P.49d
EN work/COMP_MIC 1431972084 \
      FL "E:/Facultate/Logic Design/SEM II/SEM II Project/ATM2/ATM2/COMP_MIC.vhd" \
      PB ieee/std_logic_1164 1354696159 PB ieee/STD_LOGIC_UNSIGNED 1354696162
AR work/COMP_MIC/X 1431972085 \
      FL "E:/Facultate/Logic Design/SEM II/SEM II Project/ATM2/ATM2/COMP_MIC.vhd" \
      EN work/COMP_MIC 1431972084
FL "E:/Facultate/Logic Design/SEM II/SEM II Project/ATM2/ATM2/DIVIZOR.vhd" 2014/05/10.22:56:02 P.49d
EN work/DIVIZOR 1431972094 \
      FL "E:/Facultate/Logic Design/SEM II/SEM II Project/ATM2/ATM2/DIVIZOR.vhd" \
      PB ieee/std_logic_1164 1354696159 PB ieee/STD_LOGIC_UNSIGNED 1354696162
AR work/DIVIZOR/ARCH_DIVIZOR 1431972095 \
      FL "E:/Facultate/Logic Design/SEM II/SEM II Project/ATM2/ATM2/DIVIZOR.vhd" \
      EN work/DIVIZOR 1431972094
FL "E:/Facultate/Logic Design/SEM II/SEM II Project/ATM2/ATM2/DMUX.vhd" 2015/05/17.15:20:41 P.49d
EN work/DMUX 1431972082 \
      FL "E:/Facultate/Logic Design/SEM II/SEM II Project/ATM2/ATM2/DMUX.vhd" \
      PB ieee/std_logic_1164 1354696159
AR work/DMUX/Arh 1431972083 \
      FL "E:/Facultate/Logic Design/SEM II/SEM II Project/ATM2/ATM2/DMUX.vhd" \
      EN work/DMUX 1431972082
FL "E:/Facultate/Logic Design/SEM II/SEM II Project/ATM2/ATM2/RAM.vhd" 2015/05/18.16:05:30 P.49d
EN work/RAM 1431972086 \
      FL "E:/Facultate/Logic Design/SEM II/SEM II Project/ATM2/ATM2/RAM.vhd" \
      PB ieee/std_logic_1164 1354696159 PB ieee/STD_LOGIC_UNSIGNED 1354696162
AR work/RAM/A 1431972087 \
      FL "E:/Facultate/Logic Design/SEM II/SEM II Project/ATM2/ATM2/RAM.vhd" \
      EN work/RAM 1431972086
FL "E:/Facultate/Logic Design/SEM II/SEM II Project/ATM2/ATM2/Read_Card.vhd" 2015/05/18.16:35:54 P.49d
EN work/CITIRE_ADRESA 1431972070 \
      FL "E:/Facultate/Logic Design/SEM II/SEM II Project/ATM2/ATM2/Read_Card.vhd" \
      PB ieee/std_logic_1164 1354696159
AR work/CITIRE_ADRESA/ARCH_CITIRE_ADRESA 1431972071 \
      FL "E:/Facultate/Logic Design/SEM II/SEM II Project/ATM2/ATM2/Read_Card.vhd" \
      EN work/CITIRE_ADRESA 1431972070
FL "E:/Facultate/Logic Design/SEM II/SEM II Project/ATM2/ATM2/Read_PIN.vhd" 2015/05/18.20:17:07 P.49d
EN work/CITIRE_PIN 1431972076 \
      FL "E:/Facultate/Logic Design/SEM II/SEM II Project/ATM2/ATM2/Read_PIN.vhd" \
      PB ieee/std_logic_1164 1354696159
AR work/CITIRE_PIN/ARCH_CITIRE_PIN 1431972077 \
      FL "E:/Facultate/Logic Design/SEM II/SEM II Project/ATM2/ATM2/Read_PIN.vhd" \
      EN work/CITIRE_PIN 1431972076 CP REGISTRU
FL "E:/Facultate/Logic Design/SEM II/SEM II Project/ATM2/ATM2/Read_SUMA.vhd" 2015/05/18.20:20:32 P.49d
EN work/CITIRE_SUMA 1431972080 \
      FL "E:/Facultate/Logic Design/SEM II/SEM II Project/ATM2/ATM2/Read_SUMA.vhd" \
      PB ieee/std_logic_1164 1354696159
AR work/CITIRE_SUMA/ARCH_CITIRE_SUMA 1431972081 \
      FL "E:/Facultate/Logic Design/SEM II/SEM II Project/ATM2/ATM2/Read_SUMA.vhd" \
      EN work/CITIRE_SUMA 1431972080 CP REGISTRU
FL "E:/Facultate/Logic Design/SEM II/SEM II Project/ATM2/ATM2/Receipt.vhd" 2015/05/18.17:37:47 P.49d
EN work/Receipt 1431972090 \
      FL "E:/Facultate/Logic Design/SEM II/SEM II Project/ATM2/ATM2/Receipt.vhd" \
      PB ieee/std_logic_1164 1354696159
AR work/Receipt/ARCH_Receipt 1431972091 \
      FL "E:/Facultate/Logic Design/SEM II/SEM II Project/ATM2/ATM2/Receipt.vhd" \
      EN work/Receipt 1431972090
FL "E:/Facultate/Logic Design/SEM II/SEM II Project/ATM2/ATM2/Register.vhd" 2015/05/18.20:18:44 P.49d
EN work/REGISTRU 1431972066 \
      FL "E:/Facultate/Logic Design/SEM II/SEM II Project/ATM2/ATM2/Register.vhd" \
      PB ieee/std_logic_1164 1354696159
AR work/REGISTRU/ARCH_REGISTRU 1431972067 \
      FL "E:/Facultate/Logic Design/SEM II/SEM II Project/ATM2/ATM2/Register.vhd" \
      EN work/REGISTRU 1431972066
FL "E:/Facultate/Logic Design/SEM II/SEM II Project/ATM2/ATM2/ROM.vhd" 2015/05/18.16:01:30 P.49d
EN work/PIN 1431972074 \
      FL "E:/Facultate/Logic Design/SEM II/SEM II Project/ATM2/ATM2/ROM.vhd" \
      PB ieee/std_logic_1164 1354696159 PB ieee/STD_LOGIC_UNSIGNED 1354696162
AR work/PIN/A 1431972075 \
      FL "E:/Facultate/Logic Design/SEM II/SEM II Project/ATM2/ATM2/ROM.vhd" \
      EN work/PIN 1431972074
FL "E:/Facultate/Logic Design/SEM II/SEM II Project/ATM2/ATM2/SUBTRACTOR.vhd" 2015/05/18.17:30:25 P.49d
EN work/SUBTRACTOR 1431972088 \
      FL "E:/Facultate/Logic Design/SEM II/SEM II Project/ATM2/ATM2/SUBTRACTOR.vhd" \
      PB ieee/std_logic_1164 1354696159 PB ieee/NUMERIC_STD 1354696164 \
      PB ieee/STD_LOGIC_UNSIGNED 1354696162
AR work/SUBTRACTOR/ARCH 1431972089 \
      FL "E:/Facultate/Logic Design/SEM II/SEM II Project/ATM2/ATM2/SUBTRACTOR.vhd" \
      EN work/SUBTRACTOR 1431972088
