asim -advdataflow  memorie_rom arhrom
# ELBREAD: Elaboration process.
# ELBREAD: Elaboration time 0.0 [s].
# asim: Stack memory: 32MB
# asim: Retval memory: 32MB
# KERNEL: Main thread initiated.
# KERNEL: Kernel process initialization phase.
# KERNEL: Time resolution set to 1ps.
# ELAB2: Elaboration final pass...
# ELAB2: Create instances ...
# ELAB2: Create instances complete.
# ELAB2: Elaboration final pass complete - time: 0.0 [s].
# KERNEL: Kernel process initialization done.
# Allocation: Simulator allocated 2421 kB (elbread=1070 elab2=302 kernel=1049 sdf=0)
# 1:34 AM, Sunday, April 30, 2017
# Simulation has been initialized
# Selected Top-Level: memorie_rom (arhrom)
# Signal A_RAM not found in design
# Signal CS_RAM not found in design
# Signal WE not found in design
# Signal D_DATA not found in design
# Signal D_RAM not found in design
# Signal M not found in design
endsim
# All when statements cleared.
# Simulation has been stopped
asim -advdataflow  memorie_rom arhrom
# ELBREAD: Elaboration process.
# ELBREAD: Elaboration time 0.0 [s].
# asim: Stack memory: 32MB
# asim: Retval memory: 32MB
# KERNEL: Main thread initiated.
# KERNEL: Kernel process initialization phase.
# KERNEL: Time resolution set to 1ps.
# ELAB2: Elaboration final pass...
# ELAB2: Create instances ...
# ELAB2: Create instances complete.
# ELAB2: Elaboration final pass complete - time: 0.0 [s].
# KERNEL: Kernel process initialization done.
# Allocation: Simulator allocated 2421 kB (elbread=1070 elab2=302 kernel=1049 sdf=0)
# 1:34 AM, Sunday, April 30, 2017
# Simulation has been initialized
# Selected Top-Level: memorie_rom (arhrom)
# Signal A_RAM not found in design
# Signal CS_RAM not found in design
# Signal WE not found in design
# Signal D_DATA not found in design
# Signal D_RAM not found in design
# Signal M not found in design
run 100 ns
# KERNEL: stopped at time: 100 ns
# KERNEL: Simulation has finished. There are no more test vectors to simulate.
run 100 ns
# KERNEL: stopped at time: 200 ns
# KERNEL: Simulation has finished. There are no more test vectors to simulate.
run 100 ns
# KERNEL: stopped at time: 300 ns
# KERNEL: Simulation has finished. There are no more test vectors to simulate.
run 100 ns
# KERNEL: stopped at time: 400 ns
# KERNEL: Simulation has finished. There are no more test vectors to simulate.
run 100 ns
# KERNEL: stopped at time: 500 ns
# KERNEL: Simulation has finished. There are no more test vectors to simulate.
run 100 ns
# KERNEL: stopped at time: 600 ns
# KERNEL: Simulation has finished. There are no more test vectors to simulate.
# KERNEL: Error: Cannot find signal CS_RAM
# Cannot force signal CS_RAM with formula 1.
endsim
# All when statements cleared.
# Simulation has been stopped
# Design: Design "ram_memory" has been set as active.
# ELBREAD: Elaboration process.
# ELBREAD: Elaboration time 0.0 [s].
