acom -reorder $DSN/src/NUMARATOR_ZECIMAL.vhd
# Compile with File Reorder...
# File: D:\designshdl\CLV_2008\NUMARATOR_ZECIMAL\src\NUMARATOR_ZECIMAL.vhd
# Compile Entity "NUMARATOR_ZECIMAL"
# Compile Architecture "arh" of Entity "NUMARATOR_ZECIMAL"
# Error: COMP96_0019: NUMARATOR_ZECIMAL.vhd : (22, 4): Keyword "then" expected.
# Error: COMP96_0019: NUMARATOR_ZECIMAL.vhd : (25, 6): Keyword "process" expected.
# Error: COMP96_0015: NUMARATOR_ZECIMAL.vhd : (27, 6): ';' expected.
# Error: COMP96_0016: NUMARATOR_ZECIMAL.vhd : (27, 13): Design unit declaration expected.
# Error: COMP96_0019: NUMARATOR_ZECIMAL.vhd : (28, 21): Keyword "of" expected.
# Error: COMP96_0018: NUMARATOR_ZECIMAL.vhd : (28, 21): Identifier expected.
# Compile failure 6 Errors 0 Warnings  Analysis time :  0.0 [s]
acom $DSN/src/NUMARATOR_ZECIMAL.vhd
# Compile...
# File: D:\designshdl\CLV_2008\NUMARATOR_ZECIMAL\src\NUMARATOR_ZECIMAL.vhd
# Compile Entity "NUMARATOR_ZECIMAL"
# Entity `NUMARATOR_ZECIMAL' has been skipped - no difference detected.
# Compile Architecture "arh" of Entity "NUMARATOR_ZECIMAL"
# Compile success 0 Errors 0 Warnings  Analysis time :  0.1 [s]
acom $DSN/src/NUMARATOR_ZECIMAL.vhd
# Compile...
# File: D:\designshdl\CLV_2008\NUMARATOR_ZECIMAL\src\NUMARATOR_ZECIMAL.vhd
# Compile Entity "NUMARATOR_ZECIMAL"
# Entity `NUMARATOR_ZECIMAL' has been skipped - no difference detected.
# Compile Architecture "arh" of Entity "NUMARATOR_ZECIMAL"
# Compile success 0 Errors 0 Warnings  Analysis time :  0.1 [s]
# ELBREAD: Elaboration process.
# ELBREAD: Elaboration time 0.0 [s].
asim -advdataflow  numarator_zecimal arh
# ELBREAD: Elaboration process.
# ELBREAD: Elaboration time 0.0 [s].
# asim: Stack memory: 32MB
# asim: Retval memory: 32MB
# KERNEL: Main thread initiated.
# KERNEL: Kernel process initialization phase.
# KERNEL: Time resolution set to 1ps.
# ELAB2: Elaboration final pass...
# ELAB2: Create instances ...
# ELAB2: Create instances complete.
# ELAB2: Elaboration final pass complete - time: 0.3 [s].
# KERNEL: Kernel process initialization done.
# Allocation: Simulator allocated 2418 kB (elbread=1070 elab2=299 kernel=1049 sdf=0)
# 11:37 PM, Saturday, May 20, 2017
# Simulation has been initialized
# Selected Top-Level: numarator_zecimal (arh)
run 100 ns
# KERNEL: stopped at time: 100 ns
run 100 ns
# KERNEL: stopped at time: 200 ns
# KERNEL: Simulation has finished. There are no more test vectors to simulate.
acom $DSN/src/NUMARATOR_ZECIMAL.vhd
# Compile...
# File: D:\designshdl\CLV_2008\NUMARATOR_ZECIMAL\src\NUMARATOR_ZECIMAL.vhd
# Compile Entity "NUMARATOR_ZECIMAL"
# Entity `NUMARATOR_ZECIMAL' has been skipped - no difference detected.
# Compile Architecture "arh" of Entity "NUMARATOR_ZECIMAL"
# Compile success 0 Errors 0 Warnings  Analysis time :  0.2 [s]
run 100 ns
# KERNEL: stopped at time: 300 ns
# KERNEL: Simulation has finished. There are no more test vectors to simulate.
run 100 ns
# KERNEL: stopped at time: 400 ns
run 100 ns
# KERNEL: stopped at time: 500 ns
run 100 ns
# KERNEL: stopped at time: 600 ns
run 100 ns
# KERNEL: stopped at time: 700 ns
run 100 ns
# KERNEL: stopped at time: 800 ns
run 100 ns
# KERNEL: stopped at time: 900 ns
run 100 ns
# KERNEL: stopped at time: 1 us
run 100 ns
# KERNEL: stopped at time: 1100 ns
run 100 ns
# KERNEL: stopped at time: 1200 ns
run 100 ns
# KERNEL: stopped at time: 1300 ns
run 100 ns
# KERNEL: stopped at time: 1400 ns
run 100 ns
# KERNEL: stopped at time: 1500 ns
run 100 ns
# KERNEL: stopped at time: 1600 ns
run 100 ns
# KERNEL: stopped at time: 1700 ns
run 100 ns
# KERNEL: stopped at time: 1800 ns
run 100 ns
# KERNEL: stopped at time: 1900 ns
run 100 ns
# KERNEL: stopped at time: 2 us
run 100 ns
# KERNEL: stopped at time: 2100 ns
run 100 ns
# KERNEL: stopped at time: 2200 ns
acom $DSN/src/NUMARATOR_ZECIMAL.vhd
# Compile...
# File: D:\designshdl\CLV_2008\NUMARATOR_ZECIMAL\src\NUMARATOR_ZECIMAL.vhd
# Compile Entity "NUMARATOR_ZECIMAL"
# Entity `NUMARATOR_ZECIMAL' has been skipped - no difference detected.
# Compile Architecture "arh" of Entity "NUMARATOR_ZECIMAL"
# Compile success 0 Errors 0 Warnings  Analysis time :  0.1 [s]
run 100 ns
# KERNEL: stopped at time: 2300 ns
run 100 ns
# KERNEL: stopped at time: 2400 ns
endsim
# All when statements cleared.
# Simulation has been stopped
asim -advdataflow  numarator_zecimal arh
# ELBREAD: Elaboration process.
# ELBREAD: Elaboration time 0.0 [s].
# asim: Stack memory: 32MB
# asim: Retval memory: 32MB
# KERNEL: Main thread initiated.
# KERNEL: Kernel process initialization phase.
# KERNEL: Time resolution set to 1ps.
# ELAB2: Elaboration final pass...
# ELAB2: Create instances ...
# ELAB2: Create instances complete.
# ELAB2: Elaboration final pass complete - time: 0.3 [s].
# KERNEL: Kernel process initialization done.
# Allocation: Simulator allocated 2418 kB (elbread=1070 elab2=299 kernel=1049 sdf=0)
# 11:41 PM, Saturday, May 20, 2017
# Simulation has been initialized
# Selected Top-Level: numarator_zecimal (arh)
run 100 ns
# KERNEL: stopped at time: 100 ns
# KERNEL: Simulation has finished. There are no more test vectors to simulate.
run 100 ns
# KERNEL: stopped at time: 200 ns
run 100 ns
# KERNEL: stopped at time: 300 ns
run 100 ns
# KERNEL: stopped at time: 400 ns
run 100 ns
# KERNEL: stopped at time: 500 ns
run 100 ns
# KERNEL: stopped at time: 600 ns
run 100 ns
# KERNEL: stopped at time: 700 ns
run 100 ns
# KERNEL: stopped at time: 800 ns
run 100 ns
# KERNEL: stopped at time: 900 ns
run 100 ns
# KERNEL: stopped at time: 1 us
run 100 ns
# KERNEL: stopped at time: 1100 ns
run 100 ns
# Simulation has been stopped
acom $DSN/src/NUMARATOR_ZECIMAL.vhd
# Compile...
# File: D:\designshdl\CLV_2008\NUMARATOR_ZECIMAL\src\NUMARATOR_ZECIMAL.vhd
# Compile Entity "NUMARATOR_ZECIMAL"
# Entity `NUMARATOR_ZECIMAL' has been skipped - no difference detected.
# Compile Architecture "arh" of Entity "NUMARATOR_ZECIMAL"
# Compile success 0 Errors 0 Warnings  Analysis time :  0.1 [s]
asim -advdataflow  numarator_zecimal arh
# ELBREAD: Elaboration process.
# ELBREAD: Elaboration time 0.0 [s].
# asim: Stack memory: 32MB
# asim: Retval memory: 32MB
# KERNEL: Main thread initiated.
# KERNEL: Kernel process initialization phase.
# KERNEL: Time resolution set to 1ps.
# ELAB2: Elaboration final pass...
# ELAB2: Create instances ...
# ELAB2: Create instances complete.
# ELAB2: Elaboration final pass complete - time: 0.3 [s].
# KERNEL: Kernel process initialization done.
# Allocation: Simulator allocated 2418 kB (elbread=1070 elab2=299 kernel=1049 sdf=0)
# 11:44 PM, Saturday, May 20, 2017
# Simulation has been initialized
# Selected Top-Level: numarator_zecimal (arh)
run 100 ns
# KERNEL: stopped at time: 100 ns
run 100 ns
# KERNEL: stopped at time: 200 ns
run 100 ns
# KERNEL: stopped at time: 300 ns
run 100 ns
# KERNEL: stopped at time: 400 ns
run 100 ns
# KERNEL: stopped at time: 500 ns
run 100 ns
# KERNEL: stopped at time: 600 ns
run 100 ns
# KERNEL: stopped at time: 700 ns
run 100 ns
# KERNEL: stopped at time: 800 ns
run 100 ns
# KERNEL: stopped at time: 900 ns
run 100 ns
# KERNEL: stopped at time: 1 us
run 100 ns
# KERNEL: stopped at time: 1100 ns
run 100 ns
# KERNEL: stopped at time: 1200 ns
run 100 ns
# KERNEL: stopped at time: 1300 ns
run 100 ns
# KERNEL: stopped at time: 1400 ns
run 100 ns
# KERNEL: stopped at time: 1500 ns
run 100 ns
# KERNEL: stopped at time: 1600 ns
run 100 ns
# Simulation has been stopped
acom $DSN/src/NUMARATOR_ZECIMAL.vhd
# Compile...
# File: D:\designshdl\CLV_2008\NUMARATOR_ZECIMAL\src\NUMARATOR_ZECIMAL.vhd
# Compile Entity "NUMARATOR_ZECIMAL"
# Entity `NUMARATOR_ZECIMAL' has been skipped - no difference detected.
# Compile Architecture "arh" of Entity "NUMARATOR_ZECIMAL"
# Compile success 0 Errors 0 Warnings  Analysis time :  0.1 [s]
asim -advdataflow  numarator_zecimal arh
# ELBREAD: Elaboration process.
# ELBREAD: Elaboration time 0.0 [s].
# asim: Stack memory: 32MB
# asim: Retval memory: 32MB
# KERNEL: Main thread initiated.
# KERNEL: Kernel process initialization phase.
# KERNEL: Time resolution set to 1ps.
# ELAB2: Elaboration final pass...
# ELAB2: Create instances ...
# ELAB2: Create instances complete.
# ELAB2: Elaboration final pass complete - time: 0.3 [s].
# KERNEL: Kernel process initialization done.
# Allocation: Simulator allocated 2418 kB (elbread=1070 elab2=299 kernel=1049 sdf=0)
# 11:44 PM, Saturday, May 20, 2017
# Simulation has been initialized
# Selected Top-Level: numarator_zecimal (arh)
run 100 ns
# KERNEL: stopped at time: 100 ns
run 100 ns
# KERNEL: stopped at time: 200 ns
run 100 ns
# KERNEL: stopped at time: 300 ns
run 100 ns
# KERNEL: stopped at time: 400 ns
run 100 ns
# KERNEL: stopped at time: 500 ns
run 100 ns
# KERNEL: stopped at time: 600 ns
run 100 ns
# KERNEL: stopped at time: 700 ns
run 100 ns
# KERNEL: stopped at time: 800 ns
run 100 ns
# KERNEL: stopped at time: 900 ns
run 100 ns
# KERNEL: stopped at time: 1 us
run 100 ns
# KERNEL: stopped at time: 1100 ns
run 100 ns
# KERNEL: stopped at time: 1200 ns
run 100 ns
# KERNEL: stopped at time: 1300 ns
run 100 ns
# KERNEL: stopped at time: 1400 ns
run 100 ns
# KERNEL: stopped at time: 1500 ns
run 100 ns
# KERNEL: stopped at time: 1600 ns
run 100 ns
# KERNEL: stopped at time: 1700 ns
run 100 ns
# KERNEL: stopped at time: 1800 ns
run 100 ns
# KERNEL: stopped at time: 1900 ns
run 100 ns
# KERNEL: stopped at time: 2 us
run 100 ns
# KERNEL: stopped at time: 2100 ns
run 100 ns
# KERNEL: stopped at time: 2200 ns
run 100 ns
# KERNEL: stopped at time: 2300 ns
run 100 ns
# KERNEL: stopped at time: 2400 ns
run 100 ns
# KERNEL: stopped at time: 2500 ns
run 100 ns
# KERNEL: stopped at time: 2600 ns
run 100 ns
# KERNEL: stopped at time: 2700 ns
run 100 ns
# KERNEL: stopped at time: 2800 ns
run 100 ns
# KERNEL: stopped at time: 2900 ns
run 100 ns
# KERNEL: stopped at time: 3 us
run 100 ns
# KERNEL: stopped at time: 3100 ns
run 100 ns
# KERNEL: stopped at time: 3200 ns
restart
# All when statements cleared.
# ELBREAD: Elaboration process.
# ELBREAD: Elaboration time 0.0 [s].
# KERNEL: Main thread initiated.
# KERNEL: Kernel process initialization phase.
# KERNEL: Time resolution set to 1ps.
# ELAB2: Elaboration final pass...
# ELAB2: Create instances ...
# ELAB2: Create instances complete.
# ELAB2: Elaboration final pass complete - time: 0.0 [s].
# KERNEL: Kernel process initialization done.
# Allocation: Simulator allocated 2418 kB (elbread=1070 elab2=299 kernel=1049 sdf=0)
# 11:44 PM, Saturday, May 20, 2017
# Simulation has been initialized
# Selected Top-Level: numarator_zecimal (arh)
run 100 ns
# KERNEL: stopped at time: 100 ns
run 100 ns
# KERNEL: stopped at time: 200 ns
run 100 ns
# KERNEL: stopped at time: 300 ns
run 100 ns
# KERNEL: stopped at time: 400 ns
run 100 ns
# KERNEL: stopped at time: 500 ns
run 100 ns
# KERNEL: stopped at time: 600 ns
run 100 ns
# KERNEL: stopped at time: 700 ns
run 100 ns
# KERNEL: stopped at time: 800 ns
run 100 ns
# KERNEL: stopped at time: 900 ns
run 100 ns
# KERNEL: stopped at time: 1 us
run 100 ns
# KERNEL: stopped at time: 1100 ns
run 100 ns
# KERNEL: stopped at time: 1200 ns
run 100 ns
# KERNEL: stopped at time: 1300 ns
run 100 ns
# KERNEL: stopped at time: 1400 ns
run 100 ns
# KERNEL: stopped at time: 1500 ns
run 100 ns
# KERNEL: stopped at time: 1600 ns
run 100 ns
# KERNEL: stopped at time: 1700 ns
run 100 ns
# KERNEL: stopped at time: 1800 ns
run 100 ns
# KERNEL: stopped at time: 1900 ns
run 100 ns
# KERNEL: stopped at time: 2 us
run 100 ns
# KERNEL: stopped at time: 2100 ns
endsim
# All when statements cleared.
# Simulation has been stopped
acom $DSN/src/NUMARATOR_ZECIMAL.vhd
# Compile...
# File: D:\designshdl\CLV_2008\NUMARATOR_ZECIMAL\src\NUMARATOR_ZECIMAL.vhd
# Compile Entity "NUMARATOR_ZECIMAL"
# Entity `NUMARATOR_ZECIMAL' has been skipped - no difference detected.
# Compile Architecture "arh" of Entity "NUMARATOR_ZECIMAL"
# Compile success 0 Errors 0 Warnings  Analysis time :  0.1 [s]
asim -advdataflow  numarator_zecimal arh
# ELBREAD: Elaboration process.
# ELBREAD: Elaboration time 0.0 [s].
# asim: Stack memory: 32MB
# asim: Retval memory: 32MB
# KERNEL: Main thread initiated.
# KERNEL: Kernel process initialization phase.
# KERNEL: Time resolution set to 1ps.
# ELAB2: Elaboration final pass...
# ELAB2: Create instances ...
# ELAB2: Create instances complete.
# ELAB2: Elaboration final pass complete - time: 0.0 [s].
# KERNEL: Kernel process initialization done.
# Allocation: Simulator allocated 2418 kB (elbread=1070 elab2=299 kernel=1049 sdf=0)
# 12:02 AM, Sunday, May 21, 2017
# Simulation has been initialized
# Selected Top-Level: numarator_zecimal (arh)
run 100 ns
# KERNEL: stopped at time: 100 ns
# KERNEL: Simulation has finished. There are no more test vectors to simulate.
run 100 ns
# KERNEL: stopped at time: 200 ns
run 100 ns
# KERNEL: stopped at time: 300 ns
run 100 ns
# KERNEL: stopped at time: 400 ns
run 100 ns
# KERNEL: stopped at time: 500 ns
run 100 ns
# KERNEL: stopped at time: 600 ns
run 100 ns
# KERNEL: stopped at time: 700 ns
run 100 ns
# KERNEL: stopped at time: 800 ns
run 100 ns
# KERNEL: stopped at time: 900 ns
run 100 ns
# KERNEL: stopped at time: 1 us
run 100 ns
# KERNEL: stopped at time: 1100 ns
run 100 ns
# KERNEL: stopped at time: 1200 ns
run 100 ns
# KERNEL: stopped at time: 1300 ns
run 100 ns
# KERNEL: stopped at time: 1400 ns
run 100 ns
# KERNEL: stopped at time: 1500 ns
run 100 ns
# KERNEL: stopped at time: 1600 ns
run 100 ns
# KERNEL: stopped at time: 1700 ns
# Simulation has been stopped
# Design: Design "NUMARATOR_MODULO" has been set as active.
