Active-HDL 9.3.2745.4995  2015-05-19 09:30:42

Elaboration top modules:
Architecture                  ARCH_COMP_EGAL(COMP_EGAL)


----------------------------------------------------------------------------------------------
Entity    | Architecture   | Library  | Info | Compiler Version         | Compilation Options
----------------------------------------------------------------------------------------------
COMP_EGAL | ARCH_COMP_EGAL | bancomat |      | 9.3.2745.4995  (Windows) | -O3
----------------------------------------------------------------------------------------------

----------------------------------------------------------------------------------------------
VHDL Package               | Library  | Info | Compiler Version         | Compilation Options
----------------------------------------------------------------------------------------------
standard                   | std      |      |                          | 
TEXTIO                     | std      |      | 9.3.2745.4995  (Windows) |  -2008
std_logic_1164             | ieee     |      | 9.3.2745.4995  (Windows) |  -2008
std_logic_arith            | ieee     |      | 9.3.2745.4995  (Windows) | 
STD_LOGIC_UNSIGNED         | ieee     |      | 9.3.2745.4995  (Windows) | 
----------------------------------------------------------------------------------------------

----------------------------------------------------------------------------------------------
Library                    | Comment
----------------------------------------------------------------------------------------------
bancomat                   | None
ieee                       | Standard IEEE packages library
std                        | Standard VHDL library
----------------------------------------------------------------------------------------------
