acom -reorder $DSN/src/dmux3.vhd
# Compile with File Reorder...
# File: D:\designshdl\CRET\dmux3\src\dmux3.vhd
# Compile Entity "dmux"
# Compile Architecture "arh" of Entity "dmux"
# Error: COMP96_0071: dmux3.vhd : (16, 45): Operator "<=" is not defined for such operands.
# Error: COMP96_0104: dmux3.vhd : (16, 45): Undefined type of expression.
# Error: COMP96_0077: dmux3.vhd : (16, 45): Assignment target incompatible with right side. Expected type "std_logic_vector".
# Error: COMP96_0071: dmux3.vhd : (16, 35): Operator "<=" is not defined for such operands.
# Error: COMP96_0104: dmux3.vhd : (16, 35): Undefined type of expression.
# Error: COMP96_0077: dmux3.vhd : (16, 35): Assignment target incompatible with right side. Expected type "std_logic_vector".
# Error: COMP96_0367: dmux3.vhd : (16, 28): Improper array length. Actual length is 3. Expected length is 4.
# Error: COMP96_0280: dmux3.vhd : (16, 28): Signal assignment cannot make two assignment at the same time.
# Error: COMP96_0367: dmux3.vhd : (17, 21): Improper array length. Actual length is 3. Expected length is 4.
# Error: COMP96_0071: dmux3.vhd : (17, 45): Operator "<=" is not defined for such operands.
# Error: COMP96_0104: dmux3.vhd : (17, 45): Undefined type of expression.
# Error: COMP96_0077: dmux3.vhd : (17, 45): Assignment target incompatible with right side. Expected type "std_logic_vector".
# Error: COMP96_0071: dmux3.vhd : (17, 35): Operator "<=" is not defined for such operands.
# Error: COMP96_0104: dmux3.vhd : (17, 35): Undefined type of expression.
# Error: COMP96_0077: dmux3.vhd : (17, 35): Assignment target incompatible with right side. Expected type "std_logic_vector".
# Error: COMP96_0280: dmux3.vhd : (17, 32): Signal assignment cannot make two assignment at the same time.
# Error: COMP96_0367: dmux3.vhd : (18, 21): Improper array length. Actual length is 3. Expected length is 4.
# Error: COMP96_0071: dmux3.vhd : (18, 45): Operator "<=" is not defined for such operands.
# Error: COMP96_0104: dmux3.vhd : (18, 45): Undefined type of expression.
# Error: COMP96_0077: dmux3.vhd : (18, 45): Assignment target incompatible with right side. Expected type "std_logic_vector".
# Error: COMP96_0071: dmux3.vhd : (18, 39): Operator "<=" is not defined for such operands.
# Error: COMP96_0104: dmux3.vhd : (18, 39): Undefined type of expression.
# Error: COMP96_0077: dmux3.vhd : (18, 39): Assignment target incompatible with right side. Expected type "std_logic_vector".
# Error: COMP96_0367: dmux3.vhd : (18, 32): Improper array length. Actual length is 3. Expected length is 4.
# Error: COMP96_0280: dmux3.vhd : (18, 32): Signal assignment cannot make two assignment at the same time.
# Error: COMP96_0367: dmux3.vhd : (19, 21): Improper array length. Actual length is 3. Expected length is 4.
# Error: COMP96_0071: dmux3.vhd : (19, 50): Operator "<=" is not defined for such operands.
# Error: COMP96_0104: dmux3.vhd : (19, 50): Undefined type of expression.
# Error: COMP96_0077: dmux3.vhd : (19, 50): Assignment target incompatible with right side. Expected type "std_logic_vector".
# Error: COMP96_0071: dmux3.vhd : (19, 39): Operator "<=" is not defined for such operands.
# Error: COMP96_0104: dmux3.vhd : (19, 39): Undefined type of expression.
# Error: COMP96_0077: dmux3.vhd : (19, 39): Assignment target incompatible with right side. Expected type "std_logic_vector".
# Error: COMP96_0367: dmux3.vhd : (19, 32): Improper array length. Actual length is 3. Expected length is 4.
# Error: COMP96_0280: dmux3.vhd : (19, 32): Signal assignment cannot make two assignment at the same time.
# Top-Level unit detected
# Entity  =>   dmux
# Compile failure 34 Errors 0 Warnings  Analysis time :  0.1 [s]
acom $DSN/src/dmux3.vhd
# Compile...
# File: D:\designshdl\CRET\dmux3\src\dmux3.vhd
# Compile Entity "dmux"
# Entity `dmux' has been skipped - no difference detected.
# Compile Architecture "arh" of Entity "dmux"
# Error: COMP96_0367: dmux3.vhd : (16, 28): Improper array length. Actual length is 3. Expected length is 4.
# Error: COMP96_0367: dmux3.vhd : (16, 39): Improper array length. Actual length is 3. Expected length is 4.
# Error: COMP96_0367: dmux3.vhd : (16, 49): Improper array length. Actual length is 3. Expected length is 4.
# Error: COMP96_0367: dmux3.vhd : (17, 21): Improper array length. Actual length is 3. Expected length is 4.
# Error: COMP96_0367: dmux3.vhd : (17, 39): Improper array length. Actual length is 3. Expected length is 4.
# Error: COMP96_0367: dmux3.vhd : (17, 49): Improper array length. Actual length is 3. Expected length is 4.
# Error: COMP96_0367: dmux3.vhd : (18, 21): Improper array length. Actual length is 3. Expected length is 4.
# Error: COMP96_0367: dmux3.vhd : (18, 32): Improper array length. Actual length is 3. Expected length is 4.
# Error: COMP96_0367: dmux3.vhd : (18, 49): Improper array length. Actual length is 3. Expected length is 4.
# Error: COMP96_0367: dmux3.vhd : (19, 21): Improper array length. Actual length is 3. Expected length is 4.
# Error: COMP96_0367: dmux3.vhd : (19, 32): Improper array length. Actual length is 3. Expected length is 4.
# Error: COMP96_0367: dmux3.vhd : (19, 43): Improper array length. Actual length is 3. Expected length is 4.
# Compile failure 12 Errors 0 Warnings  Analysis time :  0.0 [s]
acom $DSN/src/dmux3.vhd
# Compile...
# File: D:\designshdl\CRET\dmux3\src\dmux3.vhd
# Compile Entity "dmux"
# Compile Architecture "arh" of Entity "dmux"
# Compile success 0 Errors 0 Warnings  Analysis time :  0.1 [s]
# ELBREAD: Elaboration process.
# ELBREAD: Elaboration time 0.0 [s].
asim -advdataflow  dmux arh
# ELBREAD: Elaboration process.
# ELBREAD: Elaboration time 0.0 [s].
# asim: Stack memory: 32MB
# asim: Retval memory: 32MB
# KERNEL: Main thread initiated.
# KERNEL: Kernel process initialization phase.
# KERNEL: Time resolution set to 1ps.
# ELAB2: Elaboration final pass...
# ELAB2: Create instances ...
# ELAB2: Create instances complete.
# ELAB2: Elaboration final pass complete - time: 0.3 [s].
# KERNEL: Kernel process initialization done.
# Allocation: Simulator allocated 2419 kB (elbread=1070 elab2=300 kernel=1049 sdf=0)
# 9:20 PM, Monday, June 26, 2017
# Simulation has been initialized
# Selected Top-Level: dmux (arh)
run 100 ns
# KERNEL: stopped at time: 100 ns
# KERNEL: Simulation has finished. There are no more test vectors to simulate.
run 100 ns
# KERNEL: stopped at time: 200 ns
# KERNEL: Simulation has finished. There are no more test vectors to simulate.
run 100 ns
# KERNEL: stopped at time: 300 ns
# KERNEL: Simulation has finished. There are no more test vectors to simulate.
run 100 ns
# KERNEL: stopped at time: 400 ns
# KERNEL: Simulation has finished. There are no more test vectors to simulate.
run 100 ns
# KERNEL: stopped at time: 500 ns
# KERNEL: Simulation has finished. There are no more test vectors to simulate.
# Simulation has been stopped
# Design: Design "sumator_nbiti" has been set as active.
