acom -reorder $DSN/src/plus_minus_4.vhd
# Compile with File Reorder...
# File: c:\Users\Marcu\Desktop\cursuri\sem2\psn\PSN\PSN\COLOCVIU PSN\Colocviu_PSN\Colocviu_PSN\Sumator_Scazator_4bit\src\Plus_minus_4.vhd
# Compile Entity "SUM_MIN"
# Compile Architecture "ARH_COMP" of Entity "SUM_MIN"
# Top-Level unit detected
# Entity  =>   SUM_MIN
# Compile success 0 Errors 0 Warnings  Analysis time :  0.2 [s]
# ELBREAD: Elaboration process.
# ELBREAD: Elaboration time 0.0 [s].
acom $DSN/src/Plus_minus_4.vhd
# Compile...
# File: c:\Users\Marcu\Desktop\cursuri\sem2\psn\PSN\PSN\COLOCVIU PSN\Colocviu_PSN\Colocviu_PSN\Sumator_Scazator_4bit\src\Plus_minus_4.vhd
# Compile Entity "SUM_MIN"
# Entity `SUM_MIN' has been skipped - no difference detected.
# Compile Architecture "ARH_COMP" of Entity "SUM_MIN"
# Compile success 0 Errors 0 Warnings  Analysis time :  0.2 [s]
asim -advdataflow  sum_min arh_comp
# ELBREAD: Elaboration process.
# ELBREAD: Elaboration time 0.0 [s].
# asim: Stack memory: 32MB
# asim: Retval memory: 32MB
# KERNEL: Main thread initiated.
# KERNEL: Kernel process initialization phase.
# KERNEL: Time resolution set to 1ps.
# ELAB2: Elaboration final pass...
# ELAB2: Create instances ...
# ELAB2: Create instances complete.
# ELAB2: Elaboration final pass complete - time: 0.0 [s].
# KERNEL: Kernel process initialization done.
# Allocation: Simulator allocated 2418 kB (elbread=1070 elab2=299 kernel=1049 sdf=0)
# 21:00, 2 iunie 2014
# Simulation has been initialized
# Selected Top-Level: sum_min (arh_comp)
# Signal y not found in design
run 100 ns
# KERNEL: stopped at time: 100 ns
# KERNEL: Simulation has finished. There are no more test vectors to simulate.
run 100 ns
# KERNEL: stopped at time: 200 ns
# KERNEL: Simulation has finished. There are no more test vectors to simulate.
run 100 ns
# KERNEL: stopped at time: 300 ns
# KERNEL: Simulation has finished. There are no more test vectors to simulate.
run 100 ns
# KERNEL: stopped at time: 400 ns
# KERNEL: Simulation has finished. There are no more test vectors to simulate.
run 100 ns
# KERNEL: stopped at time: 500 ns
# KERNEL: Simulation has finished. There are no more test vectors to simulate.
# Simulation has been stopped
# Design: Design "rezolvari" has been set as active.
# ELBREAD: Elaboration process.
# ELBREAD: Elaboration time 0.0 [s].
