Release 14.5 Map P.58f (nt64)
Xilinx Mapping Report File for Design 'main_entity'

Design Information
------------------
Command Line   : map -intstyle ise -p xc6slx16-csg324-3 -w -logic_opt off -ol
high -t 1 -xt 0 -register_duplication off -r 4 -global_opt off -mt off -ir off
-pr off -lc off -power off -o main_entity_map.ncd main_entity.ngd
main_entity.pcf 
Target Device  : xc6slx16
Target Package : csg324
Target Speed   : -3
Mapper Version : spartan6 -- $Revision: 1.55 $
Mapped Date    : Mon May 18 02:15:12 2015

Design Summary
--------------
Number of errors:      0
Number of warnings:   32
Slice Logic Utilization:
  Number of Slice Registers:                   424 out of  18,224    2%
    Number used as Flip Flops:                 358
    Number used as Latches:                     66
    Number used as Latch-thrus:                  0
    Number used as AND/OR logics:                0
  Number of Slice LUTs:                        913 out of   9,112   10%
    Number used as logic:                      905 out of   9,112    9%
      Number using O6 output only:             695
      Number using O5 output only:              66
      Number using O5 and O6:                  144
      Number used as ROM:                        0
    Number used as Memory:                       0 out of   2,176    0%
    Number used exclusively as route-thrus:      8
      Number with same-slice register load:      5
      Number with same-slice carry load:         3
      Number with other load:                    0

Slice Logic Distribution:
  Number of occupied Slices:                   364 out of   2,278   15%
  Number of MUXCYs used:                       424 out of   4,556    9%
  Number of LUT Flip Flop pairs used:        1,056
    Number with an unused Flip Flop:           640 out of   1,056   60%
    Number with an unused LUT:                 143 out of   1,056   13%
    Number of fully used LUT-FF pairs:         273 out of   1,056   25%
    Number of unique control sets:             106
    Number of slice register sites lost
      to control set restrictions:             672 out of  18,224    3%

  A LUT Flip Flop pair for this architecture represents one LUT paired with
  one Flip Flop within a slice.  A control set is a unique combination of
  clock, reset, set, and enable signals for a registered element.
  The Slice Logic Distribution report is not meaningful if the design is
  over-mapped for a non-slice resource or if Placement fails.

IO Utilization:
  Number of bonded IOBs:                       123 out of     232   53%
    Number of LOCed IOBs:                       29 out of     123   23%
    IOB Flip Flops:                             31

Specific Feature Utilization:
  Number of RAMB16BWERs:                         0 out of      32    0%
  Number of RAMB8BWERs:                          0 out of      64    0%
  Number of BUFIO2/BUFIO2_2CLKs:                 0 out of      32    0%
  Number of BUFIO2FB/BUFIO2FB_2CLKs:             0 out of      32    0%
  Number of BUFG/BUFGMUXs:                       6 out of      16   37%
    Number used as BUFGs:                        6
    Number used as BUFGMUX:                      0
  Number of DCM/DCM_CLKGENs:                     0 out of       4    0%
  Number of ILOGIC2/ISERDES2s:                   0 out of     248    0%
  Number of IODELAY2/IODRP2/IODRP2_MCBs:         0 out of     248    0%
  Number of OLOGIC2/OSERDES2s:                  31 out of     248   12%
    Number used as OLOGIC2s:                    31
    Number used as OSERDES2s:                    0
  Number of BSCANs:                              0 out of       4    0%
  Number of BUFHs:                               0 out of     128    0%
  Number of BUFPLLs:                             0 out of       8    0%
  Number of BUFPLL_MCBs:                         0 out of       4    0%
  Number of DSP48A1s:                            2 out of      32    6%
  Number of ICAPs:                               0 out of       1    0%
  Number of MCBs:                                0 out of       2    0%
  Number of PCILOGICSEs:                         0 out of       2    0%
  Number of PLL_ADVs:                            0 out of       2    0%
  Number of PMVs:                                0 out of       1    0%
  Number of STARTUPs:                            0 out of       1    0%
  Number of SUSPEND_SYNCs:                       0 out of       1    0%

Average Fanout of Non-Clock Nets:                3.69

Peak Memory Usage:  396 MB
Total REAL time to MAP completion:  27 secs 
Total CPU time to MAP completion:   27 secs 

Table of Contents
-----------------
Section 1 - Errors
Section 2 - Warnings
Section 3 - Informational
Section 4 - Removed Logic Summary
Section 5 - Removed Logic
Section 6 - IOB Properties
Section 7 - RPMs
Section 8 - Guide Report
Section 9 - Area Group and Partition Summary
Section 10 - Timing Report
Section 11 - Configuration String Information
Section 12 - Control Set Information
Section 13 - Utilization by Hierarchy

Section 1 - Errors
------------------

Section 2 - Warnings
--------------------
WARNING:PhysDesignRules:372 - Gated clock. Clock net okpin_OBUF is sourced by a
   combinatorial pin. This is not good design practice. Use the CE pin to
   control the loading of data into the flip-flop.
WARNING:PhysDesignRules:372 - Gated clock. Clock net
   U3/options_pin[2]_AND_2030_o is sourced by a combinatorial pin. This is not
   good design practice. Use the CE pin to control the loading of data into the
   flip-flop.
WARNING:PhysDesignRules:372 - Gated clock. Clock net
   U3/options_pin[2]_AND_2024_o is sourced by a combinatorial pin. This is not
   good design practice. Use the CE pin to control the loading of data into the
   flip-flop.
WARNING:PhysDesignRules:372 - Gated clock. Clock net
   U3/options_pin[2]_AND_2032_o is sourced by a combinatorial pin. This is not
   good design practice. Use the CE pin to control the loading of data into the
   flip-flop.
WARNING:PhysDesignRules:372 - Gated clock. Clock net
   U3/options_pin[2]_AND_2040_o is sourced by a combinatorial pin. This is not
   good design practice. Use the CE pin to control the loading of data into the
   flip-flop.
WARNING:PhysDesignRules:372 - Gated clock. Clock net
   U3/options_pin[2]_AND_2026_o is sourced by a combinatorial pin. This is not
   good design practice. Use the CE pin to control the loading of data into the
   flip-flop.
WARNING:PhysDesignRules:372 - Gated clock. Clock net
   U3/options_pin[2]_AND_2034_o is sourced by a combinatorial pin. This is not
   good design practice. Use the CE pin to control the loading of data into the
   flip-flop.
WARNING:PhysDesignRules:372 - Gated clock. Clock net
   U3/options_pin[2]_AND_2042_o is sourced by a combinatorial pin. This is not
   good design practice. Use the CE pin to control the loading of data into the
   flip-flop.
WARNING:PhysDesignRules:372 - Gated clock. Clock net
   U3/options_pin[2]_AND_2050_o is sourced by a combinatorial pin. This is not
   good design practice. Use the CE pin to control the loading of data into the
   flip-flop.
WARNING:PhysDesignRules:372 - Gated clock. Clock net
   U3/options_pin[2]_AND_2028_o is sourced by a combinatorial pin. This is not
   good design practice. Use the CE pin to control the loading of data into the
   flip-flop.
WARNING:PhysDesignRules:372 - Gated clock. Clock net
   U3/options_pin[2]_AND_2036_o is sourced by a combinatorial pin. This is not
   good design practice. Use the CE pin to control the loading of data into the
   flip-flop.
WARNING:PhysDesignRules:372 - Gated clock. Clock net
   U3/options_pin[2]_AND_2044_o is sourced by a combinatorial pin. This is not
   good design practice. Use the CE pin to control the loading of data into the
   flip-flop.
WARNING:PhysDesignRules:372 - Gated clock. Clock net
   U3/options_pin[2]_AND_2052_o is sourced by a combinatorial pin. This is not
   good design practice. Use the CE pin to control the loading of data into the
   flip-flop.
WARNING:PhysDesignRules:372 - Gated clock. Clock net
   U3/options_pin[2]_AND_2060_o is sourced by a combinatorial pin. This is not
   good design practice. Use the CE pin to control the loading of data into the
   flip-flop.
WARNING:PhysDesignRules:372 - Gated clock. Clock net
   U3/options_pin[2]_AND_2038_o is sourced by a combinatorial pin. This is not
   good design practice. Use the CE pin to control the loading of data into the
   flip-flop.
WARNING:PhysDesignRules:372 - Gated clock. Clock net
   U3/options_pin[2]_AND_2046_o is sourced by a combinatorial pin. This is not
   good design practice. Use the CE pin to control the loading of data into the
   flip-flop.
WARNING:PhysDesignRules:372 - Gated clock. Clock net
   U3/options_pin[2]_AND_2054_o is sourced by a combinatorial pin. This is not
   good design practice. Use the CE pin to control the loading of data into the
   flip-flop.
WARNING:PhysDesignRules:372 - Gated clock. Clock net
   U3/options_pin[2]_AND_2062_o is sourced by a combinatorial pin. This is not
   good design practice. Use the CE pin to control the loading of data into the
   flip-flop.
WARNING:PhysDesignRules:372 - Gated clock. Clock net
   U3/options_pin[2]_AND_2070_o is sourced by a combinatorial pin. This is not
   good design practice. Use the CE pin to control the loading of data into the
   flip-flop.
WARNING:PhysDesignRules:372 - Gated clock. Clock net
   U3/options_pin[2]_AND_2048_o is sourced by a combinatorial pin. This is not
   good design practice. Use the CE pin to control the loading of data into the
   flip-flop.
WARNING:PhysDesignRules:372 - Gated clock. Clock net
   U3/options_pin[2]_AND_2056_o is sourced by a combinatorial pin. This is not
   good design practice. Use the CE pin to control the loading of data into the
   flip-flop.
WARNING:PhysDesignRules:372 - Gated clock. Clock net
   U3/options_pin[2]_AND_2064_o is sourced by a combinatorial pin. This is not
   good design practice. Use the CE pin to control the loading of data into the
   flip-flop.
WARNING:PhysDesignRules:372 - Gated clock. Clock net
   U3/options_pin[2]_AND_2072_o is sourced by a combinatorial pin. This is not
   good design practice. Use the CE pin to control the loading of data into the
   flip-flop.
WARNING:PhysDesignRules:372 - Gated clock. Clock net
   U3/options_pin[2]_AND_2080_o is sourced by a combinatorial pin. This is not
   good design practice. Use the CE pin to control the loading of data into the
   flip-flop.
WARNING:PhysDesignRules:372 - Gated clock. Clock net
   U3/options_pin[2]_AND_2058_o is sourced by a combinatorial pin. This is not
   good design practice. Use the CE pin to control the loading of data into the
   flip-flop.
WARNING:PhysDesignRules:372 - Gated clock. Clock net
   U3/options_pin[2]_AND_2066_o is sourced by a combinatorial pin. This is not
   good design practice. Use the CE pin to control the loading of data into the
   flip-flop.
WARNING:PhysDesignRules:372 - Gated clock. Clock net
   U3/options_pin[2]_AND_2074_o is sourced by a combinatorial pin. This is not
   good design practice. Use the CE pin to control the loading of data into the
   flip-flop.
WARNING:PhysDesignRules:372 - Gated clock. Clock net
   U3/options_pin[2]_AND_2082_o is sourced by a combinatorial pin. This is not
   good design practice. Use the CE pin to control the loading of data into the
   flip-flop.
WARNING:PhysDesignRules:372 - Gated clock. Clock net
   U3/options_pin[2]_AND_2068_o is sourced by a combinatorial pin. This is not
   good design practice. Use the CE pin to control the loading of data into the
   flip-flop.
WARNING:PhysDesignRules:372 - Gated clock. Clock net
   U3/options_pin[2]_AND_2076_o is sourced by a combinatorial pin. This is not
   good design practice. Use the CE pin to control the loading of data into the
   flip-flop.
WARNING:PhysDesignRules:372 - Gated clock. Clock net
   U3/options_pin[2]_AND_2084_o is sourced by a combinatorial pin. This is not
   good design practice. Use the CE pin to control the loading of data into the
   flip-flop.
WARNING:PhysDesignRules:372 - Gated clock. Clock net
   U3/options_pin[2]_AND_2078_o is sourced by a combinatorial pin. This is not
   good design practice. Use the CE pin to control the loading of data into the
   flip-flop.

Section 3 - Informational
-------------------------
INFO:MapLib:562 - No environment variables are currently set.
INFO:LIT:244 - All of the single ended outputs in this design are using slew
   rate limited output drivers. The delay on speed critical single ended outputs
   can be dramatically reduced by designating them as fast outputs.
INFO:Pack:1716 - Initializing temperature to 85.000 Celsius. (default - Range:
   0.000 to 85.000 Celsius)
INFO:Pack:1720 - Initializing voltage to 1.140 Volts. (default - Range: 1.140 to
   1.260 Volts)
INFO:Map:215 - The Interim Design Summary has been generated in the MAP Report
   (.mrp).
INFO:Place:834 - Only a subset of IOs are locked. Out of 123 IOs, 29 are locked
   and 94 are not locked. If you would like to print the names of these IOs,
   please set the environment variable XIL_PAR_DESIGN_CHECK_VERBOSE to 1. 
INFO:Pack:1650 - Map created a placed design.

Section 4 - Removed Logic Summary
---------------------------------
   2 block(s) optimized away

Section 5 - Removed Logic
-------------------------

Optimized Block(s):
TYPE 		BLOCK
GND 		XST_GND
VCC 		XST_VCC

To enable printing of redundant blocks removed and signals merged, set the
detailed map report option and rerun map.

Section 6 - IOB Properties
--------------------------

+---------------------------------------------------------------------------------------------------------------------------------------------------------+
| IOB Name                           | Type             | Direction | IO Standard          | Diff  | Drive    | Slew | Reg (s)      | Resistor | IOB      |
|                                    |                  |           |                      | Term  | Strength | Rate |              |          | Delay    |
+---------------------------------------------------------------------------------------------------------------------------------------------------------+
| CLK                                | IOB              | INPUT     | LVCMOS25             |       |          |      |              |          |          |
| a_to_g<0>                          | IOB              | OUTPUT    | LVCMOS25             |       | 12       | SLOW |              |          |          |
| a_to_g<1>                          | IOB              | OUTPUT    | LVCMOS25             |       | 12       | SLOW |              |          |          |
| a_to_g<2>                          | IOB              | OUTPUT    | LVCMOS25             |       | 12       | SLOW |              |          |          |
| a_to_g<3>                          | IOB              | OUTPUT    | LVCMOS25             |       | 12       | SLOW |              |          |          |
| a_to_g<4>                          | IOB              | OUTPUT    | LVCMOS25             |       | 12       | SLOW |              |          |          |
| a_to_g<5>                          | IOB              | OUTPUT    | LVCMOS25             |       | 12       | SLOW |              |          |          |
| a_to_g<6>                          | IOB              | OUTPUT    | LVCMOS25             |       | 12       | SLOW |              |          |          |
| actualization                      | IOB              | INPUT     | LVCMOS25             |       |          |      |              |          |          |
| an<0>                              | IOB              | OUTPUT    | LVCMOS25             |       | 12       | SLOW |              |          |          |
| an<1>                              | IOB              | OUTPUT    | LVCMOS25             |       | 12       | SLOW |              |          |          |
| an<2>                              | IOB              | OUTPUT    | LVCMOS25             |       | 12       | SLOW |              |          |          |
| an<3>                              | IOB              | OUTPUT    | LVCMOS25             |       | 12       | SLOW |              |          |          |
| clock_end                          | IOB              | INPUT     | LVCMOS25             |       |          |      |              |          |          |
| clock_hundreds                     | IOB              | INPUT     | LVCMOS25             |       |          |      |              |          |          |
| clock_zecimals                     | IOB              | INPUT     | LVCMOS25             |       |          |      |              |          |          |
| code<0>                            | IOB              | INPUT     | LVCMOS25             |       |          |      |              |          |          |
| code<1>                            | IOB              | INPUT     | LVCMOS25             |       |          |      |              |          |          |
| code<2>                            | IOB              | INPUT     | LVCMOS25             |       |          |      |              |          |          |
| code<3>                            | IOB              | INPUT     | LVCMOS25             |       |          |      |              |          |          |
| in_want_receipt                    | IOB              | INPUT     | LVCMOS25             |       |          |      |              |          |          |
| index<0>                           | IOB              | OUTPUT    | LVCMOS25             |       | 12       | SLOW |              |          |          |
| index<1>                           | IOB              | OUTPUT    | LVCMOS25             |       | 12       | SLOW |              |          |          |
| index<2>                           | IOB              | OUTPUT    | LVCMOS25             |       | 12       | SLOW |              |          |          |
| index<3>                           | IOB              | OUTPUT    | LVCMOS25             |       | 12       | SLOW |              |          |          |
| index<4>                           | IOB              | OUTPUT    | LVCMOS25             |       | 12       | SLOW |              |          |          |
| index<5>                           | IOB              | OUTPUT    | LVCMOS25             |       | 12       | SLOW |              |          |          |
| index<6>                           | IOB              | OUTPUT    | LVCMOS25             |       | 12       | SLOW |              |          |          |
| index<7>                           | IOB              | OUTPUT    | LVCMOS25             |       | 12       | SLOW |              |          |          |
| index<8>                           | IOB              | OUTPUT    | LVCMOS25             |       | 12       | SLOW |              |          |          |
| index<9>                           | IOB              | OUTPUT    | LVCMOS25             |       | 12       | SLOW |              |          |          |
| index<10>                          | IOB              | OUTPUT    | LVCMOS25             |       | 12       | SLOW |              |          |          |
| index<11>                          | IOB              | OUTPUT    | LVCMOS25             |       | 12       | SLOW |              |          |          |
| index<12>                          | IOB              | OUTPUT    | LVCMOS25             |       | 12       | SLOW |              |          |          |
| index<13>                          | IOB              | OUTPUT    | LVCMOS25             |       | 12       | SLOW |              |          |          |
| index<14>                          | IOB              | OUTPUT    | LVCMOS25             |       | 12       | SLOW |              |          |          |
| index<15>                          | IOB              | OUTPUT    | LVCMOS25             |       | 12       | SLOW |              |          |          |
| index<16>                          | IOB              | OUTPUT    | LVCMOS25             |       | 12       | SLOW |              |          |          |
| index<17>                          | IOB              | OUTPUT    | LVCMOS25             |       | 12       | SLOW |              |          |          |
| index<18>                          | IOB              | OUTPUT    | LVCMOS25             |       | 12       | SLOW |              |          |          |
| index<19>                          | IOB              | OUTPUT    | LVCMOS25             |       | 12       | SLOW |              |          |          |
| index<20>                          | IOB              | OUTPUT    | LVCMOS25             |       | 12       | SLOW |              |          |          |
| index<21>                          | IOB              | OUTPUT    | LVCMOS25             |       | 12       | SLOW |              |          |          |
| index<22>                          | IOB              | OUTPUT    | LVCMOS25             |       | 12       | SLOW |              |          |          |
| index<23>                          | IOB              | OUTPUT    | LVCMOS25             |       | 12       | SLOW |              |          |          |
| index<24>                          | IOB              | OUTPUT    | LVCMOS25             |       | 12       | SLOW |              |          |          |
| index<25>                          | IOB              | OUTPUT    | LVCMOS25             |       | 12       | SLOW |              |          |          |
| index<26>                          | IOB              | OUTPUT    | LVCMOS25             |       | 12       | SLOW |              |          |          |
| index<27>                          | IOB              | OUTPUT    | LVCMOS25             |       | 12       | SLOW |              |          |          |
| index<28>                          | IOB              | OUTPUT    | LVCMOS25             |       | 12       | SLOW |              |          |          |
| index<29>                          | IOB              | OUTPUT    | LVCMOS25             |       | 12       | SLOW |              |          |          |
| index<30>                          | IOB              | OUTPUT    | LVCMOS25             |       | 12       | SLOW |              |          |          |
| index<31>                          | IOB              | OUTPUT    | LVCMOS25             |       | 12       | SLOW |              |          |          |
| ok                                 | IOB              | OUTPUT    | LVCMOS25             |       | 12       | SLOW |              |          |          |
| okcode                             | IOB              | OUTPUT    | LVCMOS25             |       | 12       | SLOW |              |          |          |
| okpin                              | IOB              | OUTPUT    | LVCMOS25             |       | 12       | SLOW |              |          |          |
| options                            | IOB              | INPUT     | LVCMOS25             |       |          |      |              |          |          |
| out_want_receipt                   | IOB              | OUTPUT    | LVCMOS25             |       | 12       | SLOW |              |          |          |
| pin<0>                             | IOB              | INPUT     | LVCMOS25             |       |          |      |              |          |          |
| pin<1>                             | IOB              | INPUT     | LVCMOS25             |       |          |      |              |          |          |
| pin<2>                             | IOB              | INPUT     | LVCMOS25             |       |          |      |              |          |          |
| remained_money<0>                  | IOB              | OUTPUT    | LVCMOS25             |       | 12       | SLOW |              |          |          |
| remained_money<1>                  | IOB              | OUTPUT    | LVCMOS25             |       | 12       | SLOW |              |          |          |
| remained_money<2>                  | IOB              | OUTPUT    | LVCMOS25             |       | 12       | SLOW |              |          |          |
| remained_money<3>                  | IOB              | OUTPUT    | LVCMOS25             |       | 12       | SLOW |              |          |          |
| remained_money<4>                  | IOB              | OUTPUT    | LVCMOS25             |       | 12       | SLOW |              |          |          |
| remained_money<5>                  | IOB              | OUTPUT    | LVCMOS25             |       | 12       | SLOW |              |          |          |
| remained_money<6>                  | IOB              | OUTPUT    | LVCMOS25             |       | 12       | SLOW |              |          |          |
| remained_money<7>                  | IOB              | OUTPUT    | LVCMOS25             |       | 12       | SLOW |              |          |          |
| remained_money<8>                  | IOB              | OUTPUT    | LVCMOS25             |       | 12       | SLOW |              |          |          |
| remained_money<9>                  | IOB              | OUTPUT    | LVCMOS25             |       | 12       | SLOW |              |          |          |
| remained_money<10>                 | IOB              | OUTPUT    | LVCMOS25             |       | 12       | SLOW |              |          |          |
| remained_money<11>                 | IOB              | OUTPUT    | LVCMOS25             |       | 12       | SLOW |              |          |          |
| remained_money<12>                 | IOB              | OUTPUT    | LVCMOS25             |       | 12       | SLOW |              |          |          |
| remained_money<13>                 | IOB              | OUTPUT    | LVCMOS25             |       | 12       | SLOW |              |          |          |
| remained_money<14>                 | IOB              | OUTPUT    | LVCMOS25             |       | 12       | SLOW |              |          |          |
| remained_money<15>                 | IOB              | OUTPUT    | LVCMOS25             |       | 12       | SLOW |              |          |          |
| remained_money<16>                 | IOB              | OUTPUT    | LVCMOS25             |       | 12       | SLOW |              |          |          |
| remained_money<17>                 | IOB              | OUTPUT    | LVCMOS25             |       | 12       | SLOW |              |          |          |
| remained_money<18>                 | IOB              | OUTPUT    | LVCMOS25             |       | 12       | SLOW |              |          |          |
| remained_money<19>                 | IOB              | OUTPUT    | LVCMOS25             |       | 12       | SLOW |              |          |          |
| remained_money<20>                 | IOB              | OUTPUT    | LVCMOS25             |       | 12       | SLOW |              |          |          |
| remained_money<21>                 | IOB              | OUTPUT    | LVCMOS25             |       | 12       | SLOW |              |          |          |
| remained_money<22>                 | IOB              | OUTPUT    | LVCMOS25             |       | 12       | SLOW |              |          |          |
| remained_money<23>                 | IOB              | OUTPUT    | LVCMOS25             |       | 12       | SLOW |              |          |          |
| remained_money<24>                 | IOB              | OUTPUT    | LVCMOS25             |       | 12       | SLOW |              |          |          |
| remained_money<25>                 | IOB              | OUTPUT    | LVCMOS25             |       | 12       | SLOW |              |          |          |
| remained_money<26>                 | IOB              | OUTPUT    | LVCMOS25             |       | 12       | SLOW |              |          |          |
| remained_money<27>                 | IOB              | OUTPUT    | LVCMOS25             |       | 12       | SLOW |              |          |          |
| remained_money<28>                 | IOB              | OUTPUT    | LVCMOS25             |       | 12       | SLOW |              |          |          |
| remained_money<29>                 | IOB              | OUTPUT    | LVCMOS25             |       | 12       | SLOW |              |          |          |
| remained_money<30>                 | IOB              | OUTPUT    | LVCMOS25             |       | 12       | SLOW |              |          |          |
| sum_money<0>                       | IOB              | OUTPUT    | LVCMOS25             |       | 12       | SLOW | OFF          |          |          |
| sum_money<1>                       | IOB              | OUTPUT    | LVCMOS25             |       | 12       | SLOW | OFF          |          |          |
| sum_money<2>                       | IOB              | OUTPUT    | LVCMOS25             |       | 12       | SLOW | OFF          |          |          |
| sum_money<3>                       | IOB              | OUTPUT    | LVCMOS25             |       | 12       | SLOW | OFF          |          |          |
| sum_money<4>                       | IOB              | OUTPUT    | LVCMOS25             |       | 12       | SLOW | OFF          |          |          |
| sum_money<5>                       | IOB              | OUTPUT    | LVCMOS25             |       | 12       | SLOW | OFF          |          |          |
| sum_money<6>                       | IOB              | OUTPUT    | LVCMOS25             |       | 12       | SLOW | OFF          |          |          |
| sum_money<7>                       | IOB              | OUTPUT    | LVCMOS25             |       | 12       | SLOW | OFF          |          |          |
| sum_money<8>                       | IOB              | OUTPUT    | LVCMOS25             |       | 12       | SLOW | OFF          |          |          |
| sum_money<9>                       | IOB              | OUTPUT    | LVCMOS25             |       | 12       | SLOW | OFF          |          |          |
| sum_money<10>                      | IOB              | OUTPUT    | LVCMOS25             |       | 12       | SLOW | OFF          |          |          |
| sum_money<11>                      | IOB              | OUTPUT    | LVCMOS25             |       | 12       | SLOW | OFF          |          |          |
| sum_money<12>                      | IOB              | OUTPUT    | LVCMOS25             |       | 12       | SLOW | OFF          |          |          |
| sum_money<13>                      | IOB              | OUTPUT    | LVCMOS25             |       | 12       | SLOW | OFF          |          |          |
| sum_money<14>                      | IOB              | OUTPUT    | LVCMOS25             |       | 12       | SLOW | OFF          |          |          |
| sum_money<15>                      | IOB              | OUTPUT    | LVCMOS25             |       | 12       | SLOW | OFF          |          |          |
| sum_money<16>                      | IOB              | OUTPUT    | LVCMOS25             |       | 12       | SLOW | OFF          |          |          |
| sum_money<17>                      | IOB              | OUTPUT    | LVCMOS25             |       | 12       | SLOW | OFF          |          |          |
| sum_money<18>                      | IOB              | OUTPUT    | LVCMOS25             |       | 12       | SLOW | OFF          |          |          |
| sum_money<19>                      | IOB              | OUTPUT    | LVCMOS25             |       | 12       | SLOW | OFF          |          |          |
| sum_money<20>                      | IOB              | OUTPUT    | LVCMOS25             |       | 12       | SLOW | OFF          |          |          |
| sum_money<21>                      | IOB              | OUTPUT    | LVCMOS25             |       | 12       | SLOW | OFF          |          |          |
| sum_money<22>                      | IOB              | OUTPUT    | LVCMOS25             |       | 12       | SLOW | OFF          |          |          |
| sum_money<23>                      | IOB              | OUTPUT    | LVCMOS25             |       | 12       | SLOW | OFF          |          |          |
| sum_money<24>                      | IOB              | OUTPUT    | LVCMOS25             |       | 12       | SLOW | OFF          |          |          |
| sum_money<25>                      | IOB              | OUTPUT    | LVCMOS25             |       | 12       | SLOW | OFF          |          |          |
| sum_money<26>                      | IOB              | OUTPUT    | LVCMOS25             |       | 12       | SLOW | OFF          |          |          |
| sum_money<27>                      | IOB              | OUTPUT    | LVCMOS25             |       | 12       | SLOW | OFF          |          |          |
| sum_money<28>                      | IOB              | OUTPUT    | LVCMOS25             |       | 12       | SLOW | OFF          |          |          |
| sum_money<29>                      | IOB              | OUTPUT    | LVCMOS25             |       | 12       | SLOW | OFF          |          |          |
| sum_money<30>                      | IOB              | OUTPUT    | LVCMOS25             |       | 12       | SLOW | OFF          |          |          |
+---------------------------------------------------------------------------------------------------------------------------------------------------------+

Section 7 - RPMs
----------------

Section 8 - Guide Report
------------------------
Guide not run on this design.

Section 9 - Area Group and Partition Summary
--------------------------------------------

Partition Implementation Status
-------------------------------

  No Partitions were found in this design.

-------------------------------

Area Group Information
----------------------

  No area groups were found in this design.

----------------------

Section 10 - Timing Report
--------------------------
A logic-level (pre-route) timing report can be generated by using Xilinx static
timing analysis tools, Timing Analyzer (GUI) or TRCE (command line), with the
mapped NCD and PCF files. Please note that this timing report will be generated
using estimated delay information. For accurate numbers, please generate a
timing report with the post Place and Route NCD file.

For more information about the Timing Analyzer, consult the Xilinx Timing
Analyzer Reference Manual; for more information about TRCE, consult the Xilinx
Command Line Tools User Guide "TRACE" chapter.

Section 11 - Configuration String Details
-----------------------------------------
Use the "-detail" map option to print out Configuration Strings

Section 12 - Control Set Information
------------------------------------
Use the "-detail" map option to print out Control Set Information.

Section 13 - Utilization by Hierarchy
-------------------------------------
Use the "-detail" map option to print out the Utilization by Hierarchy section.
