#-----------------------------------------------------------
# Vivado v2017.4 (64-bit)
# SW Build 2086221 on Fri Dec 15 20:55:39 MST 2017
# IP Build 2085800 on Fri Dec 15 22:25:07 MST 2017
# Start of session at: Wed May 16 10:03:55 2018
# Process ID: 2808
# Current directory: D:/Student/30238/Matasariu Gabriel/RISC
# Command line: vivado.exe -gui_launcher_event rodinguilauncherevent4828 D:\Student\30238\Matasariu Gabriel\RISC\RISC.xpr
# Log file: D:/Student/30238/Matasariu Gabriel/RISC/vivado.log
# Journal file: D:/Student/30238/Matasariu Gabriel/RISC\vivado.jou
#-----------------------------------------------------------
start_gui
open_project {D:/Student/30238/Matasariu Gabriel/RISC/RISC.xpr}
Scanning sources...
Finished scanning sources
INFO: [IP_Flow 19-234] Refreshing IP repositories
INFO: [IP_Flow 19-1704] No user IP repositories specified
INFO: [IP_Flow 19-2313] Loaded Vivado IP repository 'C:/Xilinx/Vivado/2017.4/data/ip'.
update_compile_order -fileset sources_1
import_files -norecurse {{D:/Student/30238/Matasariu Gabriel/lab5_booth/fdn.vhd}}
update_compile_order -fileset sources_1
update_compile_order -fileset sources_1
exit
INFO: [Common 17-206] Exiting Vivado at Wed May 16 11:45:39 2018...
