#-----------------------------------------------------------
# Vivado v2017.4 (64-bit)
# SW Build 2086221 on Fri Dec 15 20:55:39 MST 2017
# IP Build 2085800 on Fri Dec 15 22:25:07 MST 2017
# Start of session at: Fri Mar  9 19:29:20 2018
# Process ID: 3168
# Current directory: D:/Student/30238/CalbazaCristina/Lab2_7.5
# Command line: vivado.exe -gui_launcher_event rodinguilauncherevent4312 D:\Student\30238\CalbazaCristina\Lab2_7.5\Lab2_7.5.xpr
# Log file: D:/Student/30238/CalbazaCristina/Lab2_7.5/vivado.log
# Journal file: D:/Student/30238/CalbazaCristina/Lab2_7.5\vivado.jou
#-----------------------------------------------------------
start_gui
open_project D:/Student/30238/CalbazaCristina/Lab2_7.5/Lab2_7.5.xpr
Scanning sources...
Finished scanning sources
INFO: [IP_Flow 19-234] Refreshing IP repositories
INFO: [IP_Flow 19-1704] No user IP repositories specified
INFO: [IP_Flow 19-2313] Loaded Vivado IP repository 'C:/Xilinx/Vivado/2017.4/data/ip'.
update_compile_order -fileset sources_1
exit
INFO: [Common 17-206] Exiting Vivado at Fri Mar  9 19:30:01 2018...
