#
# A fatal error has been detected by the Java Runtime Environment:
#
#  EXCEPTION_ACCESS_VIOLATION (0xc0000005) at pc=0x00007fffe6a41cd4, pid=1260, tid=3036
#
# JRE version: 7.0_07-b11
# Java VM: Java HotSpot(TM) 64-Bit Server VM (23.3-b01 mixed mode windows-amd64 compressed oops)
# Problematic frame:
# C  [msvcrt.dll+0x1cd4]  operator delete[]+0x0
#
# Failed to write core dump. Minidumps are not enabled by default on client versions of Windows
#
# If you would like to submit a bug report, please visit:
#   http://bugreport.sun.com/bugreport/crash.jsp
# The crash happened outside the Java Virtual Machine in native code.
# See problematic frame for where to report the bug.
#

---------------  T H R E A D  ---------------

Current thread (0x000000002cb57800):  JavaThread "Swing-Shell" daemon [_thread_in_native, id=3036, stack(0x000000002eb20000,0x000000002ee20000)]

siginfo: ExceptionCode=0xc0000005, writing address 0x0000000000000000

Registers:
RAX=0x0000000000000000, RBX=0x000000002ceb0230, RCX=0x000000002cdc00c0, RDX=0x00007fffe1d11300
RSP=0x000000002ee1ee68, RBP=0x0000000000000001, RSI=0x000000002cdc00c8, RDI=0x00000000ffffffff
R8 =0x000000000a92f048, R9 =0x0000000000008000, R10=0x0000000000000000, R11=0x000000002ee1ede0
R12=0x000000002d2f0628, R13=0x000000002ee1f1d0, R14=0x000000002cdc00c0, R15=0x000000002d2f0630
RIP=0x00007fffe6a41cd4, EFLAGS=0x0000000000010296

Top of Stack: (sp=0x000000002ee1ee68)
0x000000002ee1ee68:   00007fffe1d1de1d 000000002ee1eed8
0x000000002ee1ee78:   000000000a9172b1 00000000ffffffff
0x000000002ee1ee88:   0000000000000000 00000000ffffffff
0x000000002ee1ee98:   00007fffe1d20d1e 0000000000000000
0x000000002ee1eea8:   000000002ee1eed8 000000002d2f0620
0x000000002ee1eeb8:   000000002ceb0230 000000002ceb0230
0x000000002ee1eec8:   0000000000000000 fffffffffffffffe
0x000000002ee1eed8:   0000000000000001 000000002ccc1480
0x000000002ee1eee8:   000000002ee1f1d0 0000000000000000
0x000000002ee1eef8:   000000002ceb0290 000000002ceb0200
0x000000002ee1ef08:   000000002d2f05e0 000000002ee1f129
0x000000002ee1ef18:   00007fffe1d1fc75 000000002d350000
0x000000002ee1ef28:   000000002ceb0200 0000000000000000
0x000000002ee1ef38:   0000000000000000 000000002cd50260
0x000000002ee1ef48:   00007fffca3a5fab 000000002d2c0080
0x000000002ee1ef58:   0000000000000000 0000000000000000 

Instructions: (pc=0x00007fffe6a41cd4)
0x00007fffe6a41cb4:   33 d2 ff 15 fc b5 09 00 85 c0 75 d0 e9 4c d5 03
0x00007fffe6a41cc4:   00 cc 90 90 90 90 90 90 48 b8 60 81 91 0a 00 00
0x00007fffe6a41cd4:   00 00 ff e0 91 0a 00 00 00 00 ff e0 48 b8 60 73
0x00007fffe6a41ce4:   91 0a 00 00 00 00 ff e0 83 ec 20 48 83 3d c9 d3 


Register to memory mapping:

RAX=0x0000000000000000 is an unknown value
RBX=0x000000002ceb0230 is an unknown value
RCX=0x000000002cdc00c0 is an unknown value
RDX=0x00007fffe1d11300 is an unknown value
RSP=0x000000002ee1ee68 is pointing into the stack for thread: 0x000000002cb57800
RBP=0x0000000000000001 is an unknown value
RSI=0x000000002cdc00c8 is an unknown value
RDI=0x00000000ffffffff is an unknown value
R8 =0x000000000a92f048 is an unknown value
R9 =0x0000000000008000 is an unknown value
R10=0x0000000000000000 is an unknown value
R11=0x000000002ee1ede0 is pointing into the stack for thread: 0x000000002cb57800
R12=0x000000002d2f0628 is an unknown value
R13=0x000000002ee1f1d0 is pointing into the stack for thread: 0x000000002cb57800
R14=0x000000002cdc00c0 is an unknown value
R15=0x000000002d2f0630 is an unknown value


Stack: [0x000000002eb20000,0x000000002ee20000],  sp=0x000000002ee1ee68,  free space=3067k
Native frames: (J=compiled Java code, j=interpreted, Vv=VM code, C=native code)
C  [msvcrt.dll+0x1cd4]  operator delete[]+0x0

Java frames: (J=compiled Java code, j=interpreted, Vv=VM code)
j  sun.awt.shell.Win32ShellFolder2.getNextChild(J)J+0
j  sun.awt.shell.Win32ShellFolder2.access$1100(Lsun/awt/shell/Win32ShellFolder2;J)J+2
j  sun.awt.shell.Win32ShellFolder2$9.call()[Ljava/io/File;+94
j  sun.awt.shell.Win32ShellFolder2$9.call()Ljava/lang/Object;+1
j  java.util.concurrent.FutureTask$Sync.innerRun()V+29
j  java.util.concurrent.FutureTask.run()V+4
j  java.util.concurrent.ThreadPoolExecutor.runWorker(Ljava/util/concurrent/ThreadPoolExecutor$Worker;)V+46
j  java.util.concurrent.ThreadPoolExecutor$Worker.run()V+5
j  sun.awt.shell.Win32ShellFolderManager2$ComInvoker$3.run()V+7
j  java.lang.Thread.run()V+11
v  ~StubRoutines::call_stub

---------------  P R O C E S S  ---------------

Java Threads: ( => current thread )
=>0x000000002cb57800 JavaThread "Swing-Shell" daemon [_thread_in_native, id=3036, stack(0x000000002eb20000,0x000000002ee20000)]
  0x000000002de65000 JavaThread "HFileChooser Load File/Folder Choosers Thread" [_thread_blocked, id=2944, stack(0x000000002e820000,0x000000002eb20000)]
  0x000000002e351000 JavaThread "Monitor File Timestamp" [_thread_blocked, id=5560, stack(0x000000002e520000,0x000000002e820000)]
  0x000000002c2ea000 JavaThread "Image Fetcher 1" daemon [_thread_blocked, id=6088, stack(0x000000002a510000,0x000000002a810000)]
  0x000000002c0af800 JavaThread "Image Fetcher 0" daemon [_thread_blocked, id=5424, stack(0x000000002ab20000,0x000000002ae20000)]
  0x0000000019fa7000 JavaThread "AWT-EventQueue-1" [_thread_in_native, id=3136, stack(0x000000002bd20000,0x000000002c020000)]
  0x0000000019fa3000 JavaThread "Process Messages" [_thread_blocked, id=4352, stack(0x000000002b920000,0x000000002bc20000)]
  0x0000000019fa8000 JavaThread "Thread-3" [_thread_blocked, id=3040, stack(0x0000000003be0000,0x0000000004fe0000)]
  0x000000002a895800 JavaThread "AWT-EventQueue-0" [_thread_blocked, id=4280, stack(0x000000002b620000,0x000000002b920000)]
  0x00000000296ec800 JavaThread "AWT-Windows" daemon [_thread_in_native, id=3656, stack(0x0000000029f80000,0x000000002a280000)]
  0x00000000296ed800 JavaThread "AWT-Shutdown" [_thread_blocked, id=2252, stack(0x0000000029c80000,0x0000000029f80000)]
  0x00000000296a1000 JavaThread "Java2D Disposer" daemon [_thread_blocked, id=5352, stack(0x0000000029780000,0x0000000029a80000)]
  0x00000000286ab800 JavaThread "TimerQueue" daemon [_thread_blocked, id=3352, stack(0x0000000029380000,0x0000000029680000)]
  0x0000000020c80800 JavaThread "Service Thread" daemon [_thread_blocked, id=4272, stack(0x0000000027930000,0x0000000027c30000)]
  0x0000000020c70800 JavaThread "C1 CompilerThread3" daemon [_thread_blocked, id=4256, stack(0x0000000027830000,0x0000000027930000)]
  0x0000000026430800 JavaThread "C2 CompilerThread2" daemon [_thread_in_native, id=1092, stack(0x0000000027730000,0x0000000027830000)]
  0x0000000026420800 JavaThread "C2 CompilerThread1" daemon [_thread_blocked, id=4836, stack(0x0000000027630000,0x0000000027730000)]
  0x0000000026422800 JavaThread "C2 CompilerThread0" daemon [_thread_blocked, id=6004, stack(0x0000000027530000,0x0000000027630000)]
  0x0000000026424000 JavaThread "Attach Listener" daemon [_thread_blocked, id=4800, stack(0x0000000027230000,0x0000000027530000)]
  0x0000000026426000 JavaThread "Signal Dispatcher" daemon [_thread_blocked, id=5048, stack(0x0000000026f30000,0x0000000027230000)]
  0x00000000263a7800 JavaThread "Surrogate Locker Thread (Concurrent GC)" daemon [_thread_blocked, id=5244, stack(0x0000000026c30000,0x0000000026f30000)]
  0x00000000215c3800 JavaThread "Finalizer" daemon [_thread_blocked, id=3340, stack(0x0000000026930000,0x0000000026c30000)]
  0x00000000215b1800 JavaThread "Reference Handler" daemon [_thread_blocked, id=3496, stack(0x0000000026630000,0x0000000026930000)]
  0x0000000019fcb000 JavaThread "main" [_thread_blocked, id=1132, stack(0x000000001a150000,0x000000001a250000)]

Other Threads:
  0x0000000021582000 VMThread [stack: 0x0000000026530000,0x0000000026630000] [id=3468]
  0x0000000026517800 WatcherThread [stack: 0x0000000027d30000,0x0000000027e30000] [id=3684]

VM state:not at safepoint (normal execution)

VM Mutex/Monitor currently owned by a thread: None

Heap
 par new generation   total 55296K, used 26647K [0x0000000778000000, 0x000000077bc00000, 0x000000077bc00000)
  eden space 49152K,  41% used [0x0000000778000000, 0x0000000779405cb8, 0x000000077b000000)
  from space 6144K, 100% used [0x000000077b000000, 0x000000077b600000, 0x000000077b600000)
  to   space 6144K,   0% used [0x000000077b600000, 0x000000077b600000, 0x000000077bc00000)
 concurrent mark-sweep generation total 69632K, used 11595K [0x000000077bc00000, 0x0000000780000000, 0x00000007f8000000)
 concurrent-mark-sweep perm gen total 131072K, used 28570K [0x00000007f8000000, 0x0000000800000000, 0x0000000800000000)

Card table byte_map: [0x0000000020cf0000,0x0000000021140000] byte_map_base: 0x000000001d130000

Polling page: 0x000000001a250000

Code Cache  [0x000000001a270000, 0x000000001a920000, 0x0000000020270000)
 total_blobs=2428 nmethods=1819 adapters=525 free_code_cache=91512Kb largest_free_block=93652864

Compilation events (10 events):
Event: 9.473 Thread 0x0000000026422800 2103       4       java.awt.Component::isLightweight (8 bytes)
Event: 9.474 Thread 0x0000000026422800 nmethod 2103 0x000000001a8ede10 code [0x000000001a8edf40, 0x000000001a8edff8]
Event: 9.475 Thread 0x0000000020c70800 nmethod 2102 0x000000001a8f0bd0 code [0x000000001a8f0ec0, 0x000000001a8f2568]
Event: 9.476 Thread 0x0000000020c70800 2104       3       java.lang.AbstractStringBuilder::append (62 bytes)
Event: 9.476 Thread 0x0000000020c70800 nmethod 2104 0x000000001a8ee950 code [0x000000001a8eeb20, 0x000000001a8ef1a8]
Event: 9.477 Thread 0x0000000020c70800 2106   !   3       java.awt.Container::increaseComponentCount (124 bytes)
Event: 9.478 Thread 0x0000000020c70800 nmethod 2106 0x000000001a8fd710 code [0x000000001a8fd900, 0x000000001a8fe578]
Event: 9.478 Thread 0x0000000020c70800 2107       3       java.awt.Container::isRecursivelyVisibleUpToHeavyweightContainer (41 bytes)
Event: 9.478 Thread 0x0000000020c70800 nmethod 2107 0x000000001a8f00d0 code [0x000000001a8f0280, 0x000000001a8f09d8]
Event: 9.479 Thread 0x0000000020c70800 2109   !   3       java.awt.Container::addNotify (81 bytes)

GC Heap History (4 events):
Event: 5.778 GC heap before
{Heap before GC invocations=0 (full 0):
 par new generation   total 55296K, used 49152K [0x0000000778000000, 0x000000077bc00000, 0x000000077bc00000)
  eden space 49152K, 100% used [0x0000000778000000, 0x000000077b000000, 0x000000077b000000)
  from space 6144K,   0% used [0x000000077b000000, 0x000000077b000000, 0x000000077b600000)
  to   space 6144K,   0% used [0x000000077b600000, 0x000000077b600000, 0x000000077bc00000)
 concurrent mark-sweep generation total 69632K, used 0K [0x000000077bc00000, 0x0000000780000000, 0x00000007f8000000)
 concurrent-mark-sweep perm gen total 131072K, used 13293K [0x00000007f8000000, 0x0000000800000000, 0x0000000800000000)
Event: 5.812 GC heap after
Heap after GC invocations=1 (full 0):
 par new generation   total 55296K, used 6144K [0x0000000778000000, 0x000000077bc00000, 0x000000077bc00000)
  eden space 49152K,   0% used [0x0000000778000000, 0x0000000778000000, 0x000000077b000000)
  from space 6144K, 100% used [0x000000077b600000, 0x000000077bc00000, 0x000000077bc00000)
  to   space 6144K,   0% used [0x000000077b000000, 0x000000077b000000, 0x000000077b600000)
 concurrent mark-sweep generation total 69632K, used 943K [0x000000077bc00000, 0x0000000780000000, 0x00000007f8000000)
 concurrent-mark-sweep perm gen total 131072K, used 13293K [0x00000007f8000000, 0x0000000800000000, 0x0000000800000000)
}
Event: 8.380 GC heap before
{Heap before GC invocations=1 (full 0):
 par new generation   total 55296K, used 55296K [0x0000000778000000, 0x000000077bc00000, 0x000000077bc00000)
  eden space 49152K, 100% used [0x0000000778000000, 0x000000077b000000, 0x000000077b000000)
  from space 6144K, 100% used [0x000000077b600000, 0x000000077bc00000, 0x000000077bc00000)
  to   space 6144K,   0% used [0x000000077b000000, 0x000000077b000000, 0x000000077b600000)
 concurrent mark-sweep generation total 69632K, used 943K [0x000000077bc00000, 0x0000000780000000, 0x00000007f8000000)
 concurrent-mark-sweep perm gen total 131072K, used 23102K [0x00000007f8000000, 0x0000000800000000, 0x0000000800000000)
Event: 8.408 GC heap after
Heap after GC invocations=2 (full 0):
 par new generation   total 55296K, used 6144K [0x0000000778000000, 0x000000077bc00000, 0x000000077bc00000)
  eden space 49152K,   0% used [0x0000000778000000, 0x0000000778000000, 0x000000077b000000)
  from space 6144K, 100% used [0x000000077b000000, 0x000000077b600000, 0x000000077b600000)
  to   space 6144K,   0% used [0x000000077b600000, 0x000000077b600000, 0x000000077bc00000)
 concurrent mark-sweep generation total 69632K, used 11595K [0x000000077bc00000, 0x0000000780000000, 0x00000007f8000000)
 concurrent-mark-sweep perm gen total 131072K, used 23102K [0x00000007f8000000, 0x0000000800000000, 0x0000000800000000)
}

Deoptimization events (10 events):
Event: 8.800 Thread 0x000000002de65000 Uncommon trap -58 fr.pc 0x000000001a674814
Event: 8.949 Thread 0x000000002de65000 Uncommon trap 668 fr.pc 0x000000001a78502c
Event: 9.090 Thread 0x000000002de65000 Uncommon trap -34 fr.pc 0x000000001a45e260
Event: 9.199 Thread 0x000000002de65000 Uncommon trap -34 fr.pc 0x000000001a45e260
Event: 9.204 Thread 0x0000000019fa7000 Uncommon trap -83 fr.pc 0x000000001a7b6d48
Event: 9.258 Thread 0x000000002de65000 Uncommon trap -34 fr.pc 0x000000001a45e260
Event: 9.459 Thread 0x0000000019fa7000 Uncommon trap -34 fr.pc 0x000000001a75af40
Event: 9.462 Thread 0x0000000019fa7000 Uncommon trap -34 fr.pc 0x000000001a75af40
Event: 9.462 Thread 0x0000000019fa7000 Uncommon trap -34 fr.pc 0x000000001a75af40
Event: 9.462 Thread 0x0000000019fa7000 Uncommon trap -34 fr.pc 0x000000001a75af40

Internal exceptions (10 events):
Event: 9.456 Thread 0x0000000019fa7000 Threw 0x00000007792e3410 at C:\jdk7u1_64p\jdk7u7\hotspot\src\share\vm\prims\jvm.cpp:1166
Event: 9.456 Thread 0x0000000019fa7000 Threw 0x00000007792e53b8 at C:\jdk7u1_64p\jdk7u7\hotspot\src\share\vm\prims\jvm.cpp:1166
Event: 9.464 Thread 0x0000000019fa7000 Threw 0x00000007792ed118 at C:\jdk7u1_64p\jdk7u7\hotspot\src\share\vm\prims\jvm.cpp:1166
Event: 9.464 Thread 0x0000000019fa7000 Threw 0x00000007792ef0b0 at C:\jdk7u1_64p\jdk7u7\hotspot\src\share\vm\prims\jvm.cpp:1166
Event: 9.464 Thread 0x0000000019fa7000 Threw 0x00000007792f4370 at C:\jdk7u1_64p\jdk7u7\hotspot\src\share\vm\prims\jvm.cpp:1166
Event: 9.465 Thread 0x0000000019fa7000 Threw 0x00000007792f6b78 at C:\jdk7u1_64p\jdk7u7\hotspot\src\share\vm\prims\jvm.cpp:1166
Event: 9.465 Thread 0x0000000019fa7000 Threw 0x00000007792fb1f0 at C:\jdk7u1_64p\jdk7u7\hotspot\src\share\vm\prims\jvm.cpp:1166
Event: 9.474 Thread 0x0000000019fa7000 Threw 0x000000077930eca0 at C:\jdk7u1_64p\jdk7u7\hotspot\src\share\vm\prims\jvm.cpp:1166
Event: 9.476 Thread 0x0000000019fa7000 Threw 0x0000000779314098 at C:\jdk7u1_64p\jdk7u7\hotspot\src\share\vm\prims\jvm.cpp:1166
Event: 9.476 Thread 0x0000000019fa7000 Threw 0x0000000779316e68 at C:\jdk7u1_64p\jdk7u7\hotspot\src\share\vm\prims\jvm.cpp:1166

Events (10 events):
Event: 9.467 Executing VM operation: RevokeBias
Event: 9.467 Executing VM operation: RevokeBias done
Event: 9.474 loading class 0x000000002c57a8e0
Event: 9.474 loading class 0x000000002c57a8e0 done
Event: 9.476 loading class 0x000000002c57c740
Event: 9.476 loading class 0x000000002c57c740 done
Event: 9.476 loading class 0x000000002c57e0c0
Event: 9.476 loading class 0x000000002c57e0c0 done
Event: 9.478 Thread 0x0000000020c70800 flushing nmethod 0x000000001a6a6f50
Event: 9.479 Thread 0x0000000020c70800 flushing nmethod 0x000000001a738650


Dynamic libraries:
0x0000000140000000 - 0x000000014000e000 	C:\Xilinx\14.4\ISE_DS\PlanAhead\bin\unwrapped\win64.o\planAhead.exe
0x00007fffe8aa0000 - 0x00007fffe8c4c000 	C:\Windows\SYSTEM32\ntdll.dll
0x00007fffe7160000 - 0x00007fffe729a000 	C:\Windows\system32\KERNEL32.DLL
0x00007fffe5e00000 - 0x00007fffe5f0f000 	C:\Windows\system32\KERNELBASE.dll
0x000000000a900000 - 0x000000000a945000 	C:\Xilinx\14.4\ISE_DS\PlanAhead\lib\win64.o\SHSMP64.dll
0x0000000180000000 - 0x0000000180013000 	C:\Xilinx\14.4\ISE_DS\PlanAhead\lib\win64.o\libboost_signals.dll
0x0000000000400000 - 0x0000000000c81000 	C:\Xilinx\14.4\ISE_DS\PlanAhead\lib\win64.o\librdi_common.dll
0x00000000001f0000 - 0x0000000000206000 	C:\Xilinx\14.4\ISE_DS\PlanAhead\lib\win64.o\librdi_commonmain.dll
0x0000000000210000 - 0x00000000002fe000 	C:\Xilinx\14.4\ISE_DS\PlanAhead\lib\win64.o\stlport.5.2.dll
0x000000005eb40000 - 0x000000005ebe3000 	C:\Windows\WinSxS\amd64_microsoft.vc90.crt_1fc8b3b9a1e18e3b_9.0.30729.8387_none_08e793bfa83a89b5\MSVCR90.dll
0x00007fffe8920000 - 0x00007fffe8a91000 	C:\Windows\system32\USER32.dll
0x00007fffe6af0000 - 0x00007fffe6b95000 	C:\Windows\system32\ADVAPI32.dll
0x00007fffe3fd0000 - 0x00007fffe3fda000 	C:\Windows\SYSTEM32\VERSION.dll
0x0000000000ce0000 - 0x0000000000fc9000 	C:\Xilinx\14.4\ISE_DS\PlanAhead\lib\win64.o\libCOIN-all.dll
0x0000000000fd0000 - 0x0000000001185000 	C:\Xilinx\14.4\ISE_DS\PlanAhead\lib\win64.o\libSecurity.dll
0x0000000001190000 - 0x000000000119f000 	C:\Xilinx\14.4\ISE_DS\PlanAhead\lib\win64.o\libboost_date_time.dll
0x00000000011a0000 - 0x00000000011c7000 	C:\Xilinx\14.4\ISE_DS\PlanAhead\lib\win64.o\libboost_filesystem.dll
0x00000000011d0000 - 0x0000000001241000 	C:\Xilinx\14.4\ISE_DS\PlanAhead\lib\win64.o\libboost_program_options.dll
0x0000000001250000 - 0x00000000012ff000 	C:\Xilinx\14.4\ISE_DS\PlanAhead\lib\win64.o\libboost_regex.dll
0x0000000001300000 - 0x0000000001309000 	C:\Xilinx\14.4\ISE_DS\PlanAhead\lib\win64.o\libboost_system.dll
0x0000000001310000 - 0x0000000001326000 	C:\Xilinx\14.4\ISE_DS\PlanAhead\lib\win64.o\libboost_thread.dll
0x0000000001330000 - 0x0000000001373000 	C:\Xilinx\14.4\ISE_DS\PlanAhead\lib\win64.o\libcurl.dll
0x0000000001380000 - 0x0000000001403000 	C:\Xilinx\14.4\ISE_DS\PlanAhead\lib\win64.o\libhdlpsolve.dll
0x0000000001410000 - 0x00000000014c7000 	C:\Xilinx\14.4\ISE_DS\PlanAhead\lib\win64.o\libhdxml.dll
0x00000000014d0000 - 0x0000000001a130d3 	C:\Xilinx\14.4\ISE_DS\PlanAhead\lib\win64.o\libisl_iostreams.dll
0x0000000001a20000 - 0x0000000001a49000 	C:\Xilinx\14.4\ISE_DS\PlanAhead\lib\win64.o\libisl_sysinfo.dll
0x000000005dd90000 - 0x000000005e4af000 	C:\Xilinx\14.4\ISE_DS\PlanAhead\tps\win64\jre\bin\server\jvm.dll
0x0000000001a50000 - 0x0000000001a62000 	C:\Xilinx\14.4\ISE_DS\PlanAhead\lib\win64.o\pthreadVC.dll
0x0000000001a70000 - 0x0000000001a86000 	C:\Xilinx\14.4\ISE_DS\PlanAhead\lib\win64.o\librdiconfig.dll
0x0000000001a90000 - 0x0000000001aae000 	C:\Xilinx\14.4\ISE_DS\PlanAhead\lib\win64.o\librdizlib.dll
0x0000000010000000 - 0x000000001012a000 	C:\Xilinx\14.4\ISE_DS\PlanAhead\lib\win64.o\tcl85t.dll
0x0000000012000000 - 0x0000000012282000 	C:\Xilinx\14.4\ISE_DS\PlanAhead\lib\win64.o\xerces-c_3_1.dll
0x00007fffe6e20000 - 0x00007fffe6e27000 	C:\Windows\system32\PSAPI.DLL
0x00007fffde2f0000 - 0x00007fffde538000 	C:\Windows\SYSTEM32\WININET.dll
0x00007fffddbb0000 - 0x00007fffddc75000 	C:\Windows\SYSTEM32\WINHTTP.dll
0x00007fffde810000 - 0x00007fffde995000 	C:\Windows\SYSTEM32\urlmon.dll
0x00007fffca4f0000 - 0x00007fffca4f9000 	C:\Windows\SYSTEM32\WSOCK32.dll
0x000000005e4b0000 - 0x000000005e583000 	C:\Windows\WinSxS\amd64_microsoft.vc90.crt_1fc8b3b9a1e18e3b_9.0.30729.8387_none_08e793bfa83a89b5\MSVCP90.dll
0x00007fffe72a0000 - 0x00007fffe87b8000 	C:\Windows\system32\SHELL32.dll
0x00007fffe6fb0000 - 0x00007fffe70f4000 	C:\Windows\system32\GDI32.dll
0x00007fffe6a40000 - 0x00007fffe6ae7000 	C:\Windows\system32\msvcrt.dll
0x00007fffe6870000 - 0x00007fffe68c7000 	C:\Windows\SYSTEM32\sechost.dll
0x00007fffe6540000 - 0x00007fffe6677000 	C:\Windows\system32\RPCRT4.dll
0x00007fffe2d00000 - 0x00007fffe2d15000 	C:\Windows\SYSTEM32\NETAPI32.dll
0x00007fffe69a0000 - 0x00007fffe6a3e000 	C:\Windows\system32\COMDLG32.dll
0x00007fffe5f60000 - 0x00007fffe6001000 	C:\Windows\WinSxS\amd64_microsoft.windows.common-controls_6595b64144ccf1df_5.82.9600.16384_none_34a8918f959016ea\COMCTL32.dll
0x0000000001b50000 - 0x0000000001b5c000 	C:\Xilinx\14.4\ISE_DS\PlanAhead\lib\win64.o\libboost_chrono.dll
0x00007fffe7100000 - 0x00007fffe7158000 	C:\Windows\system32\WS2_32.dll
0x00007fffe6bc0000 - 0x00007fffe6c1c000 	C:\Windows\system32\WLDAP32.dll
0x0000000001b90000 - 0x0000000001ba9000 	C:\Xilinx\14.4\ISE_DS\PlanAhead\lib\win64.o\libboost_iostreams.dll
0x00007fffe0940000 - 0x00007fffe095f000 	C:\Windows\SYSTEM32\WINMM.dll
0x000000005ecc0000 - 0x000000005ed92000 	C:\Windows\SYSTEM32\MSVCR100.dll
0x00007fffde540000 - 0x00007fffde807000 	C:\Windows\SYSTEM32\iertutil.dll
0x00007fffe5260000 - 0x00007fffe527e000 	C:\Windows\SYSTEM32\USERENV.dll
0x00007fffe62c0000 - 0x00007fffe6496000 	C:\Windows\SYSTEM32\combase.dll
0x00007fffe6e30000 - 0x00007fffe6fa8000 	C:\Windows\system32\ole32.dll
0x00007fffe6dc0000 - 0x00007fffe6e11000 	C:\Windows\system32\SHLWAPI.dll
0x00007fffe4f70000 - 0x00007fffe4f7c000 	C:\Windows\SYSTEM32\netutils.dll
0x00007fffe58e0000 - 0x00007fffe5905000 	C:\Windows\SYSTEM32\srvcli.dll
0x00007fffe2cc0000 - 0x00007fffe2cd6000 	C:\Windows\SYSTEM32\wkscli.dll
0x00007fffe6860000 - 0x00007fffe6869000 	C:\Windows\system32\NSI.dll
0x00007fffe0900000 - 0x00007fffe092a000 	C:\Windows\SYSTEM32\WINMMBASE.dll
0x00007fffe5ce0000 - 0x00007fffe5cf4000 	C:\Windows\SYSTEM32\profapi.dll
0x00007fffe5db0000 - 0x00007fffe5dfa000 	C:\Windows\SYSTEM32\cfgmgr32.dll
0x00007fffe4b60000 - 0x00007fffe4b86000 	C:\Windows\SYSTEM32\DEVOBJ.dll
0x00007fffe48c0000 - 0x00007fffe495f000 	C:\Windows\SYSTEM32\SHCORE.DLL
0x00007fffe6500000 - 0x00007fffe6534000 	C:\Windows\system32\IMM32.DLL
0x00007fffe87c0000 - 0x00007fffe8911000 	C:\Windows\system32\MSCTF.dll
0x0000000004fe0000 - 0x00000000052d3000 	C:\Xilinx\14.4\ISE_DS\PlanAhead\lib\win64.o\librdi_commontasks.dll
0x0000000005be0000 - 0x000000000621c000 	C:\Xilinx\14.4\ISE_DS\PlanAhead\lib\win64.o\librdi_coretasks.dll
0x0000000006220000 - 0x00000000063e7000 	C:\Xilinx\14.4\ISE_DS\PlanAhead\lib\win64.o\librdi_chipscope.dll
0x00000000063f0000 - 0x000000000740d000 	C:\Xilinx\14.4\ISE_DS\PlanAhead\lib\win64.o\librdi_constraints.dll
0x0000000007410000 - 0x00000000086dc000 	C:\Xilinx\14.4\ISE_DS\PlanAhead\lib\win64.o\librdi_coregen.dll
0x000000000a950000 - 0x000000000df9f000 	C:\Xilinx\14.4\ISE_DS\PlanAhead\lib\win64.o\librdi_designutils.dll
0x00000000086e0000 - 0x00000000092b6000 	C:\Xilinx\14.4\ISE_DS\PlanAhead\lib\win64.o\librdi_device.dll
0x00000000092c0000 - 0x00000000095d4000 	C:\Xilinx\14.4\ISE_DS\PlanAhead\lib\win64.o\librdi_drc.dll
0x00000000095e0000 - 0x000000000986d000 	C:\Xilinx\14.4\ISE_DS\PlanAhead\lib\win64.o\librdi_filemgmt.dll
0x0000000009870000 - 0x0000000009c46000 	C:\Xilinx\14.4\ISE_DS\PlanAhead\lib\win64.o\librdi_netlist.dll
0x000000000dfa0000 - 0x000000000f0c3000 	C:\Xilinx\14.4\ISE_DS\PlanAhead\lib\win64.o\librdi_place.dll
0x0000000009c50000 - 0x000000000a172000 	C:\Xilinx\14.4\ISE_DS\PlanAhead\lib\win64.o\librdi_power.dll
0x000000000a180000 - 0x000000000a532000 	C:\Xilinx\14.4\ISE_DS\PlanAhead\lib\win64.o\librdi_project.dll
0x000000000f0d0000 - 0x000000000f66d000 	C:\Xilinx\14.4\ISE_DS\PlanAhead\lib\win64.o\librdi_rsb.dll
0x000000000f670000 - 0x000000000fa68000 	C:\Xilinx\14.4\ISE_DS\PlanAhead\lib\win64.o\librdi_runs.dll
0x0000000010130000 - 0x0000000010c08000 	C:\Xilinx\14.4\ISE_DS\PlanAhead\lib\win64.o\librdi_timing.dll
0x0000000003660000 - 0x00000000036ce000 	C:\Xilinx\14.4\ISE_DS\PlanAhead\lib\win64.o\liblmx6.0.dll
0x00000000036e0000 - 0x00000000036e8000 	C:\Xilinx\14.4\ISE_DS\PlanAhead\lib\win64.o\libpsta_dllwrapper.dll
0x0000000010c10000 - 0x00000000113df000 	C:\Xilinx\14.4\ISE_DS\PlanAhead\lib\win64.o\librdi_coregenipxact.dll
0x00000000113e0000 - 0x0000000011b80000 	C:\Xilinx\14.4\ISE_DS\PlanAhead\lib\win64.o\libverific.dll
0x000000000a560000 - 0x000000000a5dd000 	C:\Xilinx\14.4\ISE_DS\PlanAhead\lib\win64.o\libboost_serialization.dll
0x000000000fa70000 - 0x000000000ffb4000 	C:\Xilinx\14.4\ISE_DS\PlanAhead\lib\win64.o\librdi_xdm.dll
0x000000000a630000 - 0x000000000a6c0000 	C:\Xilinx\14.4\ISE_DS\PlanAhead\lib\win64.o\libise.dll
0x0000000012290000 - 0x000000001286c000 	C:\Xilinx\14.4\ISE_DS\PlanAhead\lib\win64.o\librdi_abc_nomp.dll
0x000000000a6c0000 - 0x000000000a7e8000 	C:\Xilinx\14.4\ISE_DS\PlanAhead\lib\win64.o\librdi_dlyest.dll
0x000000000a7f0000 - 0x000000000a80a000 	C:\Xilinx\14.4\ISE_DS\PlanAhead\lib\win64.o\librdi_hmetis.dll
0x000000005e820000 - 0x000000005e831000 	C:\Windows\WinSxS\amd64_microsoft.vc90.openmp_1fc8b3b9a1e18e3b_9.0.30729.6161_none_390d35aa0a1f21f9\VCOMP90.DLL
0x0000000012870000 - 0x0000000012e5e000 	C:\Xilinx\14.4\ISE_DS\PlanAhead\lib\win64.o\librdi_route.dll
0x0000000011b80000 - 0x0000000011daa000 	C:\Xilinx\14.4\ISE_DS\PlanAhead\lib\win64.o\librdi_labtools.dll
0x0000000012e60000 - 0x000000001339b000 	C:\Xilinx\14.4\ISE_DS\PlanAhead\lib\win64.o\librdi_memdata.dll
0x00000000133a0000 - 0x0000000014acf000 	C:\Xilinx\14.4\ISE_DS\PlanAhead\lib\win64.o\librdi_synth.dll
0x0000000014ad0000 - 0x0000000014f0e000 	C:\Xilinx\14.4\ISE_DS\PlanAhead\lib\win64.o\librdi_ip.dll
0x0000000011db0000 - 0x0000000011ded000 	C:\Xilinx\14.4\ISE_DS\PlanAhead\lib\win64.o\librdi_simbridge_kernel.dll
0x0000000014f10000 - 0x0000000015386000 	C:\Xilinx\14.4\ISE_DS\PlanAhead\lib\win64.o\librdi_wavedata.dll
0x0000000016590000 - 0x0000000018648000 	C:\Xilinx\14.4\ISE_DS\PlanAhead\lib\win64.o\librdi_tcltasks.dll
0x0000000018660000 - 0x00000000188d4000 	C:\Xilinx\14.4\ISE_DS\PlanAhead\lib\win64.o\librdi_bitstream.dll
0x00000000188e0000 - 0x00000000189b4000 	C:\Xilinx\14.4\ISE_DS\PlanAhead\lib\win64.o\librdi_dsp.dll
0x00000000189c0000 - 0x0000000018a2e000 	C:\Xilinx\14.4\ISE_DS\PlanAhead\lib\win64.o\librdi_edk.dll
0x0000000018a30000 - 0x0000000018c3e000 	C:\Xilinx\14.4\ISE_DS\PlanAhead\lib\win64.o\librdi_simdata.dll
0x0000000018f80000 - 0x00000000190d6000 	C:\Xilinx\14.4\ISE_DS\PlanAhead\lib\win64.o\librdi_planaheadtasks.dll
0x00000000190f0000 - 0x0000000019f38000 	C:\Xilinx\14.4\ISE_DS\PlanAhead\lib\win64.o\librdi_ipservicestasks.dll
0x000000005e810000 - 0x000000005e81f000 	C:\Xilinx\14.4\ISE_DS\PlanAhead\tps\win64\jre\bin\verify.dll
0x000000005e7e0000 - 0x000000005e808000 	C:\Xilinx\14.4\ISE_DS\PlanAhead\tps\win64\jre\bin\java.dll
0x000000005e7c0000 - 0x000000005e7d5000 	C:\Xilinx\14.4\ISE_DS\PlanAhead\tps\win64\jre\bin\zip.dll
0x000000005e7a0000 - 0x000000005e7b9000 	C:\Xilinx\14.4\ISE_DS\PlanAhead\tps\win64\jre\bin\net.dll
0x00007fffe5520000 - 0x00007fffe5578000 	C:\Windows\system32\mswsock.dll
0x000000005e780000 - 0x000000005e791000 	C:\Xilinx\14.4\ISE_DS\PlanAhead\tps\win64\jre\bin\nio.dll
0x0000000028030000 - 0x0000000028316000 	C:\Xilinx\14.4\ISE_DS\PlanAhead\lib\win64.o\librdi_fed.dll
0x0000000028330000 - 0x0000000028591000 	C:\Xilinx\14.4\ISE_DS\PlanAhead\lib\win64.o\librdi_guitools.dll
0x00000000285b0000 - 0x00000000285b7000 	C:\Xilinx\14.4\ISE_DS\PlanAhead\lib\win64.o\librdi_commonx11.dll
0x00000000286d0000 - 0x0000000028abe000 	C:\Xilinx\14.4\ISE_DS\PlanAhead\lib\win64.o\librdi_rsbtasks.dll
0x0000000028ad0000 - 0x0000000028d19000 	C:\Xilinx\14.4\ISE_DS\PlanAhead\lib\win64.o\librdi_labtoolstasks.dll
0x0000000028d30000 - 0x0000000028ee8000 	C:\Xilinx\14.4\ISE_DS\PlanAhead\lib\win64.o\librdi_simtcltasks.dll
0x000000005e5e0000 - 0x000000005e773000 	C:\Xilinx\14.4\ISE_DS\PlanAhead\tps\win64\jre\bin\awt.dll
0x00007fffe61f0000 - 0x00007fffe62b1000 	C:\Windows\system32\OLEAUT32.dll
0x00007fffe4830000 - 0x00007fffe48b8000 	C:\Windows\system32\apphelp.dll
0x00007fffe49c0000 - 0x00007fffe4ae1000 	C:\Windows\system32\uxtheme.dll
0x00007fffe4130000 - 0x00007fffe4150000 	C:\Windows\system32\dwmapi.dll
0x00007fffe4b90000 - 0x00007fffe4b9a000 	C:\Windows\SYSTEM32\kernel.appcore.dll
0x00007fffe5b50000 - 0x00007fffe5b5a000 	C:\Windows\SYSTEM32\CRYPTBASE.dll

VM Arguments:
jvm_args: -Dsun.java2d.pmoffscreen=false -Xverify:none -Dswing.aatext=true -XX:-UsePerfData -Djdk.map.althashing.threshold=512 -XX:PermSize=128m -XX:MaxPermSize=128m -XX:NewSize=60m -XX:MaxNewSize=60m -XX:+UseConcMarkSweepGC -XX:+UseParNewGC -XX:+CMSParallelRemarkEnabled -XX:+CMSScavengeBeforeRemark -XX:+UseNUMA -XX:+AggressiveOpts -XX:+UseFastAccessorMethods -XX:+UseFastEmptyMethods -XX:+UseBiasedLocking -XX:+TieredCompilation -Xms128m -Xmx2048m -Xss3m 
java_command: <unknown>
Launcher Type: generic

Environment Variables:
PATH=C:/Xilinx/14.4/ISE_DS/PlanAhead/bin;C:/Xilinx/14.4/ISE_DS/PlanAhead/lib/win64.o;C:/Xilinx/14.4/ISE_DS/PlanAhead/tps/win64/jre/bin/server;C:/Xilinx/14.4/ISE_DS/PlanAhead/tps/win64/jre/bin;C:/Xilinx/14.4/ISE_DS/EDK/bin/nt64;C:/Xilinx/14.4/ISE_DS/EDK/lib/nt64;C:/Xilinx/14.4/ISE_DS/ISE/bin/nt64;C:/Xilinx/14.4/ISE_DS/ISE/lib/nt64;C:/Xilinx/14.4/ISE_DS/common/bin/nt64;C:/Xilinx/14.4/ISE_DS/common/lib/nt64;C:\Xilinx\14.4\ISE_DS\ISE\\lib\nt64;C:\Xilinx\14.4\ISE_DS\ISE\\bin\nt64;C:\Xilinx\Vivado_HLS\2012.4\bin;C:\Xilinx\14.4\ISE_DS\ISE\bin\nt64;C:\Xilinx\14.4\ISE_DS\ISE\lib\nt64;C:\Xilinx\14.4\ISE_DS\ISE\..\..\..\DocNav;C:\Xilinx\Vivado\2012.4\bin;C:\Xilinx\14.4\ISE_DS\PlanAhead\bin;C:\Xilinx\14.4\ISE_DS\EDK\bin\nt64;C:\Xilinx\14.4\ISE_DS\EDK\lib\nt64;C:\Xilinx\14.4\ISE_DS\EDK\gnu\microblaze\nt64\bin;C:\Xilinx\14.4\ISE_DS\EDK\gnu\powerpc-eabi\nt64\bin;C:\Xilinx\14.4\ISE_DS\EDK\gnuwin\bin;C:\Xilinx\14.4\ISE_DS\EDK\gnu\arm\nt\bin;C:\Xilinx\14.4\ISE_DS\EDK\gnu\microblaze\linux_toolchain\nt64_be\bin;C:\Xilinx\14.4\ISE_DS\EDK\gnu\microblaze\linux_toolchain\nt64_le\bin;C:\Xilinx\14.4\ISE_DS\common\bin\nt64;C:\Xilinx\14.4\ISE_DS\common\lib\nt64;C:\ProgramData\Oracle\Java\javapath;C:\Program Files (x86)\NVIDIA Corporation\PhysX\Common;C:\Windows\system32;C:\Windows;C:\Windows\System32\Wbem;C:\Windows\System32\WindowsPowerShell\v1.0\;C:\Program Files (x86)\Intel\OpenCL SDK\2.0\bin\x86;C:\Program Files (x86)\Intel\OpenCL SDK\2.0\bin\x64;C:\PROGRA~2\Aldec\ACTIVE~1.3\BIN;D:\bin
USERNAME=Berekmeri
OS=Windows_NT
PROCESSOR_IDENTIFIER=Intel64 Family 6 Model 58 Stepping 9, GenuineIntel



---------------  S Y S T E M  ---------------

OS: Windows 8 , 64 bit Build 9200 

CPU:total 8 (4 cores per cpu, 2 threads per core) family 6 model 58 stepping 9, cmov, cx8, fxsr, mmx, sse, sse2, sse3, ssse3, sse4.1, sse4.2, popcnt, avx, ht, tsc, tscinvbit, tscinv

Memory: 4k page, physical 8246884k(6033388k free), swap 9557604k(6665692k free)

vm_info: Java HotSpot(TM) 64-Bit Server VM (23.3-b01) for windows-amd64 JRE (1.7.0_07-b11), built on Sep  7 2012 01:19:25 by "java_re" with unknown MS VC++:1600

time: Wed Apr 08 10:19:23 2015
elapsed time: 9 seconds

