acom -reorder $DSN/src/XOR_NXOR_STRUCTURAL.vhd
# Compile with File Reorder...
# File: d:\designshdl\CLV_2008\XOR_NXOR_STRUCTURAL\src\XOR_NXOR_STRUCTURAL.vhd
# Error: COMP96_0015: XOR_NXOR_STRUCTURAL.vhd : (5, 1): ';' expected.
# Error: COMP96_0016: XOR_NXOR_STRUCTURAL.vhd : (5, 8): Design unit declaration expected.
# Error: COMP96_0016: XOR_NXOR_STRUCTURAL.vhd : (5, 17): Design unit declaration expected.
# Compile Architecture "arh" of Entity "XOR_GATE"
# Error: COMP96_0056: XOR_NXOR_STRUCTURAL.vhd : (10, 1): Cannot find referenced entity declaration "XOR_GATE".
# Compile failure 4 Errors 0 Warnings  Analysis time :  0.0 [s]
acom -reorder $DSN/src/XOR_NXOR_STRUCTURAL.vhd
# Compile with File Reorder...
# File: d:\designshdl\CLV_2008\XOR_NXOR_STRUCTURAL\src\XOR_NXOR_STRUCTURAL.vhd
# Compile Entity "XOR_GATE"
# Compile Architecture "arh" of Entity "XOR_GATE"
# Top-Level unit detected
# Entity  =>   XOR_GATE
# Compile success 0 Errors 0 Warnings  Analysis time :  0.2 [s]
# ELBREAD: Elaboration process.
# ELBREAD: Elaboration time 0.0 [s].
acom $DSN/src/XOR_NXOR_STRUCTURAL.vhd
# Compile...
# File: d:\designshdl\CLV_2008\XOR_NXOR_STRUCTURAL\src\XOR_NXOR_STRUCTURAL.vhd
# Compile Entity "XOR_GATE"
# Entity `XOR_GATE' has been skipped - no difference detected.
# Compile Architecture "arh" of Entity "XOR_GATE"
# Compile Entity "NXOR_GATE"
# Compile Architecture "arh" of Entity "NXOR_GATE"
# Compile success 0 Errors 0 Warnings  Analysis time :  0.2 [s]
asim -advdataflow  xor_gate arh
# ELBREAD: Elaboration process.
# ELBREAD: Elaboration time 0.0 [s].
# asim: Stack memory: 32MB
# asim: Retval memory: 32MB
# KERNEL: Main thread initiated.
# KERNEL: Kernel process initialization phase.
# KERNEL: Time resolution set to 1ps.
# ELAB2: Elaboration final pass...
# ELAB2: Create instances ...
# ELAB2: Create instances complete.
# ELAB2: Elaboration final pass complete - time: 0.3 [s].
# KERNEL: Kernel process initialization done.
# Allocation: Simulator allocated 2415 kB (elbread=1070 elab2=297 kernel=1048 sdf=0)
# 11:26 AM, Saturday, May 20, 2017
# Simulation has been initialized
# Selected Top-Level: xor_gate (arh)
run 100 ns
# KERNEL: stopped at time: 100 ns
# KERNEL: Simulation has finished. There are no more test vectors to simulate.
run 100 ns
# KERNEL: stopped at time: 200 ns
# KERNEL: Simulation has finished. There are no more test vectors to simulate.
run 100 ns
# KERNEL: stopped at time: 300 ns
# KERNEL: Simulation has finished. There are no more test vectors to simulate.
run 100 ns
# KERNEL: stopped at time: 400 ns
# KERNEL: Simulation has finished. There are no more test vectors to simulate.
run 100 ns
# KERNEL: stopped at time: 500 ns
# KERNEL: Simulation has finished. There are no more test vectors to simulate.
run 100 ns
# KERNEL: stopped at time: 600 ns
# KERNEL: Simulation has finished. There are no more test vectors to simulate.
run 100 ns
# KERNEL: stopped at time: 700 ns
# KERNEL: Simulation has finished. There are no more test vectors to simulate.
# Simulation has been stopped
# Design: 11:29 AM, Saturday, May 20, 2017
# Design: Opening design "d:\designshdl\CLV_2008\BCD_GRAY\BCD_GRAY.adf"
# ELBREAD: Elaboration process.
# ELBREAD: Elaboration time 0.0 [s].
# Design: Design "BCD_GRAY" has been set as active.
