
                 *********************************************
                 *                                           *
                 *             A I M - S p i c e             *
                 *                                           *
                 *             Student Version 5.2          *
                 *                                           *
                 *********************************************

	Date: Fri Jan 08 09:26:01 2016
	Circuit File: D:\CTI2-1\AN2 AC\SEMESTRUL 1\CAN\colocviu\puiu\Colocviu\Stabilizator cu reactie fara amplificator de eoare.cir
	Analysis: Transient

**************************  Circuit Description  **************************

     1:  Stabilizator cu reactie fara amplificator de eoare
     2:  d1 1 outr dioda
     3:  d2 0 1 dioda
     4:  d3 0 3 dioda
     5:  d4 3 outr dioda 
     6:  d5 0 vz zener
     7:  c1 outr 0 1m
     8:  rb outr vz 220
     9:  rs out 0 100
    10:  q1 outr vz out tranzistor
    11:  vin 1 3 sin(0 10 50 0 0)
    12:  .model zener d bv=5.6
    13:  .model dioda d tt=1e-9
    14:  .model tranzistor npn tr=1e-9 tf=1e-9
    15:  .tran 1e-6 4e-2

***************************  Model Parameters  ****************************


***************  Device Parameters (Only for .op analysis)  ***************



**************************  Analysis Parameters  **************************

	Stepsize ............ : 1e-6
	Final time .......... : 4e-2
	Use Initial Conditions: Off



**************  Options (Only those different from default)  **************



*************************  Simulation Statistics  *************************

	Total number of iterations.....................: 374
	Number of iterations for transient analysis....: 342
	Total number of timepoints.....................: 102
	Number of timepoints accepted..................: 88
	Number of timepoints rejected..................: 14
	Total analysis time (sec)......................: 0.015
	Transient analysis time (sec)..................: 0.014
	Time spent in device loading (sec).............: 0
	Time spent in L-U decomposition (sec)..........: 0
	Time spent in matrix reordering (sec)..........: 0
	Time spent in matrix solving (sec).............: 0
	Time spent in transient L-U decomposition (sec): 0
	Time spent in transient matrix solving (sec)...: 0

***************************  Kernel Messages  *****************************

Circuit: Stabilizator cu reactie fara amplificator de eoare

Warning: vin: no DC value, transient time 0 value used

