
                 *********************************************
                 *                                           *
                 *             A I M - S p i c e             *
                 *                                           *
                 *             Student Version 4.3          *
                 *                                           *
                 *********************************************

	Date: Thu Jan 11 18:08:18 2007
	Circuit File: C:\Documents and Settings\Adrian Cosinschi\My Documents\Anul2\Analogic&digital circuits\Laborator\Colocviu\transGateBis.cir
	Analysis: Transient

**************************  Circuit Description  **************************

     1:  cmos trans gate bis
     2:  .subckt trans in a out vdd vss
     3:  Mp out na in vdd pmos_t L=1U W=1U
     4:  Mn in a out vss nmos_t L=1U W=1U
     5:  X1 a na vdd vss inverter
     6:  .ends
     7:  
     8:  .subckt inverter in out vdd vss
     9:  Mp out in vdd vdd pmos_t L=1U W=1U
    10:  Mn out in vss vss nmos_t L=1U W=1U
    11:  .ends
    12:  
    13:  .Model pmos_t PMOS VTO=-1.5
    14:  .Model nmos_t NMOS VTO=1.5
    15:  
    16:  X1 in1 a out vdd vss trans
    17:  X2 in2 b out vdd vss trans
    18:  X3 out na 1 vdd vss trans
    19:  X4 1 nb vss vdd vss trans
    20:  X5 a na vdd vss inverter
    21:  X6 b nb vdd vss inverter
    22:  
    23:  Vdd vdd 0 DC 5
    24:  Vss vss 0 DC 0
    25:  
    26:  Vin1 in1 0 DC 5
    27:  Vin2 in2 0 DC 5
    28:  Va a 0 Pulse(0, 5, 0, 1e-10, 1e-10, 1e-9, 2e-9)
    29:  Vb b 0 Pulse(0, 5, 0, 1e-10, 1e-10, 2e-9, 4e-9)
    30:  !Vna na 0 Pulse(5, 0, 0, 1e-10, 1e-10, 1e-9, 2e-9)
    31:  !Vnb nb 0 Pulse(5, 0, 0, 1e-10, 1e-10, 2e-9, 4e-9)
    32:  
    33:  .tran 1e-11 5e-9

***************************  Device Parameters  ***************************



**************************  Analysis Parameters  **************************

	Stepsize ............ : 1e-11
	Final time .......... : 5e-9
	Use Initial Conditions: Off



**************  Options (Only those different from default)  **************



*************************  Simulation Statistics  *************************

	Total number of iterations.....................: 747
	Number of iterations for transient analysis....: 737
	Total number of timepoints.....................: 197
	Number of timepoints accepted..................: 172
	Number of timepoints rejected..................: 25
	Total analysis time (sec)......................: 0.062
	Transient analysis time (sec)..................: 0.062
	Time spent in device loading (sec).............: 0.046
	Time spent in L-U decomposition (sec)..........: 0
	Time spent in matrix reordering (sec)..........: 0
	Time spent in matrix solving (sec).............: 0
	Time spent in transient L-U decomposition (sec): 0
	Time spent in transient matrix solving (sec)...: 0

***************************  Kernel Messages  *****************************

Circuit: cmos trans gate bis

Warning: vb: no DC value, transient time 0 value used
Warning: va: no DC value, transient time 0 value used

