
                 *********************************************
                 *                                           *
                 *             A I M - S p i c e             *
                 *                                           *
                 *             Student Version 3.8           *
                 *                                           *
                 *********************************************

	Date: Thu Apr 17 15:53:39 2003
	Circuit File: C:\Ali\labs\L7\TTL_OC.CIR
	Analysis: Transient

**************************  Circuit Description  **************************

     1:  Studiul circuitelor OPEN COLECTOR - colector in gol
     2:  *circuitul este similar unei porti simple TTL, cu etajul de iesire suprimat partial
     3:  *la aceste circuite este obligatoriu conectarea unei rezistente externe!!!
     4:  
     5:  .subckt sinu ina inb out alim masa
     6:  r1 2 alim 4k
     7:  r2 4 alim 1.6k
     8:  r3 3 masa 1k
     9:  q11 1 2 ina tranz
    10:  q12 1 2 inb tranz
    11:  q2 4 1 3 tranz
    12:  q4 out 3 masa tranz
    13:  d1 masa ina dioda
    14:  d2 masa inb dioda
    15:  .model dioda D
    16:  .model tranz npn
    17:  .ends
    18:  
    19:  x1 in1 in1 nc 1 0 sinu
    20:  x2 in2 in2 nc 1 0 sinu 
    21:  Vcc 1 0 dc 5
    22:  v1 in1 0 dc 5 pulse(0 5 0 .1 .1 1 2)
    23:  v2 in2 0 dc 5 pulse(0 5 .3 .1 .1 1 2)
    24:  Rc NC 1 10k
    25:  
    26:  *se poate lega a doua poarta pe care s-o comand!!!
    27:  x3 nc 1 out2 1 0 sinu
    28:  *de observat ca pt. a doua poarta trebuie sa modific si rezistenta!
    29:  *Rc NC NC 1.5k
    30:  *si mai trebuie sa adaug o rezistenta la iesirea celei de-a doua porti!
    31:  *Rc2 out2 1 1.5k
    32:  
    33:  .tran 1e-3 5 0 1e-3

***************************  Device Parameters  ***************************



**************************  Analysis Parameters  **************************

	Stepsize ............ : 1e-3
	Final time .......... : 5
	Display start time .. : 0
	Maximum step size ... : 1e-3
	Use Initial Conditions: Off



**************  Options (Only those different from default)  **************



*************************  Simulation Statistics  *************************

	Total number of iterations.....................: 10659
	Number of iterations for transient analysis....: 10635
	Total number of timepoints.....................: 5101
	Number of timepoints accepted..................: 5090
	Number of timepoints rejected..................: 11
	Total analysis time (sec)......................: 6.2
	Transient analysis time (sec)..................: 6.2
	Time spent in device loading (sec).............: 2.51
	Time spent in L-U decomposition (sec)..........: 0.86
	Time spent in matrix solving (sec).............: 0.55
	Time spent in transient L-U decomposition (sec): 0.86
	Time spent in transient matrix solving (sec)...: 0.55

***************************  Kernel Messages  *****************************

Circuit: Studiul circuitelor OPEN COLECTOR - colector in gol


