Active-HDL 9.1.2353.4205  2015-11-01 14:16:24

Elaboration top modules:
Architecture                  hexa(hexa)


------------------------------------------------------------------------------------------
Entity   | Architecture | Library | Info | Compiler Version         | Compilation Options
------------------------------------------------------------------------------------------
hexa     | hexa         | hexa    |      | 9.1.2353.4205  (Windows) | -O3
------------------------------------------------------------------------------------------

------------------------------------------------------------------------------------------
VHDL Package            | Library | Info | Compiler Version         | Compilation Options
------------------------------------------------------------------------------------------
standard                | std     |      |                          | <unavailable>
TEXTIO                  | std     |      | 9.1.2353.4205  (Windows) |  -2008
std_logic_1164          | ieee    |      | 9.1.2353.4205  (Windows) |  -2008
------------------------------------------------------------------------------------------

------------------------------------------------------------------------------------------
Library                 | Comment
------------------------------------------------------------------------------------------
hexa                    | None
ieee                    | Standard IEEE packages library
std                     | Standard VHDL library
------------------------------------------------------------------------------------------
