acom -reorder $DSN/src/D_FF.vhd
# Compile with File Reorder...
# File: D:\designshdl\CLV_2008\D_FF\src\D_FF.vhd
# Compile Entity "D_FF"
# Compile Architecture "arh" of Entity "D_FF"
# Error: COMP96_0143: D_FF.vhd : (14, 4): Object "clock" may not be written
# Error: COMP96_0242: D_FF.vhd : (15, 4): Wait statement in process with explicit sensitivity list is not allowed.
# Error: COMP96_0143: D_FF.vhd : (16, 4): Object "clock" may not be written
# Error: COMP96_0242: D_FF.vhd : (17, 4): Wait statement in process with explicit sensitivity list is not allowed.
# Top-Level unit detected
# Entity  =>   D_FF
# Compile failure 4 Errors 0 Warnings  Analysis time :  0.1 [s]
acom $DSN/src/D_FF.vhd
# Compile...
# File: D:\designshdl\CLV_2008\D_FF\src\D_FF.vhd
# Compile Entity "D_FF"
# Compile Architecture "arh" of Entity "D_FF"
# Error: COMP96_0018: D_FF.vhd : (11, 1): Identifier expected.
# Compile failure 1 Errors 0 Warnings  Analysis time :  0.0 [s]
acom $DSN/src/D_FF.vhd
# Compile...
# File: D:\designshdl\CLV_2008\D_FF\src\D_FF.vhd
# Compile Entity "D_FF"
# Compile Architecture "arh" of Entity "D_FF"
# Error: COMP96_0143: D_FF.vhd : (14, 4): Object "clock" may not be written
# Error: COMP96_0242: D_FF.vhd : (15, 4): Wait statement in process with explicit sensitivity list is not allowed.
# Error: COMP96_0143: D_FF.vhd : (16, 4): Object "clock" may not be written
# Error: COMP96_0242: D_FF.vhd : (17, 4): Wait statement in process with explicit sensitivity list is not allowed.
# Compile failure 4 Errors 0 Warnings  Analysis time :  0.0 [s]
acom $DSN/src/D_FF.vhd
# Compile...
# File: D:\designshdl\CLV_2008\D_FF\src\D_FF.vhd
# Compile Entity "D_FF"
# Compile Architecture "arh" of Entity "D_FF"
# Error: COMP96_0018: D_FF.vhd : (10, 15): Identifier expected.
# Compile failure 1 Errors 0 Warnings  Analysis time :  0.0 [s]
acom $DSN/src/D_FF.vhd
# Compile...
# File: D:\designshdl\CLV_2008\D_FF\src\D_FF.vhd
# Compile Entity "D_FF"
# Entity `D_FF' has been skipped - no difference detected.
# Compile Architecture "arh" of Entity "D_FF"
# Error: COMP96_0242: D_FF.vhd : (16, 4): Wait statement in process with explicit sensitivity list is not allowed.
# Error: COMP96_0242: D_FF.vhd : (18, 4): Wait statement in process with explicit sensitivity list is not allowed.
# Compile failure 2 Errors 0 Warnings  Analysis time :  0.0 [s]
acom $DSN/src/D_FF.vhd
# Compile...
# File: D:\designshdl\CLV_2008\D_FF\src\D_FF.vhd
# Compile Entity "D_FF"
# Entity `D_FF' has been skipped - no difference detected.
# Compile Architecture "arh" of Entity "D_FF"
# Compile success 0 Errors 0 Warnings  Analysis time :  0.1 [s]
acom $DSN/src/D_FF.vhd
# Compile...
# File: D:\designshdl\CLV_2008\D_FF\src\D_FF.vhd
# Compile Entity "D_FF"
# Compile Architecture "arh" of Entity "D_FF"
# Error: COMP96_0143: D_FF.vhd : (15, 4): Object "clock" may not be written
# Error: COMP96_0143: D_FF.vhd : (17, 4): Object "clock" may not be written
# Compile failure 2 Errors 0 Warnings  Analysis time :  0.0 [s]
acom $DSN/src/D_FF.vhd
# Compile...
# File: D:\designshdl\CLV_2008\D_FF\src\D_FF.vhd
# Compile Entity "D_FF"
# Compile Architecture "arh" of Entity "D_FF"
# Compile success 0 Errors 0 Warnings  Analysis time :  0.1 [s]
# ELBREAD: Elaboration process.
# ELBREAD: Elaboration time 0.0 [s].
asim -advdataflow  d_ff arh
# ELBREAD: Elaboration process.
# ELBREAD: Elaboration time 0.0 [s].
# asim: Stack memory: 32MB
# asim: Retval memory: 32MB
# KERNEL: Main thread initiated.
# KERNEL: Kernel process initialization phase.
# KERNEL: Time resolution set to 1ps.
# ELAB2: Elaboration final pass...
# ELAB2: Create instances ...
# ELAB2: Create instances complete.
# ELAB2: Elaboration final pass complete - time: 0.3 [s].
# KERNEL: Kernel process initialization done.
# Allocation: Simulator allocated 2418 kB (elbread=1070 elab2=299 kernel=1049 sdf=0)
# 7:36 PM, Saturday, May 20, 2017
# Simulation has been initialized
# Selected Top-Level: d_ff (arh)
run 100 ns
# KERNEL: stopped at time: 100 ns
run 100 ns
# KERNEL: stopped at time: 200 ns
run 100 ns
# KERNEL: stopped at time: 300 ns
run 100 ns
# KERNEL: stopped at time: 400 ns
run 100 ns
# KERNEL: stopped at time: 500 ns
run 100 ns
# KERNEL: stopped at time: 600 ns
run 100 ns
# KERNEL: stopped at time: 700 ns
run 100 ns
# KERNEL: stopped at time: 800 ns
run 100 ns
# KERNEL: stopped at time: 900 ns
run 100 ns
# KERNEL: stopped at time: 1 us
run 100 ns
# KERNEL: stopped at time: 1100 ns
run 100 ns
# KERNEL: stopped at time: 1200 ns
run 100 ns
# KERNEL: stopped at time: 1300 ns
run 100 ns
# KERNEL: stopped at time: 1400 ns
run 100 ns
# KERNEL: stopped at time: 1500 ns
run 100 ns
# KERNEL: stopped at time: 1600 ns
run 100 ns
# KERNEL: stopped at time: 1700 ns
run 100 ns
# KERNEL: stopped at time: 1800 ns
run 100 ns
# KERNEL: stopped at time: 1900 ns
run 100 ns
# KERNEL: stopped at time: 2 us
run 100 ns
# KERNEL: stopped at time: 2100 ns
run 100 ns
# KERNEL: stopped at time: 2200 ns
run 100 ns
# KERNEL: stopped at time: 2300 ns
run 100 ns
# KERNEL: stopped at time: 2400 ns
run 100 ns
# KERNEL: stopped at time: 2500 ns
run 100 ns
# KERNEL: stopped at time: 2600 ns
run 100 ns
# KERNEL: stopped at time: 2700 ns
run 100 ns
# KERNEL: stopped at time: 2800 ns
run 100 ns
# KERNEL: stopped at time: 2900 ns
run 100 ns
# KERNEL: stopped at time: 3 us
# Simulation has been stopped
# Design: Design "JK_FF" has been set as active.
