acom -reorder $DSN/src/DECODIFICATOR_BCD_BINAR.vhd
# Compile with File Reorder...
# File: d:\designshdl\CLV_2008\DECODIFICATOR_BCD_BINAR\src\DECODIFICATOR_BCD_BINAR.vhd
# Compile Entity "DECODIFICATOR_BCD_BINAR"
# Compile Architecture "arh" of Entity "DECODIFICATOR_BCD_BINAR"
# Top-Level unit detected
# Entity  =>   DECODIFICATOR_BCD_BINAR
# Compile success 0 Errors 0 Warnings  Analysis time :  0.1 [s]
# ELBREAD: Elaboration process.
# ELBREAD: Elaboration time 0.0 [s].
asim -advdataflow  decodificator_bcd_binar arh
# ELBREAD: Elaboration process.
# ELBREAD: Elaboration time 0.0 [s].
# asim: Stack memory: 32MB
# asim: Retval memory: 32MB
# KERNEL: Main thread initiated.
# KERNEL: Kernel process initialization phase.
# KERNEL: Time resolution set to 1ps.
# ELAB2: Elaboration final pass...
# ELAB2: Create instances ...
# ELAB2: Create instances complete.
# ELAB2: Elaboration final pass complete - time: 0.3 [s].
# KERNEL: Kernel process initialization done.
# Allocation: Simulator allocated 2421 kB (elbread=1070 elab2=302 kernel=1049 sdf=0)
# 2:09 PM, Saturday, May 20, 2017
# Simulation has been initialized
# Selected Top-Level: decodificator_bcd_binar (arh)
run 100 ns
# KERNEL: stopped at time: 100 ns
# KERNEL: Simulation has finished. There are no more test vectors to simulate.
run 100 ns
# KERNEL: stopped at time: 200 ns
# KERNEL: Simulation has finished. There are no more test vectors to simulate.
run 100 ns
# KERNEL: stopped at time: 300 ns
# KERNEL: Simulation has finished. There are no more test vectors to simulate.
run 100 ns
# KERNEL: stopped at time: 400 ns
# KERNEL: Simulation has finished. There are no more test vectors to simulate.
run 100 ns
# KERNEL: stopped at time: 500 ns
# KERNEL: Simulation has finished. There are no more test vectors to simulate.
run 100 ns
# KERNEL: stopped at time: 600 ns
# KERNEL: Simulation has finished. There are no more test vectors to simulate.
run 100 ns
# KERNEL: stopped at time: 700 ns
# KERNEL: Simulation has finished. There are no more test vectors to simulate.
endsim
# All when statements cleared.
# Simulation has been stopped
# Design: 2:25 PM, Saturday, May 20, 2017
# Design: Opening design "d:\designshdl\CLV_2008\MUX_8_LA_1_GENERIC\MUX_8_LA_1_GENERIC.adf"
# ELBREAD: Elaboration process.
# ELBREAD: Elaboration time 0.0 [s].
# Design: Design "MUX_8_LA_1_GENERIC" has been set as active.
