acom -reorder $DSN/src/pseudoo.vhd
# Compile with File Reorder...
# File: D:\designshdl\CRET\pseudoo\src\pseudoo.vhd
# Error: COMP96_0015: pseudoo.vhd : (2, 1): ';' expected.
# Error: COMP96_0016: pseudoo.vhd : (2, 5): Design unit declaration expected.
# Error: COMP96_0016: pseudoo.vhd : (2, 9): Design unit declaration expected.
# Compile Entity "xor_gate"
# Error: COMP96_0015: pseudoo.vhd : (8, 19): ';' expected.
# Error: COMP96_0019: pseudoo.vhd : (8, 20): Keyword "end" expected.
# Error: COMP96_0016: pseudoo.vhd : (9, 1): Design unit declaration expected.
# Compile Entity "xor_gate"
# Error: COMP96_0019: pseudoo.vhd : (9, 20): Keyword "is" expected.
# Error: COMP96_0019: pseudoo.vhd : (9, 20): Keyword "end" expected.
# Error: COMP96_0016: pseudoo.vhd : (11, 1): Design unit declaration expected.
# Error: COMP96_0019: pseudoo.vhd : (14, 21): Keyword "of" expected.
# Error: COMP96_0018: pseudoo.vhd : (14, 21): Identifier expected.
# Error: COMP96_0015: pseudoo.vhd : (17, 1): ';' expected.
# Error: COMP96_0016: pseudoo.vhd : (17, 5): Design unit declaration expected.
# Error: COMP96_0016: pseudoo.vhd : (17, 9): Design unit declaration expected.
# Compile Entity "reg"
# Error: COMP96_0015: pseudoo.vhd : (24, 19): ';' expected.
# Error: COMP96_0019: pseudoo.vhd : (24, 25): Keyword "end" expected.
# Error: COMP96_0015: pseudoo.vhd : (24, 25): ';' expected.
# Error: COMP96_0016: pseudoo.vhd : (24, 26): Design unit declaration expected.
# Compile Entity "reg"
# Error: COMP96_0019: pseudoo.vhd : (25, 15): Keyword "is" expected.
# Error: COMP96_0019: pseudoo.vhd : (25, 15): Keyword "end" expected.
# Compile Architecture "arh" of Entity "reg"
# Error: COMP96_0056: pseudoo.vhd : (27, 1): Cannot find referenced entity declaration "reg".
# Error: COMP96_0015: pseudoo.vhd : (42, 1): ';' expected.
# Error: COMP96_0016: pseudoo.vhd : (42, 5): Design unit declaration expected.
# Error: COMP96_0016: pseudoo.vhd : (42, 9): Design unit declaration expected.
# Compile Entity "random"
# Error: COMP96_0078: pseudoo.vhd : (43, 5): Unknown identifier "iee".
# Error: COMP96_0055: pseudoo.vhd : (43, 5): Cannot find referenced context element.
# Error: COMP96_0078: pseudoo.vhd : (44, 5): Unknown identifier "ieee".
# Error: COMP96_0055: pseudoo.vhd : (44, 5): Cannot find referenced context element.
# Error: COMP96_0078: pseudoo.vhd : (47, 23): Unknown identifier "std_logic".
# Error: COMP96_0064: pseudoo.vhd : (47, 23): Unknown type.
# Error: COMP96_0078: pseudoo.vhd : (48, 11): Unknown identifier "std_logic_vector".
# Error: COMP96_0064: pseudoo.vhd : (48, 11): Unknown type.
# Error: COMP96_0078: pseudoo.vhd : (49, 11): Unknown identifier "std_logic_vector".
# Error: COMP96_0064: pseudoo.vhd : (49, 11): Unknown type.
# Compile Architecture "arh" of Entity "random"
# Error: COMP96_0015: pseudoo.vhd : (56, 19): ';' expected.
# Error: COMP96_0019: pseudoo.vhd : (57, 23): Keyword "end" expected.
# Error: COMP96_0015: pseudoo.vhd : (62, 19): ';' expected.
# Error: COMP96_0019: pseudoo.vhd : (63, 18): Keyword "end" expected.
# Compile failure 38 Errors 0 Warnings  Analysis time :  0.0 [s]
acom -reorder $DSN/src/pseudoo.vhd
# Compile with File Reorder...
# File: D:\designshdl\CRET\pseudoo\src\pseudoo.vhd
# Compile Entity "xor_gate"
# Error: COMP96_0015: pseudoo.vhd : (8, 19): ';' expected.
# Error: COMP96_0019: pseudoo.vhd : (8, 20): Keyword "end" expected.
# Error: COMP96_0016: pseudoo.vhd : (9, 1): Design unit declaration expected.
# Compile Entity "xor_gate"
# Error: COMP96_0019: pseudoo.vhd : (9, 20): Keyword "is" expected.
# Error: COMP96_0019: pseudoo.vhd : (9, 20): Keyword "end" expected.
# Error: COMP96_0016: pseudoo.vhd : (11, 1): Design unit declaration expected.
# Error: COMP96_0019: pseudoo.vhd : (14, 21): Keyword "of" expected.
# Error: COMP96_0018: pseudoo.vhd : (14, 21): Identifier expected.
# Error: COMP96_0015: pseudoo.vhd : (17, 1): ';' expected.
# Error: COMP96_0016: pseudoo.vhd : (17, 5): Design unit declaration expected.
# Error: COMP96_0016: pseudoo.vhd : (17, 9): Design unit declaration expected.
# Compile Entity "reg"
# Error: COMP96_0015: pseudoo.vhd : (24, 19): ';' expected.
# Error: COMP96_0019: pseudoo.vhd : (24, 25): Keyword "end" expected.
# Error: COMP96_0015: pseudoo.vhd : (24, 25): ';' expected.
# Error: COMP96_0016: pseudoo.vhd : (24, 26): Design unit declaration expected.
# Compile Entity "reg"
# Error: COMP96_0019: pseudoo.vhd : (25, 15): Keyword "is" expected.
# Error: COMP96_0019: pseudoo.vhd : (25, 15): Keyword "end" expected.
# Compile Architecture "arh" of Entity "reg"
# Error: COMP96_0056: pseudoo.vhd : (27, 1): Cannot find referenced entity declaration "reg".
# Error: COMP96_0015: pseudoo.vhd : (42, 1): ';' expected.
# Error: COMP96_0016: pseudoo.vhd : (42, 5): Design unit declaration expected.
# Error: COMP96_0016: pseudoo.vhd : (42, 9): Design unit declaration expected.
# Compile Entity "random"
# Error: COMP96_0078: pseudoo.vhd : (43, 5): Unknown identifier "iee".
# Error: COMP96_0055: pseudoo.vhd : (43, 5): Cannot find referenced context element.
# Error: COMP96_0078: pseudoo.vhd : (44, 5): Unknown identifier "ieee".
# Error: COMP96_0055: pseudoo.vhd : (44, 5): Cannot find referenced context element.
# Error: COMP96_0078: pseudoo.vhd : (47, 23): Unknown identifier "std_logic".
# Error: COMP96_0064: pseudoo.vhd : (47, 23): Unknown type.
# Error: COMP96_0078: pseudoo.vhd : (48, 11): Unknown identifier "std_logic_vector".
# Error: COMP96_0064: pseudoo.vhd : (48, 11): Unknown type.
# Error: COMP96_0078: pseudoo.vhd : (49, 11): Unknown identifier "std_logic_vector".
# Error: COMP96_0064: pseudoo.vhd : (49, 11): Unknown type.
# Compile Architecture "arh" of Entity "random"
# Error: COMP96_0015: pseudoo.vhd : (56, 19): ';' expected.
# Error: COMP96_0019: pseudoo.vhd : (57, 23): Keyword "end" expected.
# Error: COMP96_0015: pseudoo.vhd : (62, 19): ';' expected.
# Error: COMP96_0019: pseudoo.vhd : (63, 18): Keyword "end" expected.
# Compile failure 35 Errors 0 Warnings  Analysis time :  0.0 [s]
acom -reorder $DSN/src/pseudoo.vhd
# Compile with File Reorder...
# File: D:\designshdl\CRET\pseudoo\src\pseudoo.vhd
# Compile Entity "xor_gate"
# Error: COMP96_0078: pseudoo.vhd : (3, 5): Unknown identifier "iee".
# Error: COMP96_0055: pseudoo.vhd : (3, 5): Cannot find referenced context element.
# Error: COMP96_0016: pseudoo.vhd : (11, 1): Design unit declaration expected.
# Error: COMP96_0019: pseudoo.vhd : (14, 21): Keyword "of" expected.
# Error: COMP96_0018: pseudoo.vhd : (14, 21): Identifier expected.
# Error: COMP96_0015: pseudoo.vhd : (17, 1): ';' expected.
# Error: COMP96_0016: pseudoo.vhd : (17, 5): Design unit declaration expected.
# Error: COMP96_0016: pseudoo.vhd : (17, 9): Design unit declaration expected.
# Compile Entity "reg"
# Error: COMP96_0015: pseudoo.vhd : (24, 19): ';' expected.
# Error: COMP96_0019: pseudoo.vhd : (24, 25): Keyword "end" expected.
# Error: COMP96_0015: pseudoo.vhd : (24, 25): ';' expected.
# Error: COMP96_0016: pseudoo.vhd : (24, 26): Design unit declaration expected.
# Compile Entity "reg"
# Error: COMP96_0019: pseudoo.vhd : (25, 15): Keyword "is" expected.
# Error: COMP96_0019: pseudoo.vhd : (25, 15): Keyword "end" expected.
# Compile Architecture "arh" of Entity "reg"
# Error: COMP96_0056: pseudoo.vhd : (27, 1): Cannot find referenced entity declaration "reg".
# Error: COMP96_0015: pseudoo.vhd : (42, 1): ';' expected.
# Error: COMP96_0016: pseudoo.vhd : (42, 5): Design unit declaration expected.
# Error: COMP96_0016: pseudoo.vhd : (42, 9): Design unit declaration expected.
# Compile Entity "random"
# Error: COMP96_0078: pseudoo.vhd : (43, 5): Unknown identifier "iee".
# Error: COMP96_0055: pseudoo.vhd : (43, 5): Cannot find referenced context element.
# Error: COMP96_0078: pseudoo.vhd : (44, 5): Unknown identifier "ieee".
# Error: COMP96_0055: pseudoo.vhd : (44, 5): Cannot find referenced context element.
# Error: COMP96_0078: pseudoo.vhd : (47, 23): Unknown identifier "std_logic".
# Error: COMP96_0064: pseudoo.vhd : (47, 23): Unknown type.
# Error: COMP96_0078: pseudoo.vhd : (48, 11): Unknown identifier "std_logic_vector".
# Error: COMP96_0064: pseudoo.vhd : (48, 11): Unknown type.
# Error: COMP96_0078: pseudoo.vhd : (49, 11): Unknown identifier "std_logic_vector".
# Error: COMP96_0064: pseudoo.vhd : (49, 11): Unknown type.
# Compile Architecture "arh" of Entity "random"
# Error: COMP96_0015: pseudoo.vhd : (56, 19): ';' expected.
# Error: COMP96_0019: pseudoo.vhd : (57, 23): Keyword "end" expected.
# Error: COMP96_0015: pseudoo.vhd : (62, 19): ';' expected.
# Error: COMP96_0019: pseudoo.vhd : (63, 18): Keyword "end" expected.
# Compile failure 32 Errors 0 Warnings  Analysis time :  0.0 [s]
acom -reorder $DSN/src/pseudoo.vhd
# Compile with File Reorder...
# File: D:\designshdl\CRET\pseudoo\src\pseudoo.vhd
# Compile Entity "xor_gate"
# Error: COMP96_0016: pseudoo.vhd : (11, 1): Design unit declaration expected.
# Error: COMP96_0019: pseudoo.vhd : (14, 21): Keyword "of" expected.
# Error: COMP96_0018: pseudoo.vhd : (14, 21): Identifier expected.
# Error: COMP96_0015: pseudoo.vhd : (17, 1): ';' expected.
# Error: COMP96_0016: pseudoo.vhd : (17, 5): Design unit declaration expected.
# Error: COMP96_0016: pseudoo.vhd : (17, 9): Design unit declaration expected.
# Compile Entity "reg"
# Error: COMP96_0015: pseudoo.vhd : (24, 19): ';' expected.
# Error: COMP96_0019: pseudoo.vhd : (24, 25): Keyword "end" expected.
# Error: COMP96_0015: pseudoo.vhd : (24, 25): ';' expected.
# Error: COMP96_0016: pseudoo.vhd : (24, 26): Design unit declaration expected.
# Compile Entity "reg"
# Error: COMP96_0019: pseudoo.vhd : (25, 15): Keyword "is" expected.
# Error: COMP96_0019: pseudoo.vhd : (25, 15): Keyword "end" expected.
# Compile Architecture "arh" of Entity "reg"
# Error: COMP96_0056: pseudoo.vhd : (27, 1): Cannot find referenced entity declaration "reg".
# Error: COMP96_0015: pseudoo.vhd : (42, 1): ';' expected.
# Error: COMP96_0016: pseudoo.vhd : (42, 5): Design unit declaration expected.
# Error: COMP96_0016: pseudoo.vhd : (42, 9): Design unit declaration expected.
# Compile Entity "random"
# Error: COMP96_0078: pseudoo.vhd : (43, 5): Unknown identifier "iee".
# Error: COMP96_0055: pseudoo.vhd : (43, 5): Cannot find referenced context element.
# Error: COMP96_0078: pseudoo.vhd : (44, 5): Unknown identifier "ieee".
# Error: COMP96_0055: pseudoo.vhd : (44, 5): Cannot find referenced context element.
# Error: COMP96_0078: pseudoo.vhd : (47, 23): Unknown identifier "std_logic".
# Error: COMP96_0064: pseudoo.vhd : (47, 23): Unknown type.
# Error: COMP96_0078: pseudoo.vhd : (48, 11): Unknown identifier "std_logic_vector".
# Error: COMP96_0064: pseudoo.vhd : (48, 11): Unknown type.
# Error: COMP96_0078: pseudoo.vhd : (49, 11): Unknown identifier "std_logic_vector".
# Error: COMP96_0064: pseudoo.vhd : (49, 11): Unknown type.
# Compile Architecture "arh" of Entity "random"
# Error: COMP96_0015: pseudoo.vhd : (56, 19): ';' expected.
# Error: COMP96_0019: pseudoo.vhd : (57, 23): Keyword "end" expected.
# Error: COMP96_0015: pseudoo.vhd : (62, 19): ';' expected.
# Error: COMP96_0019: pseudoo.vhd : (63, 18): Keyword "end" expected.
# Compile failure 30 Errors 0 Warnings  Analysis time :  0.0 [s]
acom $DSN/src/pseudoo.vhd
# Compile...
# File: D:\designshdl\CRET\pseudoo\src\pseudoo.vhd
# Compile Entity "xor_gate"
# Entity `xor_gate' has been skipped - no difference detected.
# Compile Architecture "arh" of Entity "xor_gate"
# Error: COMP96_0015: pseudoo.vhd : (17, 1): ';' expected.
# Error: COMP96_0016: pseudoo.vhd : (17, 5): Design unit declaration expected.
# Error: COMP96_0016: pseudoo.vhd : (17, 9): Design unit declaration expected.
# Compile Entity "reg"
# Error: COMP96_0015: pseudoo.vhd : (24, 19): ';' expected.
# Error: COMP96_0019: pseudoo.vhd : (24, 25): Keyword "end" expected.
# Error: COMP96_0015: pseudoo.vhd : (24, 25): ';' expected.
# Error: COMP96_0016: pseudoo.vhd : (24, 26): Design unit declaration expected.
# Compile Entity "reg"
# Error: COMP96_0019: pseudoo.vhd : (25, 15): Keyword "is" expected.
# Error: COMP96_0019: pseudoo.vhd : (25, 15): Keyword "end" expected.
# Compile Architecture "arh" of Entity "reg"
# Error: COMP96_0056: pseudoo.vhd : (27, 1): Cannot find referenced entity declaration "reg".
# Error: COMP96_0015: pseudoo.vhd : (42, 1): ';' expected.
# Error: COMP96_0016: pseudoo.vhd : (42, 5): Design unit declaration expected.
# Error: COMP96_0016: pseudoo.vhd : (42, 9): Design unit declaration expected.
# Compile Entity "random"
# Error: COMP96_0078: pseudoo.vhd : (43, 5): Unknown identifier "iee".
# Error: COMP96_0055: pseudoo.vhd : (43, 5): Cannot find referenced context element.
# Error: COMP96_0078: pseudoo.vhd : (44, 5): Unknown identifier "ieee".
# Error: COMP96_0055: pseudoo.vhd : (44, 5): Cannot find referenced context element.
# Error: COMP96_0078: pseudoo.vhd : (47, 23): Unknown identifier "std_logic".
# Error: COMP96_0064: pseudoo.vhd : (47, 23): Unknown type.
# Error: COMP96_0078: pseudoo.vhd : (48, 11): Unknown identifier "std_logic_vector".
# Error: COMP96_0064: pseudoo.vhd : (48, 11): Unknown type.
# Error: COMP96_0078: pseudoo.vhd : (49, 11): Unknown identifier "std_logic_vector".
# Error: COMP96_0064: pseudoo.vhd : (49, 11): Unknown type.
# Compile Architecture "arh" of Entity "random"
# Error: COMP96_0015: pseudoo.vhd : (56, 19): ';' expected.
# Error: COMP96_0019: pseudoo.vhd : (57, 23): Keyword "end" expected.
# Error: COMP96_0015: pseudoo.vhd : (62, 19): ';' expected.
# Error: COMP96_0019: pseudoo.vhd : (63, 18): Keyword "end" expected.
# Compile failure 27 Errors 0 Warnings  Analysis time :  0.1 [s]
acom $DSN/src/pseudoo.vhd
# Compile...
# File: D:\designshdl\CRET\pseudoo\src\pseudoo.vhd
# Compile Entity "xor_gate"
# Entity `xor_gate' has been skipped - no difference detected.
# Compile Architecture "arh" of Entity "xor_gate"
# Compile Entity "reg"
# Compile Architecture "arh" of Entity "reg"
# Error: COMP96_0078: pseudoo.vhd : (34, 14): Unknown identifier "n".
# Error: COMP96_0133: pseudoo.vhd : (34, 14): Cannot find object declaration.
# Error: COMP96_0094: pseudoo.vhd : (34, 14): Locally static expression is required in the range definition.
# Error: COMP96_0078: pseudoo.vhd : (34, 32): Unknown identifier "n".
# Error: COMP96_0133: pseudoo.vhd : (34, 32): Cannot find object declaration.
# Error: COMP96_0094: pseudoo.vhd : (34, 32): Locally static expression is required in the range definition.
# Error: COMP96_0015: pseudoo.vhd : (42, 1): ';' expected.
# Error: COMP96_0016: pseudoo.vhd : (42, 5): Design unit declaration expected.
# Error: COMP96_0016: pseudoo.vhd : (42, 9): Design unit declaration expected.
# Compile Entity "random"
# Error: COMP96_0078: pseudoo.vhd : (43, 5): Unknown identifier "iee".
# Error: COMP96_0055: pseudoo.vhd : (43, 5): Cannot find referenced context element.
# Error: COMP96_0078: pseudoo.vhd : (44, 5): Unknown identifier "ieee".
# Error: COMP96_0055: pseudoo.vhd : (44, 5): Cannot find referenced context element.
# Error: COMP96_0078: pseudoo.vhd : (47, 23): Unknown identifier "std_logic".
# Error: COMP96_0064: pseudoo.vhd : (47, 23): Unknown type.
# Error: COMP96_0078: pseudoo.vhd : (48, 11): Unknown identifier "std_logic_vector".
# Error: COMP96_0064: pseudoo.vhd : (48, 11): Unknown type.
# Error: COMP96_0078: pseudoo.vhd : (49, 11): Unknown identifier "std_logic_vector".
# Error: COMP96_0064: pseudoo.vhd : (49, 11): Unknown type.
# Compile Architecture "arh" of Entity "random"
# Error: COMP96_0015: pseudoo.vhd : (56, 19): ';' expected.
# Error: COMP96_0019: pseudoo.vhd : (57, 23): Keyword "end" expected.
# Error: COMP96_0015: pseudoo.vhd : (62, 19): ';' expected.
# Error: COMP96_0019: pseudoo.vhd : (63, 18): Keyword "end" expected.
# Compile failure 23 Errors 0 Warnings  Analysis time :  0.1 [s]
acom $DSN/src/pseudoo.vhd
# Compile...
# File: D:\designshdl\CRET\pseudoo\src\pseudoo.vhd
# Compile Entity "xor_gate"
# Entity `xor_gate' has been skipped - no difference detected.
# Compile Architecture "arh" of Entity "xor_gate"
# Compile Entity "reg"
# Entity `reg' has been skipped - no difference detected.
# Compile Architecture "arh" of Entity "reg"
# Error: COMP96_0078: pseudoo.vhd : (34, 14): Unknown identifier "n".
# Error: COMP96_0133: pseudoo.vhd : (34, 14): Cannot find object declaration.
# Error: COMP96_0094: pseudoo.vhd : (34, 14): Locally static expression is required in the range definition.
# Error: COMP96_0078: pseudoo.vhd : (34, 32): Unknown identifier "n".
# Error: COMP96_0133: pseudoo.vhd : (34, 32): Cannot find object declaration.
# Error: COMP96_0094: pseudoo.vhd : (34, 32): Locally static expression is required in the range definition.
# Compile Entity "random"
# Compile Architecture "arh" of Entity "random"
# Error: COMP96_0015: pseudoo.vhd : (56, 19): ';' expected.
# Error: COMP96_0019: pseudoo.vhd : (57, 23): Keyword "end" expected.
# Error: COMP96_0015: pseudoo.vhd : (62, 19): ';' expected.
# Error: COMP96_0019: pseudoo.vhd : (63, 18): Keyword "end" expected.
# Compile failure 10 Errors 0 Warnings  Analysis time :  0.2 [s]
acom $DSN/src/pseudoo.vhd
# Compile...
# File: D:\designshdl\CRET\pseudoo\src\pseudoo.vhd
# Compile Entity "xor_gate"
# Entity `xor_gate' has been skipped - no difference detected.
# Compile Architecture "arh" of Entity "xor_gate"
# Compile Entity "reg"
# Entity `reg' has been skipped - no difference detected.
# Compile Architecture "arh" of Entity "reg"
# Error: COMP96_0078: pseudoo.vhd : (34, 14): Unknown identifier "n".
# Error: COMP96_0133: pseudoo.vhd : (34, 14): Cannot find object declaration.
# Error: COMP96_0094: pseudoo.vhd : (34, 14): Locally static expression is required in the range definition.
# Error: COMP96_0078: pseudoo.vhd : (34, 32): Unknown identifier "n".
# Error: COMP96_0133: pseudoo.vhd : (34, 32): Cannot find object declaration.
# Error: COMP96_0094: pseudoo.vhd : (34, 32): Locally static expression is required in the range definition.
# Compile Entity "random"
# Entity `random' has been skipped - no difference detected.
# Compile Architecture "arh" of Entity "random"
# Error: COMP96_0015: pseudoo.vhd : (62, 19): ';' expected.
# Error: COMP96_0019: pseudoo.vhd : (63, 18): Keyword "end" expected.
# Compile failure 8 Errors 0 Warnings  Analysis time :  0.2 [s]
acom $DSN/src/pseudoo.vhd
# Compile...
# File: D:\designshdl\CRET\pseudoo\src\pseudoo.vhd
# Compile Entity "xor_gate"
# Entity `xor_gate' has been skipped - no difference detected.
# Compile Architecture "arh" of Entity "xor_gate"
# Compile Entity "reg"
# Entity `reg' has been skipped - no difference detected.
# Compile Architecture "arh" of Entity "reg"
# Error: COMP96_0078: pseudoo.vhd : (34, 14): Unknown identifier "n".
# Error: COMP96_0133: pseudoo.vhd : (34, 14): Cannot find object declaration.
# Error: COMP96_0094: pseudoo.vhd : (34, 14): Locally static expression is required in the range definition.
# Error: COMP96_0078: pseudoo.vhd : (34, 32): Unknown identifier "n".
# Error: COMP96_0133: pseudoo.vhd : (34, 32): Cannot find object declaration.
# Error: COMP96_0094: pseudoo.vhd : (34, 32): Locally static expression is required in the range definition.
# Compile Entity "random"
# Entity `random' has been skipped - no difference detected.
# Compile Architecture "arh" of Entity "random"
# Compile failure 6 Errors 0 Warnings  Analysis time :  0.2 [s]
acom $DSN/src/pseudoo.vhd
# Compile...
# File: D:\designshdl\CRET\pseudoo\src\pseudoo.vhd
# Compile Entity "xor_gate"
# Entity `xor_gate' has been skipped - no difference detected.
# Compile Architecture "arh" of Entity "xor_gate"
# Compile Entity "reg"
# Entity `reg' has been skipped - no difference detected.
# Compile Architecture "arh" of Entity "reg"
# Error: COMP96_0078: pseudoo.vhd : (34, 14): Unknown identifier "n".
# Error: COMP96_0133: pseudoo.vhd : (34, 14): Cannot find object declaration.
# Error: COMP96_0094: pseudoo.vhd : (34, 14): Locally static expression is required in the range definition.
# Error: COMP96_0078: pseudoo.vhd : (34, 32): Unknown identifier "n".
# Error: COMP96_0133: pseudoo.vhd : (34, 32): Cannot find object declaration.
# Error: COMP96_0094: pseudoo.vhd : (34, 32): Locally static expression is required in the range definition.
# Compile Entity "random"
# Entity `random' has been skipped - no difference detected.
# Compile Architecture "arh" of Entity "random"
# Compile failure 6 Errors 0 Warnings  Analysis time :  0.2 [s]
acom $DSN/src/pseudoo.vhd
# Compile...
# File: D:\designshdl\CRET\pseudoo\src\pseudoo.vhd
# Compile Entity "xor_gate"
# Entity `xor_gate' has been skipped - no difference detected.
# Compile Architecture "arh" of Entity "xor_gate"
# Compile Entity "reg"
# Entity `reg' has been skipped - no difference detected.
# Compile Architecture "arh" of Entity "reg"
# Compile Entity "random"
# Entity `random' has been skipped - no difference detected.
# Compile Architecture "arh" of Entity "random"
# Compile success 0 Errors 0 Warnings  Analysis time :  0.2 [s]
# ELBREAD: Elaboration process.
# ELBREAD: Elaboration time 0.0 [s].
asim -advdataflow  random arh
# ELBREAD: Elaboration process.
# ELBREAD: Elaboration time 0.0 [s].
# asim: Stack memory: 32MB
# asim: Retval memory: 32MB
# KERNEL: Main thread initiated.
# KERNEL: Kernel process initialization phase.
# KERNEL: Time resolution set to 1ps.
# ELAB2: Elaboration final pass...
# ELAB2: Create instances ...
# ELAB2: Create instances complete.
# ELAB2: Elaboration final pass complete - time: 0.3 [s].
# KERNEL: Kernel process initialization done.
# Allocation: Simulator allocated 2419 kB (elbread=1070 elab2=300 kernel=1049 sdf=0)
# 6:51 PM, Monday, June 26, 2017
# Simulation has been initialized
# Selected Top-Level: random (arh)
run 100 ns
# KERNEL: stopped at time: 100 ns
# KERNEL: Simulation has finished. There are no more test vectors to simulate.
run 100 ns
# KERNEL: stopped at time: 200 ns
run 100 ns
# KERNEL: stopped at time: 300 ns
acom $DSN/src/pseudoo.vhd
# Compile...
# File: D:\designshdl\CRET\pseudoo\src\pseudoo.vhd
# Compile Entity "xor_gate"
# Entity `xor_gate' has been skipped - no difference detected.
# Compile Architecture "arh" of Entity "xor_gate"
# Compile Entity "reg"
# Entity `reg' has been skipped - no difference detected.
# Compile Architecture "arh" of Entity "reg"
# Error: COMP96_0019: pseudoo.vhd : (40, 6): Keyword "if" expected.
# Error: COMP96_0015: pseudoo.vhd : (40, 6): ';' expected.
# Error: COMP96_0019: pseudoo.vhd : (41, 5): Keyword "process" expected.
# Error: COMP96_0019: pseudoo.vhd : (43, 1): Keyword "end" expected.
# Error: COMP96_0016: pseudoo.vhd : (43, 9): Design unit declaration expected.
# Compile Entity "random"
# Error: COMP96_0078: pseudoo.vhd : (44, 5): Unknown identifier "ieee".
# Error: COMP96_0055: pseudoo.vhd : (44, 5): Cannot find referenced context element.
# Error: COMP96_0078: pseudoo.vhd : (45, 5): Unknown identifier "ieee".
# Error: COMP96_0055: pseudoo.vhd : (45, 5): Cannot find referenced context element.
# Error: COMP96_0078: pseudoo.vhd : (46, 5): Unknown identifier "ieee".
# Error: COMP96_0055: pseudoo.vhd : (46, 5): Cannot find referenced context element.
# Error: COMP96_0078: pseudoo.vhd : (49, 23): Unknown identifier "std_logic".
# Error: COMP96_0064: pseudoo.vhd : (49, 23): Unknown type.
# Error: COMP96_0078: pseudoo.vhd : (50, 11): Unknown identifier "std_logic_vector".
# Error: COMP96_0064: pseudoo.vhd : (50, 11): Unknown type.
# Error: COMP96_0078: pseudoo.vhd : (51, 11): Unknown identifier "std_logic_vector".
# Error: COMP96_0064: pseudoo.vhd : (51, 11): Unknown type.
# Compile Architecture "arh" of Entity "random"
# Compile failure 17 Errors 0 Warnings  Analysis time :  0.2 [s]
acom $DSN/src/pseudoo.vhd
# Compile...
# File: D:\designshdl\CRET\pseudoo\src\pseudoo.vhd
# Compile Entity "xor_gate"
# Entity `xor_gate' has been skipped - no difference detected.
# Compile Architecture "arh" of Entity "xor_gate"
# Compile Entity "reg"
# Entity `reg' has been skipped - no difference detected.
# Compile Architecture "arh" of Entity "reg"
# Error: COMP96_0019: pseudoo.vhd : (37, 11): Keyword "then" expected.
# Compile Entity "random"
# Entity `random' has been skipped - no difference detected.
# Compile Architecture "arh" of Entity "random"
# Compile failure 1 Errors 0 Warnings  Analysis time :  0.2 [s]
acom $DSN/src/pseudoo.vhd
# Compile...
# File: D:\designshdl\CRET\pseudoo\src\pseudoo.vhd
# Compile Entity "xor_gate"
# Entity `xor_gate' has been skipped - no difference detected.
# Compile Architecture "arh" of Entity "xor_gate"
# Compile Entity "reg"
# Entity `reg' has been skipped - no difference detected.
# Compile Architecture "arh" of Entity "reg"
# Error: COMP96_0019: pseudoo.vhd : (37, 11): Keyword "then" expected.
# Error: COMP96_0019: pseudoo.vhd : (39, 7): Keyword "process" expected.
# Error: COMP96_0015: pseudoo.vhd : (41, 6): ';' expected.
# Error: COMP96_0016: pseudoo.vhd : (41, 13): Design unit declaration expected.
# Error: COMP96_0019: pseudoo.vhd : (42, 21): Keyword "of" expected.
# Error: COMP96_0018: pseudoo.vhd : (42, 21): Identifier expected.
# Compile Entity "random"
# Entity `random' has been skipped - no difference detected.
# Compile Architecture "arh" of Entity "random"
# Compile failure 6 Errors 0 Warnings  Analysis time :  0.2 [s]
acom $DSN/src/pseudoo.vhd
# Compile...
# File: D:\designshdl\CRET\pseudoo\src\pseudoo.vhd
# Compile Entity "xor_gate"
# Entity `xor_gate' has been skipped - no difference detected.
# Compile Architecture "arh" of Entity "xor_gate"
# Compile Entity "reg"
# Entity `reg' has been skipped - no difference detected.
# Compile Architecture "arh" of Entity "reg"
# Error: COMP96_0019: pseudoo.vhd : (37, 11): Keyword "then" expected.
# Compile Entity "random"
# Entity `random' has been skipped - no difference detected.
# Compile Architecture "arh" of Entity "random"
# Compile failure 1 Errors 0 Warnings  Analysis time :  0.2 [s]
acom $DSN/src/pseudoo.vhd
# Compile...
# File: D:\designshdl\CRET\pseudoo\src\pseudoo.vhd
# Compile Entity "xor_gate"
# Entity `xor_gate' has been skipped - no difference detected.
# Compile Architecture "arh" of Entity "xor_gate"
# Compile Entity "reg"
# Entity `reg' has been skipped - no difference detected.
# Compile Architecture "arh" of Entity "reg"
# Error: COMP96_0019: pseudoo.vhd : (40, 6): Keyword "if" expected.
# Error: COMP96_0015: pseudoo.vhd : (40, 6): ';' expected.
# Error: COMP96_0019: pseudoo.vhd : (41, 5): Keyword "process" expected.
# Error: COMP96_0019: pseudoo.vhd : (43, 1): Keyword "end" expected.
# Error: COMP96_0016: pseudoo.vhd : (43, 9): Design unit declaration expected.
# Compile Entity "random"
# Error: COMP96_0078: pseudoo.vhd : (44, 5): Unknown identifier "ieee".
# Error: COMP96_0055: pseudoo.vhd : (44, 5): Cannot find referenced context element.
# Error: COMP96_0078: pseudoo.vhd : (45, 5): Unknown identifier "ieee".
# Error: COMP96_0055: pseudoo.vhd : (45, 5): Cannot find referenced context element.
# Error: COMP96_0078: pseudoo.vhd : (46, 5): Unknown identifier "ieee".
# Error: COMP96_0055: pseudoo.vhd : (46, 5): Cannot find referenced context element.
# Error: COMP96_0078: pseudoo.vhd : (49, 23): Unknown identifier "std_logic".
# Error: COMP96_0064: pseudoo.vhd : (49, 23): Unknown type.
# Error: COMP96_0078: pseudoo.vhd : (50, 11): Unknown identifier "std_logic_vector".
# Error: COMP96_0064: pseudoo.vhd : (50, 11): Unknown type.
# Error: COMP96_0078: pseudoo.vhd : (51, 11): Unknown identifier "std_logic_vector".
# Error: COMP96_0064: pseudoo.vhd : (51, 11): Unknown type.
# Compile Architecture "arh" of Entity "random"
# Compile failure 17 Errors 0 Warnings  Analysis time :  0.1 [s]
acom $DSN/src/pseudoo.vhd
# Compile...
# File: D:\designshdl\CRET\pseudoo\src\pseudoo.vhd
# Compile Entity "xor_gate"
# Entity `xor_gate' has been skipped - no difference detected.
# Compile Architecture "arh" of Entity "xor_gate"
# Compile Entity "reg"
# Entity `reg' has been skipped - no difference detected.
# Compile Architecture "arh" of Entity "reg"
# Compile Entity "random"
# Entity `random' has been skipped - no difference detected.
# Compile Architecture "arh" of Entity "random"
# Compile success 0 Errors 0 Warnings  Analysis time :  0.2 [s]
run 100 ns
# KERNEL: stopped at time: 400 ns
restart
# All when statements cleared.
# ELBREAD: Elaboration process.
# ELBREAD: Elaboration time 0.0 [s].
# KERNEL: Main thread initiated.
# KERNEL: Kernel process initialization phase.
# KERNEL: Time resolution set to 1ps.
# ELAB2: Elaboration final pass...
# ELAB2: Create instances ...
# ELAB2: Create instances complete.
# ELAB2: Elaboration final pass complete - time: 0.3 [s].
# KERNEL: Kernel process initialization done.
# Allocation: Simulator allocated 2420 kB (elbread=1070 elab2=301 kernel=1049 sdf=0)
# 6:54 PM, Monday, June 26, 2017
# Simulation has been initialized
# Selected Top-Level: random (arh)
endsim
# All when statements cleared.
# Simulation has been stopped
asim -advdataflow  random arh
# ELBREAD: Elaboration process.
# ELBREAD: Elaboration time 0.0 [s].
# asim: Stack memory: 32MB
# asim: Retval memory: 32MB
# KERNEL: Main thread initiated.
# KERNEL: Kernel process initialization phase.
# KERNEL: Time resolution set to 1ps.
# ELAB2: Elaboration final pass...
# ELAB2: Create instances ...
# ELAB2: Create instances complete.
# ELAB2: Elaboration final pass complete - time: 0.3 [s].
# KERNEL: Kernel process initialization done.
# Allocation: Simulator allocated 2420 kB (elbread=1070 elab2=301 kernel=1049 sdf=0)
# 6:55 PM, Monday, June 26, 2017
# Simulation has been initialized
# Selected Top-Level: random (arh)
run 100 ns
# KERNEL: stopped at time: 100 ns
restart
# All when statements cleared.
# ELBREAD: Elaboration process.
# ELBREAD: Elaboration time 0.0 [s].
# KERNEL: Main thread initiated.
# KERNEL: Kernel process initialization phase.
# KERNEL: Time resolution set to 1ps.
# ELAB2: Elaboration final pass...
# ELAB2: Create instances ...
# ELAB2: Create instances complete.
# ELAB2: Elaboration final pass complete - time: 0.0 [s].
# KERNEL: Kernel process initialization done.
# Allocation: Simulator allocated 2420 kB (elbread=1070 elab2=301 kernel=1049 sdf=0)
# 6:55 PM, Monday, June 26, 2017
# Simulation has been initialized
# Selected Top-Level: random (arh)
run 100 ns
# KERNEL: stopped at time: 100 ns
run 100 ns
# KERNEL: stopped at time: 200 ns
run 100 ns
# KERNEL: stopped at time: 300 ns
run 100 ns
# KERNEL: stopped at time: 400 ns
run 100 ns
# KERNEL: stopped at time: 500 ns
run 100 ns
# KERNEL: stopped at time: 600 ns
run 100 ns
# KERNEL: stopped at time: 700 ns
run 100 ns
# KERNEL: stopped at time: 800 ns
run 100 ns
# KERNEL: stopped at time: 900 ns
run 100 ns
# KERNEL: stopped at time: 1 us
run 100 ns
# KERNEL: stopped at time: 1100 ns
run 100 ns
# KERNEL: stopped at time: 1200 ns
# Simulation has been stopped
# Design: Design "fifo" has been set as active.
