acom -reorder $DSN/src/sumatornbiti.vhd
# Compile with File Reorder...
# File: D:\designshdl\CRET\sumator_nbiti\src\sumatornbiti.vhd
# Compile Entity "sum"
# Compile Architecture "arh" of Entity "sum"
# Error: COMP96_0019: sumatornbiti.vhd : (18, 19): Keyword "when" expected.
# Error: COMP96_0015: sumatornbiti.vhd : (18, 19): ';' expected.
# Error: COMP96_0019: sumatornbiti.vhd : (18, 19): Keyword "end" expected.
# Error: COMP96_0016: sumatornbiti.vhd : (18, 20): Design unit declaration expected.
# Error: COMP96_0019: sumatornbiti.vhd : (21, 21): Keyword "of" expected.
# Error: COMP96_0018: sumatornbiti.vhd : (21, 21): Identifier expected.
# Compile failure 6 Errors 0 Warnings  Analysis time :  0.0 [s]
acom $DSN/src/sumatornbiti.vhd
# Compile...
# File: D:\designshdl\CRET\sumator_nbiti\src\sumatornbiti.vhd
# Compile Entity "sum"
# Entity `sum' has been skipped - no difference detected.
# Compile Architecture "arh" of Entity "sum"
# Error: COMP96_0071: sumatornbiti.vhd : (20, 17): Operator "&" is not defined for such operands.
# Error: COMP96_0104: sumatornbiti.vhd : (20, 17): Undefined type of expression.
# Error: COMP96_0077: sumatornbiti.vhd : (20, 17): Assignment target incompatible with right side. Expected type "std_logic_vector".
# Compile failure 3 Errors 0 Warnings  Analysis time :  0.0 [s]
acom $DSN/src/sumatornbiti.vhd
# Compile...
# File: D:\designshdl\CRET\sumator_nbiti\src\sumatornbiti.vhd
# Compile Entity "sum"
# Compile Architecture "arh" of Entity "sum"
# Compile success 0 Errors 0 Warnings  Analysis time :  0.2 [s]
# ELBREAD: Elaboration process.
# ELBREAD: Elaboration time 0.0 [s].
asim -advdataflow  sum arh
# ELBREAD: Elaboration process.
# ELBREAD: Elaboration time 0.0 [s].
# asim: Stack memory: 32MB
# asim: Retval memory: 32MB
# KERNEL: Main thread initiated.
# KERNEL: Kernel process initialization phase.
# KERNEL: Time resolution set to 1ps.
# ELAB2: Elaboration final pass...
# ELAB2: Create instances ...
# ELAB2: Create instances complete.
# ELAB2: Elaboration final pass complete - time: 0.3 [s].
# KERNEL: Kernel process initialization done.
# Allocation: Simulator allocated 2419 kB (elbread=1070 elab2=301 kernel=1048 sdf=0)
# 9:39 PM, Monday, June 26, 2017
# Simulation has been initialized
# Selected Top-Level: sum (arh)
run 100 ns
# KERNEL: WARNING: There is an 'U'|'X'|'W'|'Z'|'-' in an arithmetic operand, the result will be 'X'(es).
# KERNEL: Time: 0 ps,  Iteration: 0,  TOP instance,  Process: line__22.
# KERNEL: WARNING: There is an 'U'|'X'|'W'|'Z'|'-' in an arithmetic operand, the result will be 'X'(es).
# KERNEL: Time: 0 ps,  Iteration: 0,  TOP instance,  Process: line__22.
# RUNTIME: Fatal Error: RUNTIME_0046 sumatornbiti.vhd (22): Incompatible ranges; left: (3 downto 0), right: (6 downto 0).
# KERNEL: Time: 0 ps,  Iteration: 0,  TOP instance,  Process: line__22.
# KERNEL: stopped at delta: 0 at time 0 ps.
# Fatal error occurred during simulation.
acom $DSN/src/sumatornbiti.vhd
# Compile...
# File: D:\designshdl\CRET\sumator_nbiti\src\sumatornbiti.vhd
# Compile Entity "sum"
# Entity `sum' has been skipped - no difference detected.
# Compile Architecture "arh" of Entity "sum"
# Compile success 0 Errors 0 Warnings  Analysis time :  0.1 [s]
acom $DSN/src/sumatornbiti.vhd
# Compile...
# File: D:\designshdl\CRET\sumator_nbiti\src\sumatornbiti.vhd
# Compile Entity "sum"
# Entity `sum' has been skipped - no difference detected.
# Compile Architecture "arh" of Entity "sum"
# Compile success 0 Errors 0 Warnings  Analysis time :  0.1 [s]
run 100 ns
endsim
# All when statements cleared.
# Simulation has been stopped
acom $DSN/src/sumatornbiti.vhd
# Compile...
# File: D:\designshdl\CRET\sumator_nbiti\src\sumatornbiti.vhd
# Compile Entity "sum"
# Entity `sum' has been skipped - no difference detected.
# Compile Architecture "arh" of Entity "sum"
# Compile success 0 Errors 0 Warnings  Analysis time :  0.1 [s]
asim -advdataflow  sum arh
# ELBREAD: Elaboration process.
# ELBREAD: Elaboration time 0.0 [s].
# asim: Stack memory: 32MB
# asim: Retval memory: 32MB
# KERNEL: Main thread initiated.
# KERNEL: Kernel process initialization phase.
# KERNEL: Time resolution set to 1ps.
# ELAB2: Elaboration final pass...
# ELAB2: Create instances ...
# ELAB2: Create instances complete.
# ELAB2: Elaboration final pass complete - time: 0.3 [s].
# KERNEL: Kernel process initialization done.
# Allocation: Simulator allocated 2419 kB (elbread=1070 elab2=301 kernel=1048 sdf=0)
# 9:40 PM, Monday, June 26, 2017
# Simulation has been initialized
# Selected Top-Level: sum (arh)
run 100 ns
# KERNEL: WARNING: There is an 'U'|'X'|'W'|'Z'|'-' in an arithmetic operand, the result will be 'X'(es).
# KERNEL: Time: 0 ps,  Iteration: 0,  TOP instance,  Process: line__22.
# KERNEL: WARNING: There is an 'U'|'X'|'W'|'Z'|'-' in an arithmetic operand, the result will be 'X'(es).
# KERNEL: Time: 0 ps,  Iteration: 0,  TOP instance,  Process: line__22.
# KERNEL: stopped at time: 100 ns
# KERNEL: Simulation has finished. There are no more test vectors to simulate.
run 100 ns
# KERNEL: stopped at time: 200 ns
# KERNEL: Simulation has finished. There are no more test vectors to simulate.
run 100 ns
# KERNEL: stopped at time: 300 ns
# KERNEL: Simulation has finished. There are no more test vectors to simulate.
# Simulation has been stopped
# Design: Design "comp_2s" has been set as active.
# ELBREAD: Elaboration process.
# ELBREAD: Elaboration time 0.0 [s].
