acom -reorder $DSN/src/DMUX_GENERIX_1_LA_8.vhd
# Compile with File Reorder...
# File: d:\designshdl\CLV_2008\DMUX_GENERIC_1_LA_8\src\DMUX_GENERIX_1_LA_8.vhd
# Compile Entity "DMUX_GENERIC_1_LA_8"
# Compile Architecture "arh" of Entity "DMUX_GENERIC_1_LA_8"
# Error: COMP96_0078: DMUX_GENERIX_1_LA_8.vhd : (14, 17): Unknown identifier "conv_integer".
# Error: COMP96_0133: DMUX_GENERIX_1_LA_8.vhd : (14, 17): Cannot find object declaration.
# Error: COMP96_0289: DMUX_GENERIX_1_LA_8.vhd : (14, 17): Prefix of index must be an array.
# Error: COMP96_0104: DMUX_GENERIX_1_LA_8.vhd : (14, 17): Undefined type of expression.
# Error: COMP96_0098: DMUX_GENERIX_1_LA_8.vhd : (14, 17): Boolean type expected.
# Top-Level unit detected
# Entity  =>   DMUX_GENERIC_1_LA_8
# Compile failure 5 Errors 0 Warnings  Analysis time :  0.1 [s]
acom $DSN/src/DMUX_GENERIX_1_LA_8.vhd
# Compile...
# File: d:\designshdl\CLV_2008\DMUX_GENERIC_1_LA_8\src\DMUX_GENERIX_1_LA_8.vhd
# Compile Entity "DMUX_GENERIC_1_LA_8"
# Compile Architecture "arh" of Entity "DMUX_GENERIC_1_LA_8"
# Compile success 0 Errors 0 Warnings  Analysis time :  0.1 [s]
# ELBREAD: Elaboration process.
# ELBREAD: Elaboration time 0.0 [s].
asim -advdataflow  dmux_generic_1_la_8 arh
# ELBREAD: Elaboration process.
# ELBREAD: Elaboration time 0.0 [s].
# asim: Stack memory: 32MB
# asim: Retval memory: 32MB
# KERNEL: Main thread initiated.
# KERNEL: Kernel process initialization phase.
# KERNEL: Time resolution set to 1ps.
# ELAB2: Elaboration final pass...
# ELAB2: Create instances ...
# ELAB2: Fatal Error: ELAB2_0013 DMUX_GENERIX_1_LA_8.vhd (15): Index 8 is out of range (7 downto 0) of "y".
# ELAB2: Last instance before error: /generate_output__8
# KERNEL: Error: E8005 : Kernel process initialization failed.
# Fatal error occurred during simulation initialization.
acom $DSN/src/DMUX_GENERIX_1_LA_8.vhd
# Compile...
# File: d:\designshdl\CLV_2008\DMUX_GENERIC_1_LA_8\src\DMUX_GENERIX_1_LA_8.vhd
# Compile Entity "DMUX_GENERIC_1_LA_8"
# Entity `DMUX_GENERIC_1_LA_8' has been skipped - no difference detected.
# Compile Architecture "arh" of Entity "DMUX_GENERIC_1_LA_8"
# Compile success 0 Errors 0 Warnings  Analysis time :  0.1 [s]
asim -advdataflow  dmux_generic_1_la_8 arh
# ELBREAD: Elaboration process.
# ELBREAD: Elaboration time 0.0 [s].
# asim: Stack memory: 32MB
# asim: Retval memory: 32MB
# KERNEL: Main thread initiated.
# KERNEL: Kernel process initialization phase.
# KERNEL: Time resolution set to 1ps.
# ELAB2: Elaboration final pass...
# ELAB2: Create instances ...
# ELAB2: Create instances complete.
# ELAB2: Elaboration final pass complete - time: 0.3 [s].
# KERNEL: Kernel process initialization done.
# Allocation: Simulator allocated 2420 kB (elbread=1071 elab2=300 kernel=1049 sdf=0)
# 2:58 PM, Saturday, May 20, 2017
# Simulation has been initialized
# Selected Top-Level: dmux_generic_1_la_8 (arh)
run 100 ns
# KERNEL: WARNING: CONV_INTEGER: There is an 'U'|'X'|'W'|'Z'|'-' in an arithmetic operand, and it has been converted to 0.
# KERNEL: Time: 0 ps,  Iteration: 0,  Instance: /generate_output__0,  Process: line__15.
# KERNEL: WARNING: CONV_INTEGER: There is an 'U'|'X'|'W'|'Z'|'-' in an arithmetic operand, and it has been converted to 0.
# KERNEL: Time: 0 ps,  Iteration: 0,  Instance: /generate_output__0,  Process: line__15.
# KERNEL: WARNING: CONV_INTEGER: There is an 'U'|'X'|'W'|'Z'|'-' in an arithmetic operand, and it has been converted to 0.
# KERNEL: Time: 0 ps,  Iteration: 0,  Instance: /generate_output__0,  Process: line__15.
# KERNEL: WARNING: CONV_INTEGER: There is an 'U'|'X'|'W'|'Z'|'-' in an arithmetic operand, and it has been converted to 0.
# KERNEL: Time: 0 ps,  Iteration: 0,  Instance: /generate_output__1,  Process: line__15.
# KERNEL: WARNING: CONV_INTEGER: There is an 'U'|'X'|'W'|'Z'|'-' in an arithmetic operand, and it has been converted to 0.
# KERNEL: Time: 0 ps,  Iteration: 0,  Instance: /generate_output__1,  Process: line__15.
# KERNEL: WARNING: CONV_INTEGER: There is an 'U'|'X'|'W'|'Z'|'-' in an arithmetic operand, and it has been converted to 0.
# KERNEL: Time: 0 ps,  Iteration: 0,  Instance: /generate_output__1,  Process: line__15.
# KERNEL: WARNING: CONV_INTEGER: There is an 'U'|'X'|'W'|'Z'|'-' in an arithmetic operand, and it has been converted to 0.
# KERNEL: Time: 0 ps,  Iteration: 0,  Instance: /generate_output__2,  Process: line__15.
# KERNEL: WARNING: CONV_INTEGER: There is an 'U'|'X'|'W'|'Z'|'-' in an arithmetic operand, and it has been converted to 0.
# KERNEL: Time: 0 ps,  Iteration: 0,  Instance: /generate_output__2,  Process: line__15.
# KERNEL: WARNING: CONV_INTEGER: There is an 'U'|'X'|'W'|'Z'|'-' in an arithmetic operand, and it has been converted to 0.
# KERNEL: Time: 0 ps,  Iteration: 0,  Instance: /generate_output__2,  Process: line__15.
# KERNEL: WARNING: CONV_INTEGER: There is an 'U'|'X'|'W'|'Z'|'-' in an arithmetic operand, and it has been converted to 0.
# KERNEL: Time: 0 ps,  Iteration: 0,  Instance: /generate_output__3,  Process: line__15.
# KERNEL: WARNING: CONV_INTEGER: There is an 'U'|'X'|'W'|'Z'|'-' in an arithmetic operand, and it has been converted to 0.
# KERNEL: Time: 0 ps,  Iteration: 0,  Instance: /generate_output__3,  Process: line__15.
# KERNEL: WARNING: CONV_INTEGER: There is an 'U'|'X'|'W'|'Z'|'-' in an arithmetic operand, and it has been converted to 0.
# KERNEL: Time: 0 ps,  Iteration: 0,  Instance: /generate_output__3,  Process: line__15.
# KERNEL: WARNING: CONV_INTEGER: There is an 'U'|'X'|'W'|'Z'|'-' in an arithmetic operand, and it has been converted to 0.
# KERNEL: Time: 0 ps,  Iteration: 0,  Instance: /generate_output__4,  Process: line__15.
# KERNEL: WARNING: CONV_INTEGER: There is an 'U'|'X'|'W'|'Z'|'-' in an arithmetic operand, and it has been converted to 0.
# KERNEL: Time: 0 ps,  Iteration: 0,  Instance: /generate_output__4,  Process: line__15.
# KERNEL: WARNING: CONV_INTEGER: There is an 'U'|'X'|'W'|'Z'|'-' in an arithmetic operand, and it has been converted to 0.
# KERNEL: Time: 0 ps,  Iteration: 0,  Instance: /generate_output__4,  Process: line__15.
# KERNEL: WARNING: CONV_INTEGER: There is an 'U'|'X'|'W'|'Z'|'-' in an arithmetic operand, and it has been converted to 0.
# KERNEL: Time: 0 ps,  Iteration: 0,  Instance: /generate_output__5,  Process: line__15.
# KERNEL: WARNING: CONV_INTEGER: There is an 'U'|'X'|'W'|'Z'|'-' in an arithmetic operand, and it has been converted to 0.
# KERNEL: Time: 0 ps,  Iteration: 0,  Instance: /generate_output__5,  Process: line__15.
# KERNEL: WARNING: CONV_INTEGER: There is an 'U'|'X'|'W'|'Z'|'-' in an arithmetic operand, and it has been converted to 0.
# KERNEL: Time: 0 ps,  Iteration: 0,  Instance: /generate_output__5,  Process: line__15.
# KERNEL: WARNING: CONV_INTEGER: There is an 'U'|'X'|'W'|'Z'|'-' in an arithmetic operand, and it has been converted to 0.
# KERNEL: Time: 0 ps,  Iteration: 0,  Instance: /generate_output__6,  Process: line__15.
# KERNEL: WARNING: CONV_INTEGER: There is an 'U'|'X'|'W'|'Z'|'-' in an arithmetic operand, and it has been converted to 0.
# KERNEL: Time: 0 ps,  Iteration: 0,  Instance: /generate_output__6,  Process: line__15.
# KERNEL: WARNING: CONV_INTEGER: There is an 'U'|'X'|'W'|'Z'|'-' in an arithmetic operand, and it has been converted to 0.
# KERNEL: Time: 0 ps,  Iteration: 0,  Instance: /generate_output__6,  Process: line__15.
# KERNEL: WARNING: CONV_INTEGER: There is an 'U'|'X'|'W'|'Z'|'-' in an arithmetic operand, and it has been converted to 0.
# KERNEL: Time: 0 ps,  Iteration: 0,  Instance: /generate_output__7,  Process: line__15.
# KERNEL: WARNING: CONV_INTEGER: There is an 'U'|'X'|'W'|'Z'|'-' in an arithmetic operand, and it has been converted to 0.
# KERNEL: Time: 0 ps,  Iteration: 0,  Instance: /generate_output__7,  Process: line__15.
# KERNEL: WARNING: CONV_INTEGER: There is an 'U'|'X'|'W'|'Z'|'-' in an arithmetic operand, and it has been converted to 0.
# KERNEL: Time: 0 ps,  Iteration: 0,  Instance: /generate_output__7,  Process: line__15.
# KERNEL: stopped at time: 100 ns
# KERNEL: Simulation has finished. There are no more test vectors to simulate.
run 100 ns
# KERNEL: stopped at time: 200 ns
# KERNEL: Simulation has finished. There are no more test vectors to simulate.
run 100 ns
# KERNEL: stopped at time: 300 ns
# KERNEL: Simulation has finished. There are no more test vectors to simulate.
run 100 ns
# KERNEL: stopped at time: 400 ns
# KERNEL: Simulation has finished. There are no more test vectors to simulate.
run 100 ns
# KERNEL: stopped at time: 500 ns
# KERNEL: Simulation has finished. There are no more test vectors to simulate.
run 100 ns
# KERNEL: stopped at time: 600 ns
# KERNEL: Simulation has finished. There are no more test vectors to simulate.
run 100 ns
# KERNEL: stopped at time: 700 ns
# KERNEL: Simulation has finished. There are no more test vectors to simulate.
run 100 ns
# KERNEL: stopped at time: 800 ns
# KERNEL: Simulation has finished. There are no more test vectors to simulate.
run 100 ns
# KERNEL: stopped at time: 900 ns
# KERNEL: Simulation has finished. There are no more test vectors to simulate.
run 100 ns
# KERNEL: stopped at time: 1 us
# KERNEL: Simulation has finished. There are no more test vectors to simulate.
# Simulation has been stopped
# Design: 3:38 PM, Saturday, May 20, 2017
# Design: Opening design "d:\designshdl\CLV_2008\COMPARATOR_STRUCTURAL\COMPARATOR_STRUCTURAL.adf"
# ELBREAD: Elaboration process.
# ELBREAD: Elaboration time 0.0 [s].
# Design: Design "COMPARATOR_STRUCTURAL" has been set as active.
