acom $DSN/src/MEMORIE_RAM_16X4.vhd
# Compile...
# File: D:\designshdl\CLV_2008\MEMORIE_RAM_16X4\src\MEMORIE_RAM_16X4.vhd
# Compile Entity "MEMORIE_RAM_16X4"
# Entity `MEMORIE_RAM_16X4' has been skipped - no difference detected.
# Compile Architecture "arh" of Entity "MEMORIE_RAM_16X4"
# Compile success 0 Errors 0 Warnings  Analysis time :  0.2 [s]
acom $DSN/src/MEMORIE_RAM_16X4.vhd
# Compile...
# File: D:\designshdl\CLV_2008\MEMORIE_RAM_16X4\src\MEMORIE_RAM_16X4.vhd
# Compile Entity "MEMORIE_RAM_16X4"
# Entity `MEMORIE_RAM_16X4' has been skipped - no difference detected.
# Compile Architecture "arh" of Entity "MEMORIE_RAM_16X4"
# Compile success 0 Errors 0 Warnings  Analysis time :  0.1 [s]
# Design: 6:45 PM, Saturday, May 20, 2017
# Design: Opening design "D:\designshdl\CLV_2008\D_FF\D_FF.adf"
# ELBREAD: Elaboration process.
# ELBREAD: Elaboration time 0.0 [s].
# Design: Design "D_FF" has been set as active.
# Design Explorer: Shortcut to "D:\designshdl\CLV_2008\CLV_2008.aws" design added.
