acom -reorder $DSN/src/MS_SUMATOR_COMPLET_1BIT.vhd
# Compile with File Reorder...
# File: D:\designshdl\CLV_2008\MS_SUMATOR_COMPLET_1BIT\src\MS_SUMATOR_COMPLET_1BIT.vhd
# Compile Entity "SUMATOR_COMPLET_1BIT"
# Compile Architecture "arh" of Entity "SUMATOR_COMPLET_1BIT"
# Compile Entity "ms_SUMATOR_COMPLET_1BIT"
# Compile Architecture "arh" of Entity "oh"
# Error: COMP96_0019: MS_SUMATOR_COMPLET_1BIT.vhd : (23, 18): Keyword "of" expected.
# Error: COMP96_0019: MS_SUMATOR_COMPLET_1BIT.vhd : (23, 21): Keyword "is" expected.
# Error: COMP96_0019: MS_SUMATOR_COMPLET_1BIT.vhd : (23, 21): Keyword "begin" expected.
# Error: COMP96_0016: MS_SUMATOR_COMPLET_1BIT.vhd : (23, 45): Design unit declaration expected.
# Error: COMP96_0019: MS_SUMATOR_COMPLET_1BIT.vhd : (41, 21): Keyword "of" expected.
# Error: COMP96_0018: MS_SUMATOR_COMPLET_1BIT.vhd : (41, 21): Identifier expected.
# Top-Level unit detected
# Entity  =>   SUMATOR_COMPLET_1BIT
# Compile failure 6 Errors 0 Warnings  Analysis time :  0.3 [s]
acom $DSN/src/MS_SUMATOR_COMPLET_1BIT.vhd
# Compile...
# File: D:\designshdl\CLV_2008\MS_SUMATOR_COMPLET_1BIT\src\MS_SUMATOR_COMPLET_1BIT.vhd
# Compile Entity "SUMATOR_COMPLET_1BIT"
# Entity `SUMATOR_COMPLET_1BIT' has been skipped - no difference detected.
# Compile Architecture "arh" of Entity "SUMATOR_COMPLET_1BIT"
# Compile Entity "ms_SUMATOR_COMPLET_1BIT"
# Entity `ms_SUMATOR_COMPLET_1BIT' has been skipped - no difference detected.
# Compile Architecture "arh" of Entity "ms_SUMATOR_COMPLET_1BIT"
# Warning: DAGGEN_0001: MS_SUMATOR_COMPLET_1BIT.vhd : (35, 0): Process without explicit or implicit wait statement - possible infinite loop.
# Compile success 0 Errors 1 Warnings  Analysis time :  0.2 [s]
acom $DSN/src/MS_SUMATOR_COMPLET_1BIT.vhd
# Compile...
# File: D:\designshdl\CLV_2008\MS_SUMATOR_COMPLET_1BIT\src\MS_SUMATOR_COMPLET_1BIT.vhd
# Compile Entity "SUMATOR_COMPLET_1BIT"
# Entity `SUMATOR_COMPLET_1BIT' has been skipped - no difference detected.
# Compile Architecture "arh" of Entity "SUMATOR_COMPLET_1BIT"
# Compile Entity "ms_SUMATOR_COMPLET_1BIT"
# Entity `ms_SUMATOR_COMPLET_1BIT' has been skipped - no difference detected.
# Compile Architecture "arh" of Entity "ms_SUMATOR_COMPLET_1BIT"
# Compile success 0 Errors 0 Warnings  Analysis time :  0.2 [s]
acom $DSN/src/MS_SUMATOR_COMPLET_1BIT.vhd
# Compile...
# File: D:\designshdl\CLV_2008\MS_SUMATOR_COMPLET_1BIT\src\MS_SUMATOR_COMPLET_1BIT.vhd
# Compile Entity "SUMATOR_COMPLET_1BIT"
# Entity `SUMATOR_COMPLET_1BIT' has been skipped - no difference detected.
# Compile Architecture "arh" of Entity "SUMATOR_COMPLET_1BIT"
# Compile Entity "ms_SUMATOR_COMPLET_1BIT"
# Entity `ms_SUMATOR_COMPLET_1BIT' has been skipped - no difference detected.
# Compile Architecture "arh" of Entity "ms_SUMATOR_COMPLET_1BIT"
# Compile success 0 Errors 0 Warnings  Analysis time :  0.2 [s]
acom $DSN/src/MS_SUMATOR_COMPLET_1BIT.vhd
# Compile...
# File: D:\designshdl\CLV_2008\MS_SUMATOR_COMPLET_1BIT\src\MS_SUMATOR_COMPLET_1BIT.vhd
# Compile Entity "SUMATOR_COMPLET_1BIT"
# Entity `SUMATOR_COMPLET_1BIT' has been skipped - no difference detected.
# Compile Architecture "arh" of Entity "SUMATOR_COMPLET_1BIT"
# Compile Entity "ms_SUMATOR_COMPLET_1BIT"
# Entity `ms_SUMATOR_COMPLET_1BIT' has been skipped - no difference detected.
# Compile Architecture "arh" of Entity "ms_SUMATOR_COMPLET_1BIT"
# Compile success 0 Errors 0 Warnings  Analysis time :  0.2 [s]
# ELBREAD: Elaboration process.
# ELBREAD: Elaboration time 0.0 [s].
asim -advdataflow  ms_sumator_complet_1bit arh
# ELBREAD: Elaboration process.
# ELBREAD: Elaboration time 0.0 [s].
# asim: Stack memory: 32MB
# asim: Retval memory: 32MB
# KERNEL: Main thread initiated.
# KERNEL: Kernel process initialization phase.
# KERNEL: Time resolution set to 1ps.
# ELAB2: Elaboration final pass...
# ELAB2: Create instances ...
# ELAB2: Create instances complete.
# ELAB2: Elaboration final pass complete - time: 0.3 [s].
# KERNEL: Kernel process initialization done.
# Allocation: Simulator allocated 2417 kB (elbread=1070 elab2=299 kernel=1048 sdf=0)
# 4:37 PM, Sunday, May 21, 2017
# Simulation has been initialized
# Selected Top-Level: ms_sumator_complet_1bit (arh)
run 100 ns
# KERNEL: stopped at time: 100 ns
run 100 ns
# KERNEL: stopped at time: 200 ns
# KERNEL: Simulation has finished. There are no more test vectors to simulate.
restart
# All when statements cleared.
# ELBREAD: Elaboration process.
# ELBREAD: Elaboration time 0.0 [s].
# KERNEL: Main thread initiated.
# KERNEL: Kernel process initialization phase.
# KERNEL: Time resolution set to 1ps.
# ELAB2: Elaboration final pass...
# ELAB2: Create instances ...
# ELAB2: Create instances complete.
# ELAB2: Elaboration final pass complete - time: 0.0 [s].
# KERNEL: Kernel process initialization done.
# Allocation: Simulator allocated 2417 kB (elbread=1070 elab2=299 kernel=1048 sdf=0)
# 4:37 PM, Sunday, May 21, 2017
# Simulation has been initialized
# Selected Top-Level: ms_sumator_complet_1bit (arh)
run 100 ns
# KERNEL: stopped at time: 100 ns
run 100 ns
# KERNEL: stopped at time: 200 ns
# KERNEL: Simulation has finished. There are no more test vectors to simulate.
# Simulation has been stopped
# Design: Design "ALU" has been set as active.
