Release 14.7 - xst P.20131013 (nt64)
Copyright (c) 1995-2013 Xilinx, Inc.  All rights reserved.
--> Parameter TMPDIR set to xst/projnav.tmp


Total REAL time to Xst completion: 1.00 secs
Total CPU time to Xst completion: 0.10 secs
 
--> Parameter xsthdpdir set to xst


Total REAL time to Xst completion: 1.00 secs
Total CPU time to Xst completion: 0.10 secs
 
--> Reading design: LFSR.prj

TABLE OF CONTENTS
  1) Synthesis Options Summary
  2) HDL Parsing
  3) HDL Elaboration
  4) HDL Synthesis
       4.1) HDL Synthesis Report
  5) Advanced HDL Synthesis
       5.1) Advanced HDL Synthesis Report
  6) Low Level Synthesis
  7) Partition Report
  8) Design Summary
       8.1) Primitive and Black Box Usage
       8.2) Device utilization summary
       8.3) Partition Resource Summary
       8.4) Timing Report
            8.4.1) Clock Information
            8.4.2) Asynchronous Control Signals Information
            8.4.3) Timing Summary
            8.4.4) Timing Details
            8.4.5) Cross Clock Domains Report


=========================================================================
*                      Synthesis Options Summary                        *
=========================================================================
---- Source Parameters
Input File Name                    : "LFSR.prj"
Ignore Synthesis Constraint File   : NO

---- Target Parameters
Output File Name                   : "LFSR"
Output Format                      : NGC
Target Device                      : xc6slx16-3-csg324

---- Source Options
Top Module Name                    : LFSR
Automatic FSM Extraction           : YES
FSM Encoding Algorithm             : Auto
Safe Implementation                : No
FSM Style                          : LUT
RAM Extraction                     : Yes
RAM Style                          : Auto
ROM Extraction                     : Yes
Shift Register Extraction          : YES
ROM Style                          : Auto
Resource Sharing                   : YES
Asynchronous To Synchronous        : NO
Shift Register Minimum Size        : 2
Use DSP Block                      : Auto
Automatic Register Balancing       : No

---- Target Options
LUT Combining                      : Auto
Reduce Control Sets                : Auto
Add IO Buffers                     : YES
Global Maximum Fanout              : 100000
Add Generic Clock Buffer(BUFG)     : 16
Register Duplication               : YES
Optimize Instantiated Primitives   : NO
Use Clock Enable                   : Auto
Use Synchronous Set                : Auto
Use Synchronous Reset              : Auto
Pack IO Registers into IOBs        : Auto
Equivalent register Removal        : YES

---- General Options
Optimization Goal                  : Speed
Optimization Effort                : 1
Power Reduction                    : NO
Keep Hierarchy                     : No
Netlist Hierarchy                  : As_Optimized
RTL Output                         : Yes
Global Optimization                : AllClockNets
Read Cores                         : YES
Write Timing Constraints           : NO
Cross Clock Analysis               : NO
Hierarchy Separator                : /
Bus Delimiter                      : <>
Case Specifier                     : Maintain
Slice Utilization Ratio            : 100
BRAM Utilization Ratio             : 100
DSP48 Utilization Ratio            : 100
Auto BRAM Packing                  : NO
Slice Utilization Ratio Delta      : 5

=========================================================================


=========================================================================
*                          HDL Parsing                                  *
=========================================================================
Parsing VHDL file "C:\Users\Windows\Desktop\5-biti\numarator_LFSR\src\divizor.vhd" into library work
Parsing entity <divizor_de_frecventa>.
Parsing architecture <divizor> of entity <divizor_de_frecventa>.
Parsing VHDL file "C:\Users\Windows\Desktop\5 biti\numarator_LFSR\src\numarator.vhd" into library work
Parsing entity <LFSR>.
Parsing architecture <ARHITECTURA> of entity <lfsr>.

=========================================================================
*                            HDL Elaboration                            *
=========================================================================

Elaborating entity <LFSR> (architecture <ARHITECTURA>) from library <work>.

Elaborating entity <divizor_de_frecventa> (architecture <divizor>) from library <work>.

=========================================================================
*                           HDL Synthesis                               *
=========================================================================

Synthesizing Unit <LFSR>.
    Related source file is "C:\Users\Windows\Desktop\5 biti\numarator_LFSR\src\numarator.vhd".
    Found 1-bit register for signal <numarare<4>>.
    Found 1-bit register for signal <numarare<3>>.
    Found 1-bit register for signal <numarare<2>>.
    Found 1-bit register for signal <numarare<1>>.
    Found 1-bit register for signal <numarare<0>>.
    Summary:
	inferred   5 D-type flip-flop(s).
	inferred   6 Multiplexer(s).
Unit <LFSR> synthesized.

Synthesizing Unit <divizor_de_frecventa>.
    Related source file is "C:\Users\Windows\Desktop\5-biti\numarator_LFSR\src\divizor.vhd".
    Found 27-bit register for signal <var_CLK>.
    Found 27-bit adder for signal <var_CLK[0]_GND_7_o_add_0_OUT> created at line 17.
    Summary:
	inferred   1 Adder/Subtractor(s).
	inferred  27 D-type flip-flop(s).
Unit <divizor_de_frecventa> synthesized.

=========================================================================
HDL Synthesis Report

Macro Statistics
# Adders/Subtractors                                   : 1
 27-bit adder                                          : 1
# Registers                                            : 6
 1-bit register                                        : 5
 27-bit register                                       : 1
# Multiplexers                                         : 6
 1-bit 2-to-1 multiplexer                              : 5
 5-bit 2-to-1 multiplexer                              : 1
# Xors                                                 : 1
 1-bit xor2                                            : 1

=========================================================================

=========================================================================
*                       Advanced HDL Synthesis                          *
=========================================================================


Synthesizing (advanced) Unit <divizor_de_frecventa>.
The following registers are absorbed into counter <var_CLK>: 1 register on signal <var_CLK>.
Unit <divizor_de_frecventa> synthesized (advanced).

=========================================================================
Advanced HDL Synthesis Report

Macro Statistics
# Counters                                             : 1
 27-bit up counter                                     : 1
# Registers                                            : 5
 Flip-Flops                                            : 5
# Multiplexers                                         : 6
 1-bit 2-to-1 multiplexer                              : 5
 5-bit 2-to-1 multiplexer                              : 1
# Xors                                                 : 1
 1-bit xor2                                            : 1

=========================================================================

=========================================================================
*                         Low Level Synthesis                           *
=========================================================================
WARNING:Xst:3002 - This design contains one or more registers/latches that are directly
   incompatible with the Spartan6 architecture. The two primary causes of this is
   either a register or latch described with both an asynchronous set and
   asynchronous reset, or a register or latch described with an asynchronous
   set or reset which however has an initialization value of the opposite 
   polarity (i.e. asynchronous reset with an initialization value of 1).
    While this circuit can be built, it creates a sub-optimal implementation
   in terms of area, power and performance. For a more optimal implementation
   Xilinx highly recommends one of the following:

          1) Remove either the set or reset from all registers and latches
             if not needed for required functionality
          2) Modify the code in order to produce a synchronous set
             and/or reset (both is preferred)
          3) Ensure all registers have the same initialization value as the
             described asynchronous set or reset polarity
          4) Use the -async_to_sync option to transform the asynchronous
             set/reset to synchronous operation
             (timing simulation highly recommended when using this option)

  Please refer to http://www.xilinx.com search string "Spartan6 asynchronous set/reset" for more details.

  List of register instances with asynchronous set and reset:
    numarare_4 in unit <LFSR>
    numarare_0 in unit <LFSR>
    numarare_2 in unit <LFSR>
    numarare_3 in unit <LFSR>
    numarare_1 in unit <LFSR>


Optimizing unit <LFSR> ...

Mapping all equations...
Building and optimizing final netlist ...
Found area constraint ratio of 100 (+ 5) on block LFSR, actual ratio is 0.

Final Macro Processing ...

=========================================================================
Final Register Report

Macro Statistics
# Registers                                            : 37
 Flip-Flops                                            : 37

=========================================================================

=========================================================================
*                           Partition Report                            *
=========================================================================

Partition Implementation Status
-------------------------------

  No Partitions were found in this design.

-------------------------------

=========================================================================
*                            Design Summary                             *
=========================================================================

Top Level Output File Name         : LFSR.ngc

Primitive and Black Box Usage:
------------------------------
# BELS                             : 104
#      GND                         : 1
#      INV                         : 1
#      LUT1                        : 26
#      LUT3                        : 16
#      LUT5                        : 4
#      LUT6                        : 1
#      MUXCY                       : 26
#      MUXF7                       : 1
#      VCC                         : 1
#      XORCY                       : 27
# FlipFlops/Latches                : 42
#      FD                          : 27
#      FDC                         : 5
#      FDP                         : 5
#      LDC                         : 5
# Clock Buffers                    : 1
#      BUFGP                       : 1
# IO Buffers                       : 13
#      IBUF                        : 8
#      OBUF                        : 5

Device utilization summary:
---------------------------

Selected Device : 6slx16csg324-3 


Slice Logic Utilization: 
 Number of Slice Registers:              42  out of  18224     0%  
 Number of Slice LUTs:                   48  out of   9112     0%  
    Number used as Logic:                48  out of   9112     0%  

Slice Logic Distribution: 
 Number of LUT Flip Flop pairs used:     57
   Number with an unused Flip Flop:      15  out of     57    26%  
   Number with an unused LUT:             9  out of     57    15%  
   Number of fully used LUT-FF pairs:    33  out of     57    57%  
   Number of unique control sets:        16

IO Utilization: 
 Number of IOs:                          14
 Number of bonded IOBs:                  14  out of    232     6%  

Specific Feature Utilization:
 Number of BUFG/BUFGCTRLs:                1  out of     16     6%  

---------------------------
Partition Resource Summary:
---------------------------

  No Partitions were found in this design.

---------------------------


=========================================================================
Timing Report

NOTE: THESE TIMING NUMBERS ARE ONLY A SYNTHESIS ESTIMATE.
      FOR ACCURATE TIMING INFORMATION PLEASE REFER TO THE TRACE REPORT
      GENERATED AFTER PLACE-and-ROUTE.

Clock Information:
------------------
-------------------------------------------------+------------------------+-------+
Clock Signal                                     | Clock buffer(FF name)  | Load  |
-------------------------------------------------+------------------------+-------+
clk                                              | BUFGP                  | 27    |
load_nr_IN[2]_AND_14_o(load_nr_IN[2]_AND_14_o1:O)| NONE(*)(numarare_1_LDC)| 1     |
A1/var_CLK_0                                     | NONE(numarare_1_C_1)   | 10    |
load_nr_IN[4]_AND_10_o(load_nr_IN[4]_AND_10_o1:O)| NONE(*)(numarare_3_LDC)| 1     |
load_nr_IN[3]_AND_12_o(load_nr_IN[3]_AND_12_o1:O)| NONE(*)(numarare_2_LDC)| 1     |
load_nr_IN[1]_AND_16_o(load_nr_IN[1]_AND_16_o1:O)| NONE(*)(numarare_0_LDC)| 1     |
load_nr_IN[5]_AND_8_o(load_nr_IN[5]_AND_8_o1:O)  | NONE(*)(numarare_4_LDC)| 1     |
-------------------------------------------------+------------------------+-------+
(*) These 5 clock signal(s) are generated by combinatorial logic,
and XST is not able to identify which are the primary clock signals.
Please use the CLOCK_SIGNAL constraint to specify the clock signal(s) generated by combinatorial logic.
INFO:Xst:2169 - HDL ADVISOR - Some clock signals were not automatically buffered by XST with BUFG/BUFR resources. Please use the buffer_type constraint in order to insert these buffers to the clock signals to help prevent skew problems.

Asynchronous Control Signals Information:
----------------------------------------
No asynchronous control signals found in this design

Timing Summary:
---------------
Speed Grade: -3

   Minimum period: 2.329ns (Maximum Frequency: 429.277MHz)
   Minimum input arrival time before clock: 3.558ns
   Maximum output required time after clock: 4.770ns
   Maximum combinational path delay: No path found

Timing Details:
---------------
All values displayed in nanoseconds (ns)

=========================================================================
Timing constraint: Default period analysis for Clock 'clk'
  Clock period: 2.161ns (frequency: 462.781MHz)
  Total number of paths / destination ports: 378 / 27
-------------------------------------------------------------------------
Delay:               2.161ns (Levels of Logic = 28)
  Source:            A1/var_CLK_26 (FF)
  Destination:       A1/var_CLK_0 (FF)
  Source Clock:      clk rising
  Destination Clock: clk rising

  Data Path: A1/var_CLK_26 to A1/var_CLK_0
                                Gate     Net
    Cell:in->out      fanout   Delay   Delay  Logical Name (Net Name)
    ----------------------------------------  ------------
     FD:C->Q               1   0.447   0.579  A1/var_CLK_26 (A1/var_CLK_26)
     INV:I->O              1   0.206   0.000  A1/Mcount_var_CLK_lut<0>_INV_0 (A1/Mcount_var_CLK_lut<0>)
     MUXCY:S->O            1   0.172   0.000  A1/Mcount_var_CLK_cy<0> (A1/Mcount_var_CLK_cy<0>)
     MUXCY:CI->O           1   0.019   0.000  A1/Mcount_var_CLK_cy<1> (A1/Mcount_var_CLK_cy<1>)
     MUXCY:CI->O           1   0.019   0.000  A1/Mcount_var_CLK_cy<2> (A1/Mcount_var_CLK_cy<2>)
     MUXCY:CI->O           1   0.019   0.000  A1/Mcount_var_CLK_cy<3> (A1/Mcount_var_CLK_cy<3>)
     MUXCY:CI->O           1   0.019   0.000  A1/Mcount_var_CLK_cy<4> (A1/Mcount_var_CLK_cy<4>)
     MUXCY:CI->O           1   0.019   0.000  A1/Mcount_var_CLK_cy<5> (A1/Mcount_var_CLK_cy<5>)
     MUXCY:CI->O           1   0.019   0.000  A1/Mcount_var_CLK_cy<6> (A1/Mcount_var_CLK_cy<6>)
     MUXCY:CI->O           1   0.019   0.000  A1/Mcount_var_CLK_cy<7> (A1/Mcount_var_CLK_cy<7>)
     MUXCY:CI->O           1   0.019   0.000  A1/Mcount_var_CLK_cy<8> (A1/Mcount_var_CLK_cy<8>)
     MUXCY:CI->O           1   0.019   0.000  A1/Mcount_var_CLK_cy<9> (A1/Mcount_var_CLK_cy<9>)
     MUXCY:CI->O           1   0.019   0.000  A1/Mcount_var_CLK_cy<10> (A1/Mcount_var_CLK_cy<10>)
     MUXCY:CI->O           1   0.019   0.000  A1/Mcount_var_CLK_cy<11> (A1/Mcount_var_CLK_cy<11>)
     MUXCY:CI->O           1   0.019   0.000  A1/Mcount_var_CLK_cy<12> (A1/Mcount_var_CLK_cy<12>)
     MUXCY:CI->O           1   0.019   0.000  A1/Mcount_var_CLK_cy<13> (A1/Mcount_var_CLK_cy<13>)
     MUXCY:CI->O           1   0.019   0.000  A1/Mcount_var_CLK_cy<14> (A1/Mcount_var_CLK_cy<14>)
     MUXCY:CI->O           1   0.019   0.000  A1/Mcount_var_CLK_cy<15> (A1/Mcount_var_CLK_cy<15>)
     MUXCY:CI->O           1   0.019   0.000  A1/Mcount_var_CLK_cy<16> (A1/Mcount_var_CLK_cy<16>)
     MUXCY:CI->O           1   0.019   0.000  A1/Mcount_var_CLK_cy<17> (A1/Mcount_var_CLK_cy<17>)
     MUXCY:CI->O           1   0.019   0.000  A1/Mcount_var_CLK_cy<18> (A1/Mcount_var_CLK_cy<18>)
     MUXCY:CI->O           1   0.019   0.000  A1/Mcount_var_CLK_cy<19> (A1/Mcount_var_CLK_cy<19>)
     MUXCY:CI->O           1   0.019   0.000  A1/Mcount_var_CLK_cy<20> (A1/Mcount_var_CLK_cy<20>)
     MUXCY:CI->O           1   0.019   0.000  A1/Mcount_var_CLK_cy<21> (A1/Mcount_var_CLK_cy<21>)
     MUXCY:CI->O           1   0.019   0.000  A1/Mcount_var_CLK_cy<22> (A1/Mcount_var_CLK_cy<22>)
     MUXCY:CI->O           1   0.019   0.000  A1/Mcount_var_CLK_cy<23> (A1/Mcount_var_CLK_cy<23>)
     MUXCY:CI->O           1   0.019   0.000  A1/Mcount_var_CLK_cy<24> (A1/Mcount_var_CLK_cy<24>)
     MUXCY:CI->O           0   0.019   0.000  A1/Mcount_var_CLK_cy<25> (A1/Mcount_var_CLK_cy<25>)
     XORCY:CI->O           1   0.180   0.000  A1/Mcount_var_CLK_xor<26> (Result<26>)
     FD:D                      0.102          A1/var_CLK_0
    ----------------------------------------
    Total                      2.161ns (1.582ns logic, 0.579ns route)
                                       (73.2% logic, 26.8% route)

=========================================================================
Timing constraint: Default period analysis for Clock 'A1/var_CLK_0'
  Clock period: 2.329ns (frequency: 429.277MHz)
  Total number of paths / destination ports: 44 / 10
-------------------------------------------------------------------------
Delay:               2.329ns (Levels of Logic = 2)
  Source:            numarare_2_P_2 (FF)
  Destination:       numarare_3_C_3 (FF)
  Source Clock:      A1/var_CLK_0 rising
  Destination Clock: A1/var_CLK_0 rising

  Data Path: numarare_2_P_2 to numarare_3_C_3
                                Gate     Net
    Cell:in->out      fanout   Delay   Delay  Logical Name (Net Name)
    ----------------------------------------  ------------
     FDP:C->Q              3   0.447   0.755  numarare_2_P_2 (numarare_2_P_2)
     LUT3:I1->O            2   0.203   0.617  numarare_21 (numarare_2)
     LUT5:I4->O            2   0.205   0.000  Mmux_numarare[5]_numarare[4]_mux_14_OUT41 (numarare[5]_numarare[4]_mux_14_OUT<3>)
     FDC:D                     0.102          numarare_3_C_3
    ----------------------------------------
    Total                      2.329ns (0.957ns logic, 1.372ns route)
                                       (41.1% logic, 58.9% route)

=========================================================================
Timing constraint: Default OFFSET IN BEFORE for Clock 'load_nr_IN[2]_AND_14_o'
  Total number of paths / destination ports: 3 / 1
-------------------------------------------------------------------------
Offset:              3.558ns (Levels of Logic = 2)
  Source:            reset (PAD)
  Destination:       numarare_1_LDC (LATCH)
  Destination Clock: load_nr_IN[2]_AND_14_o falling

  Data Path: reset to numarare_1_LDC
                                Gate     Net
    Cell:in->out      fanout   Delay   Delay  Logical Name (Net Name)
    ----------------------------------------  ------------
     IBUF:I->O            10   1.222   1.085  reset_IBUF (reset_IBUF)
     LUT3:I0->O            2   0.205   0.616  load_nr_IN[2]_AND_15_o1 (load_nr_IN[2]_AND_15_o)
     LDC:CLR                   0.430          numarare_1_LDC
    ----------------------------------------
    Total                      3.558ns (1.857ns logic, 1.701ns route)
                                       (52.2% logic, 47.8% route)

=========================================================================
Timing constraint: Default OFFSET IN BEFORE for Clock 'A1/var_CLK_0'
  Total number of paths / destination ports: 40 / 20
-------------------------------------------------------------------------
Offset:              3.558ns (Levels of Logic = 2)
  Source:            reset (PAD)
  Destination:       numarare_1_C_1 (FF)
  Destination Clock: A1/var_CLK_0 rising

  Data Path: reset to numarare_1_C_1
                                Gate     Net
    Cell:in->out      fanout   Delay   Delay  Logical Name (Net Name)
    ----------------------------------------  ------------
     IBUF:I->O            10   1.222   1.085  reset_IBUF (reset_IBUF)
     LUT3:I0->O            2   0.205   0.616  load_nr_IN[5]_AND_9_o1 (load_nr_IN[5]_AND_9_o)
     FDC:CLR                   0.430          numarare_4_C_4
    ----------------------------------------
    Total                      3.558ns (1.857ns logic, 1.701ns route)
                                       (52.2% logic, 47.8% route)

=========================================================================
Timing constraint: Default OFFSET IN BEFORE for Clock 'load_nr_IN[4]_AND_10_o'
  Total number of paths / destination ports: 3 / 1
-------------------------------------------------------------------------
Offset:              3.558ns (Levels of Logic = 2)
  Source:            reset (PAD)
  Destination:       numarare_3_LDC (LATCH)
  Destination Clock: load_nr_IN[4]_AND_10_o falling

  Data Path: reset to numarare_3_LDC
                                Gate     Net
    Cell:in->out      fanout   Delay   Delay  Logical Name (Net Name)
    ----------------------------------------  ------------
     IBUF:I->O            10   1.222   1.085  reset_IBUF (reset_IBUF)
     LUT3:I0->O            2   0.205   0.616  load_nr_IN[4]_AND_11_o1 (load_nr_IN[4]_AND_11_o)
     LDC:CLR                   0.430          numarare_3_LDC
    ----------------------------------------
    Total                      3.558ns (1.857ns logic, 1.701ns route)
                                       (52.2% logic, 47.8% route)

=========================================================================
Timing constraint: Default OFFSET IN BEFORE for Clock 'load_nr_IN[3]_AND_12_o'
  Total number of paths / destination ports: 3 / 1
-------------------------------------------------------------------------
Offset:              3.558ns (Levels of Logic = 2)
  Source:            reset (PAD)
  Destination:       numarare_2_LDC (LATCH)
  Destination Clock: load_nr_IN[3]_AND_12_o falling

  Data Path: reset to numarare_2_LDC
                                Gate     Net
    Cell:in->out      fanout   Delay   Delay  Logical Name (Net Name)
    ----------------------------------------  ------------
     IBUF:I->O            10   1.222   1.085  reset_IBUF (reset_IBUF)
     LUT3:I0->O            2   0.205   0.616  load_nr_IN[3]_AND_13_o1 (load_nr_IN[3]_AND_13_o)
     LDC:CLR                   0.430          numarare_2_LDC
    ----------------------------------------
    Total                      3.558ns (1.857ns logic, 1.701ns route)
                                       (52.2% logic, 47.8% route)

=========================================================================
Timing constraint: Default OFFSET IN BEFORE for Clock 'load_nr_IN[1]_AND_16_o'
  Total number of paths / destination ports: 3 / 1
-------------------------------------------------------------------------
Offset:              3.558ns (Levels of Logic = 2)
  Source:            reset (PAD)
  Destination:       numarare_0_LDC (LATCH)
  Destination Clock: load_nr_IN[1]_AND_16_o falling

  Data Path: reset to numarare_0_LDC
                                Gate     Net
    Cell:in->out      fanout   Delay   Delay  Logical Name (Net Name)
    ----------------------------------------  ------------
     IBUF:I->O            10   1.222   1.085  reset_IBUF (reset_IBUF)
     LUT3:I0->O            2   0.205   0.616  load_nr_IN[1]_AND_17_o1 (load_nr_IN[1]_AND_17_o)
     LDC:CLR                   0.430          numarare_0_LDC
    ----------------------------------------
    Total                      3.558ns (1.857ns logic, 1.701ns route)
                                       (52.2% logic, 47.8% route)

=========================================================================
Timing constraint: Default OFFSET IN BEFORE for Clock 'load_nr_IN[5]_AND_8_o'
  Total number of paths / destination ports: 3 / 1
-------------------------------------------------------------------------
Offset:              3.558ns (Levels of Logic = 2)
  Source:            reset (PAD)
  Destination:       numarare_4_LDC (LATCH)
  Destination Clock: load_nr_IN[5]_AND_8_o falling

  Data Path: reset to numarare_4_LDC
                                Gate     Net
    Cell:in->out      fanout   Delay   Delay  Logical Name (Net Name)
    ----------------------------------------  ------------
     IBUF:I->O            10   1.222   1.085  reset_IBUF (reset_IBUF)
     LUT3:I0->O            2   0.205   0.616  load_nr_IN[5]_AND_9_o1 (load_nr_IN[5]_AND_9_o)
     LDC:CLR                   0.430          numarare_4_LDC
    ----------------------------------------
    Total                      3.558ns (1.857ns logic, 1.701ns route)
                                       (52.2% logic, 47.8% route)

=========================================================================
Timing constraint: Default OFFSET OUT AFTER for Clock 'load_nr_IN[5]_AND_8_o'
  Total number of paths / destination ports: 1 / 1
-------------------------------------------------------------------------
Offset:              4.732ns (Levels of Logic = 2)
  Source:            numarare_4_LDC (LATCH)
  Destination:       cout<5> (PAD)
  Source Clock:      load_nr_IN[5]_AND_8_o falling

  Data Path: numarare_4_LDC to cout<5>
                                Gate     Net
    Cell:in->out      fanout   Delay   Delay  Logical Name (Net Name)
    ----------------------------------------  ------------
     LDC:G->Q              3   0.498   0.879  numarare_4_LDC (numarare_4_LDC)
     LUT3:I0->O            1   0.205   0.579  numarare_41 (numarare_4)
     OBUF:I->O                 2.571          cout_5_OBUF (cout<5>)
    ----------------------------------------
    Total                      4.732ns (3.274ns logic, 1.458ns route)
                                       (69.2% logic, 30.8% route)

=========================================================================
Timing constraint: Default OFFSET OUT AFTER for Clock 'A1/var_CLK_0'
  Total number of paths / destination ports: 10 / 5
-------------------------------------------------------------------------
Offset:              4.593ns (Levels of Logic = 2)
  Source:            numarare_2_P_2 (FF)
  Destination:       cout<3> (PAD)
  Source Clock:      A1/var_CLK_0 rising

  Data Path: numarare_2_P_2 to cout<3>
                                Gate     Net
    Cell:in->out      fanout   Delay   Delay  Logical Name (Net Name)
    ----------------------------------------  ------------
     FDP:C->Q              3   0.447   0.755  numarare_2_P_2 (numarare_2_P_2)
     LUT3:I1->O            2   0.203   0.616  numarare_21 (numarare_2)
     OBUF:I->O                 2.571          cout_3_OBUF (cout<3>)
    ----------------------------------------
    Total                      4.593ns (3.221ns logic, 1.372ns route)
                                       (70.1% logic, 29.9% route)

=========================================================================
Timing constraint: Default OFFSET OUT AFTER for Clock 'load_nr_IN[4]_AND_10_o'
  Total number of paths / destination ports: 1 / 1
-------------------------------------------------------------------------
Offset:              4.736ns (Levels of Logic = 2)
  Source:            numarare_3_LDC (LATCH)
  Destination:       cout<4> (PAD)
  Source Clock:      load_nr_IN[4]_AND_10_o falling

  Data Path: numarare_3_LDC to cout<4>
                                Gate     Net
    Cell:in->out      fanout   Delay   Delay  Logical Name (Net Name)
    ----------------------------------------  ------------
     LDC:G->Q              2   0.498   0.845  numarare_3_LDC (numarare_3_LDC)
     LUT3:I0->O            2   0.205   0.616  numarare_31 (numarare_3)
     OBUF:I->O                 2.571          cout_4_OBUF (cout<4>)
    ----------------------------------------
    Total                      4.736ns (3.274ns logic, 1.462ns route)
                                       (69.1% logic, 30.9% route)

=========================================================================
Timing constraint: Default OFFSET OUT AFTER for Clock 'load_nr_IN[3]_AND_12_o'
  Total number of paths / destination ports: 1 / 1
-------------------------------------------------------------------------
Offset:              4.770ns (Levels of Logic = 2)
  Source:            numarare_2_LDC (LATCH)
  Destination:       cout<3> (PAD)
  Source Clock:      load_nr_IN[3]_AND_12_o falling

  Data Path: numarare_2_LDC to cout<3>
                                Gate     Net
    Cell:in->out      fanout   Delay   Delay  Logical Name (Net Name)
    ----------------------------------------  ------------
     LDC:G->Q              3   0.498   0.879  numarare_2_LDC (numarare_2_LDC)
     LUT3:I0->O            2   0.205   0.616  numarare_21 (numarare_2)
     OBUF:I->O                 2.571          cout_3_OBUF (cout<3>)
    ----------------------------------------
    Total                      4.770ns (3.274ns logic, 1.496ns route)
                                       (68.6% logic, 31.4% route)

=========================================================================
Timing constraint: Default OFFSET OUT AFTER for Clock 'load_nr_IN[2]_AND_14_o'
  Total number of paths / destination ports: 1 / 1
-------------------------------------------------------------------------
Offset:              4.736ns (Levels of Logic = 2)
  Source:            numarare_1_LDC (LATCH)
  Destination:       cout<2> (PAD)
  Source Clock:      load_nr_IN[2]_AND_14_o falling

  Data Path: numarare_1_LDC to cout<2>
                                Gate     Net
    Cell:in->out      fanout   Delay   Delay  Logical Name (Net Name)
    ----------------------------------------  ------------
     LDC:G->Q              2   0.498   0.845  numarare_1_LDC (numarare_1_LDC)
     LUT3:I0->O            2   0.205   0.616  numarare_11 (numarare_1)
     OBUF:I->O                 2.571          cout_2_OBUF (cout<2>)
    ----------------------------------------
    Total                      4.736ns (3.274ns logic, 1.462ns route)
                                       (69.1% logic, 30.9% route)

=========================================================================
Timing constraint: Default OFFSET OUT AFTER for Clock 'load_nr_IN[1]_AND_16_o'
  Total number of paths / destination ports: 1 / 1
-------------------------------------------------------------------------
Offset:              4.736ns (Levels of Logic = 2)
  Source:            numarare_0_LDC (LATCH)
  Destination:       cout<1> (PAD)
  Source Clock:      load_nr_IN[1]_AND_16_o falling

  Data Path: numarare_0_LDC to cout<1>
                                Gate     Net
    Cell:in->out      fanout   Delay   Delay  Logical Name (Net Name)
    ----------------------------------------  ------------
     LDC:G->Q              2   0.498   0.845  numarare_0_LDC (numarare_0_LDC)
     LUT3:I0->O            2   0.205   0.616  numarare_01 (numarare_0)
     OBUF:I->O                 2.571          cout_1_OBUF (cout<1>)
    ----------------------------------------
    Total                      4.736ns (3.274ns logic, 1.462ns route)
                                       (69.1% logic, 30.9% route)

=========================================================================

Cross Clock Domains Report:
--------------------------

Clock to Setup on destination clock A1/var_CLK_0
----------------------+---------+---------+---------+---------+
                      | Src:Rise| Src:Fall| Src:Rise| Src:Fall|
Source Clock          |Dest:Rise|Dest:Rise|Dest:Fall|Dest:Fall|
----------------------+---------+---------+---------+---------+
A1/var_CLK_0          |    2.329|         |         |         |
load_nr_IN[1]_AND_16_o|         |    2.472|         |         |
load_nr_IN[2]_AND_14_o|         |    2.472|         |         |
load_nr_IN[3]_AND_12_o|         |    2.507|         |         |
load_nr_IN[4]_AND_10_o|         |    2.472|         |         |
load_nr_IN[5]_AND_8_o |         |    1.949|         |         |
----------------------+---------+---------+---------+---------+

Clock to Setup on destination clock clk
---------------+---------+---------+---------+---------+
               | Src:Rise| Src:Fall| Src:Rise| Src:Fall|
Source Clock   |Dest:Rise|Dest:Rise|Dest:Fall|Dest:Fall|
---------------+---------+---------+---------+---------+
clk            |    2.161|         |         |         |
---------------+---------+---------+---------+---------+

=========================================================================


Total REAL time to Xst completion: 6.00 secs
Total CPU time to Xst completion: 5.81 secs
 
--> 

Total memory usage is 235868 kilobytes

Number of errors   :    0 (   0 filtered)
Number of warnings :    1 (   0 filtered)
Number of infos    :    1 (   0 filtered)

